../Core/Src/vl53l0x_stm32.c:24:10:millis	8	static
../Core/Src/vl53l0x_stm32.c:28:6:writeReg	32	static
../Core/Src/vl53l0x_stm32.c:36:6:writeReg16Bit	32	static
../Core/Src/vl53l0x_stm32.c:45:6:writeReg32Bit	32	static
../Core/Src/vl53l0x_stm32.c:55:9:readReg	32	static
../Core/Src/vl53l0x_stm32.c:63:10:readReg16Bit	32	static
../Core/Src/vl53l0x_stm32.c:71:10:readReg32Bit	32	static
../Core/Src/vl53l0x_stm32.c:80:6:writeMulti	64	dynamic
../Core/Src/vl53l0x_stm32.c:91:6:readMulti	24	static
../Core/Src/vl53l0x_stm32.c:97:6:setAddress	16	static
../Core/Src/vl53l0x_stm32.c:103:6:init	32	static
../Core/Src/vl53l0x_stm32.c:255:6:setSignalRateLimit	16	static
../Core/Src/vl53l0x_stm32.c:262:7:getSignalRateLimit	8	static
../Core/Src/vl53l0x_stm32.c:267:6:setMeasurementTimingBudget	80	static
../Core/Src/vl53l0x_stm32.c:335:10:getMeasurementTimingBudget	56	static
../Core/Src/vl53l0x_stm32.c:381:6:setVcselPulsePeriod	56	static
../Core/Src/vl53l0x_stm32.c:496:9:getVcselPulsePeriod	16	static
../Core/Src/vl53l0x_stm32.c:509:6:startContinuous	24	static
../Core/Src/vl53l0x_stm32.c:537:6:stopContinuous	8	static
../Core/Src/vl53l0x_stm32.c:547:10:readRangeContinuousMillimeters	16	static
../Core/Src/vl53l0x_stm32.c:565:10:readRangeSingleMillimeters	8	static
../Core/Src/vl53l0x_stm32.c:590:6:timeoutOccurred	16	static
../Core/Src/vl53l0x_stm32.c:597:6:getSpadInfo	24	static
../Core/Src/vl53l0x_stm32.c:635:6:getSequenceStepEnables	24	static
../Core/Src/vl53l0x_stm32.c:646:6:getSequenceStepTimeouts	16	static
../Core/Src/vl53l0x_stm32.c:676:10:decodeTimeout	16	static
../Core/Src/vl53l0x_stm32.c:682:10:encodeTimeout	24	static
../Core/Src/vl53l0x_stm32.c:702:10:timeoutMclksToMicroseconds	24	static
../Core/Src/vl53l0x_stm32.c:708:10:timeoutMicrosecondsToMclks	24	static
../Core/Src/vl53l0x_stm32.c:714:6:performSingleRefCalibration	16	static
../Core/Src/vl53l0x_stm32.c:731:9:getAddress	4	static
../Core/Src/vl53l0x_stm32.c:736:6:setTimeout	16	static
../Core/Src/vl53l0x_stm32.c:741:10:getTimeout	4	static
