08:17:28 **** Incremental Build of configuration Debug for project chuni_st ****
make -j16 all 
arm-none-eabi-gcc "../Core/Src/sensor_detection.c" -mcpu=cortex-m4 -std=gnu11 -g3 -DDEBUG -DUSE_HAL_DRIVER -DSTM32F411xE -c -I../Core/Inc -I../Drivers/STM32F4xx_HAL_Driver/Inc -I../Drivers/STM32F4xx_HAL_Driver/Inc/Legacy -I../Drivers/CMSIS/Device/ST/STM32F4xx/Include -I../Drivers/CMSIS/Include -I../USB_DEVICE/App -I../USB_DEVICE/Target -I../Middlewares/ST/STM32_USB_Device_Library/Core/Inc -I../Middlewares/ST/STM32_USB_Device_Library/Class/CustomHID/Inc -O0 -ffunction-sections -fdata-sections -Wall -fstack-usage -fcyclomatic-complexity -MMD -MP -MF"Core/Src/sensor_detection.d" -MT"Core/Src/sensor_detection.o" --specs=nano.specs -mfpu=fpv4-sp-d16 -mfloat-abi=hard -mthumb -o "Core/Src/sensor_detection.o"
arm-none-eabi-gcc -o "chuni_st.elf" @"objects.list"   -mcpu=cortex-m4 -T"G:\ST\workspace\try1\STM32F411CEUX_FLASH.ld" --specs=nosys.specs -Wl,-Map="chuni_st.map" -Wl,--gc-sections -static --specs=nano.specs -mfpu=fpv4-sp-d16 -mfloat-abi=hard -mthumb -Wl,--start-group -lc -lm -Wl,--end-group
Finished building target: chuni_st.elf
 
arm-none-eabi-size  chuni_st.elf 
arm-none-eabi-objdump -h -S chuni_st.elf  > "chuni_st.list"
   text	   data	    bss	    dec	    hex	filename
  42368	    316	   6416	  49100	   bfcc	chuni_st.elf
Finished building: default.size.stdout
 
Finished building: chuni_st.list
 
