18:25:01 **** Incremental Build of configuration Debug for project MPR_GP2Y ****
make -j16 all 
arm-none-eabi-gcc "../Core/Src/gp2y.c" -mcpu=cortex-m4 -std=gnu11 -g3 -DDEBUG -DUSE_HAL_DRIVER -DSTM32F411xE -c -I../Core/Inc -I../Drivers/STM32F4xx_HAL_Driver/Inc -I../Drivers/STM32F4xx_HAL_Driver/Inc/Legacy -I../Drivers/CMSIS/Device/ST/STM32F4xx/Include -I../Drivers/CMSIS/Include -I../USB_DEVICE/App -I../USB_DEVICE/Target -I../Middlewares/ST/STM32_USB_Device_Library/Core/Inc -I../Middlewares/ST/STM32_USB_Device_Library/Class/CustomHID/Inc -O0 -ffunction-sections -fdata-sections -Wall -fstack-usage -fcyclomatic-complexity -MMD -MP -MF"Core/Src/gp2y.d" -MT"Core/Src/gp2y.o" --specs=nano.specs -mfpu=fpv4-sp-d16 -mfloat-abi=hard -mthumb -o "Core/Src/gp2y.o"
arm-none-eabi-gcc -o "MPR_GP2Y.elf" @"objects.list"   -mcpu=cortex-m4 -T"G:\Tor\Chuni-Scuffed\Luminas\stm32\MPR_GP2Y\STM32F411CEUX_FLASH.ld" --specs=nosys.specs -Wl,-Map="MPR_GP2Y.map" -Wl,--gc-sections -static --specs=nano.specs -mfpu=fpv4-sp-d16 -mfloat-abi=hard -mthumb -Wl,--start-group -lc -lm -Wl,--end-group
Finished building target: MPR_GP2Y.elf
 
arm-none-eabi-size  MPR_GP2Y.elf 
arm-none-eabi-objdump -h -S MPR_GP2Y.elf  > "MPR_GP2Y.list"
   text	   data	    bss	    dec	    hex	filename
  39856	    272	   4560	  44688	   ae90	MPR_GP2Y.elf
Finished building: default.size.stdout
 
Finished building: MPR_GP2Y.list
 
18:25:07 **** Incremental Build of configuration Debug for project MPR_GP2Y ****
make -j16 all 
arm-none-eabi-size  MPR_GP2Y.elf 
   text	   data	    bss	    dec	    hex	filename
  39856	    272	   4560	  44688	   ae90	MPR_GP2Y.elf
Finished building: default.size.stdout
 
18:26:06 **** Incremental Build of configuration Debug for project MPR_GP2Y ****
make -j16 all 
arm-none-eabi-size  MPR_GP2Y.elf 
   text	   data	    bss	    dec	    hex	filename
  39856	    272	   4560	  44688	   ae90	MPR_GP2Y.elf
Finished building: default.size.stdout
 
18:26:40 **** Incremental Build of configuration Debug for project MPR_GP2Y ****
make -j16 all 
arm-none-eabi-size  MPR_GP2Y.elf 
   text	   data	    bss	    dec	    hex	filename
  39856	    272	   4560	  44688	   ae90	MPR_GP2Y.elf
Finished building: default.size.stdout
 
18:29:21 **** Incremental Build of configuration Debug for project MPR_GP2Y ****
make -j16 all 
arm-none-eabi-gcc "../Core/Src/gp2y.c" -mcpu=cortex-m4 -std=gnu11 -g3 -DDEBUG -DUSE_HAL_DRIVER -DSTM32F411xE -c -I../Core/Inc -I../Drivers/STM32F4xx_HAL_Driver/Inc -I../Drivers/STM32F4xx_HAL_Driver/Inc/Legacy -I../Drivers/CMSIS/Device/ST/STM32F4xx/Include -I../Drivers/CMSIS/Include -I../USB_DEVICE/App -I../USB_DEVICE/Target -I../Middlewares/ST/STM32_USB_Device_Library/Core/Inc -I../Middlewares/ST/STM32_USB_Device_Library/Class/CustomHID/Inc -O0 -ffunction-sections -fdata-sections -Wall -fstack-usage -fcyclomatic-complexity -MMD -MP -MF"Core/Src/gp2y.d" -MT"Core/Src/gp2y.o" --specs=nano.specs -mfpu=fpv4-sp-d16 -mfloat-abi=hard -mthumb -o "Core/Src/gp2y.o"
arm-none-eabi-gcc -o "MPR_GP2Y.elf" @"objects.list"   -mcpu=cortex-m4 -T"G:\Tor\Chuni-Scuffed\Luminas\stm32\MPR_GP2Y\STM32F411CEUX_FLASH.ld" --specs=nosys.specs -Wl,-Map="MPR_GP2Y.map" -Wl,--gc-sections -static --specs=nano.specs -mfpu=fpv4-sp-d16 -mfloat-abi=hard -mthumb -Wl,--start-group -lc -lm -Wl,--end-group
Finished building target: MPR_GP2Y.elf
 
arm-none-eabi-size  MPR_GP2Y.elf 
arm-none-eabi-objdump -h -S MPR_GP2Y.elf  > "MPR_GP2Y.list"
   text	   data	    bss	    dec	    hex	filename
  39864	    272	   4560	  44696	   ae98	MPR_GP2Y.elf
Finished building: default.size.stdout
 
Finished building: MPR_GP2Y.list
 
20:35:35 **** Incremental Build of configuration Debug for project MPR_GP2Y ****
make -j16 all 
arm-none-eabi-gcc "../Core/Src/gp2y.c" -mcpu=cortex-m4 -std=gnu11 -g3 -DDEBUG -DUSE_HAL_DRIVER -DSTM32F411xE -c -I../Core/Inc -I../Drivers/STM32F4xx_HAL_Driver/Inc -I../Drivers/STM32F4xx_HAL_Driver/Inc/Legacy -I../Drivers/CMSIS/Device/ST/STM32F4xx/Include -I../Drivers/CMSIS/Include -I../USB_DEVICE/App -I../USB_DEVICE/Target -I../Middlewares/ST/STM32_USB_Device_Library/Core/Inc -I../Middlewares/ST/STM32_USB_Device_Library/Class/CustomHID/Inc -O0 -ffunction-sections -fdata-sections -Wall -fstack-usage -fcyclomatic-complexity -MMD -MP -MF"Core/Src/gp2y.d" -MT"Core/Src/gp2y.o" --specs=nano.specs -mfpu=fpv4-sp-d16 -mfloat-abi=hard -mthumb -o "Core/Src/gp2y.o"
arm-none-eabi-gcc -o "MPR_GP2Y.elf" @"objects.list"   -mcpu=cortex-m4 -T"G:\Tor\Chuni-Scuffed\Luminas\stm32\MPR_GP2Y\STM32F411CEUX_FLASH.ld" --specs=nosys.specs -Wl,-Map="MPR_GP2Y.map" -Wl,--gc-sections -static --specs=nano.specs -mfpu=fpv4-sp-d16 -mfloat-abi=hard -mthumb -Wl,--start-group -lc -lm -Wl,--end-group
Finished building target: MPR_GP2Y.elf
 
arm-none-eabi-size  MPR_GP2Y.elf 
arm-none-eabi-objdump -h -S MPR_GP2Y.elf  > "MPR_GP2Y.list"
   text	   data	    bss	    dec	    hex	filename
  39856	    272	   4560	  44688	   ae90	MPR_GP2Y.elf
Finished building: default.size.stdout
 
Finished building: MPR_GP2Y.list
 
05:51:28 **** Incremental Build of configuration Debug for project MPR_GP2Y ****
make -j16 all 
arm-none-eabi-gcc "../Core/Src/mpr121_handler.c" -mcpu=cortex-m4 -std=gnu11 -g3 -DDEBUG -DUSE_HAL_DRIVER -DSTM32F411xE -c -I../Core/Inc -I../Drivers/STM32F4xx_HAL_Driver/Inc -I../Drivers/STM32F4xx_HAL_Driver/Inc/Legacy -I../Drivers/CMSIS/Device/ST/STM32F4xx/Include -I../Drivers/CMSIS/Include -I../USB_DEVICE/App -I../USB_DEVICE/Target -I../Middlewares/ST/STM32_USB_Device_Library/Core/Inc -I../Middlewares/ST/STM32_USB_Device_Library/Class/CustomHID/Inc -O0 -ffunction-sections -fdata-sections -Wall -fstack-usage -fcyclomatic-complexity -MMD -MP -MF"Core/Src/mpr121_handler.d" -MT"Core/Src/mpr121_handler.o" --specs=nano.specs -mfpu=fpv4-sp-d16 -mfloat-abi=hard -mthumb -o "Core/Src/mpr121_handler.o"
arm-none-eabi-gcc -o "MPR_GP2Y.elf" @"objects.list"   -mcpu=cortex-m4 -T"G:\Tor\Chuni-Scuffed\Luminas\stm32\MPR_GP2Y\STM32F411CEUX_FLASH.ld" --specs=nosys.specs -Wl,-Map="MPR_GP2Y.map" -Wl,--gc-sections -static --specs=nano.specs -mfpu=fpv4-sp-d16 -mfloat-abi=hard -mthumb -Wl,--start-group -lc -lm -Wl,--end-group
Finished building target: MPR_GP2Y.elf
 
arm-none-eabi-size  MPR_GP2Y.elf 
   text	   data	    bss	    dec	    hex	filename
  39856	    272	   4560	  44688	   ae90	MPR_GP2Y.elf
Finished building: default.size.stdout
 
06:00:22 **** Incremental Build of configuration Debug for project MPR_GP2Y ****
make -j16 all 
arm-none-eabi-gcc "../Core/Src/mpr121_handler.c" -mcpu=cortex-m4 -std=gnu11 -g3 -DDEBUG -DUSE_HAL_DRIVER -DSTM32F411xE -c -I../Core/Inc -I../Drivers/STM32F4xx_HAL_Driver/Inc -I../Drivers/STM32F4xx_HAL_Driver/Inc/Legacy -I../Drivers/CMSIS/Device/ST/STM32F4xx/Include -I../Drivers/CMSIS/Include -I../USB_DEVICE/App -I../USB_DEVICE/Target -I../Middlewares/ST/STM32_USB_Device_Library/Core/Inc -I../Middlewares/ST/STM32_USB_Device_Library/Class/CustomHID/Inc -O0 -ffunction-sections -fdata-sections -Wall -fstack-usage -fcyclomatic-complexity -MMD -MP -MF"Core/Src/mpr121_handler.d" -MT"Core/Src/mpr121_handler.o" --specs=nano.specs -mfpu=fpv4-sp-d16 -mfloat-abi=hard -mthumb -o "Core/Src/mpr121_handler.o"
arm-none-eabi-gcc -o "MPR_GP2Y.elf" @"objects.list"   -mcpu=cortex-m4 -T"G:\Tor\Chuni-Scuffed\Luminas\stm32\MPR_GP2Y\STM32F411CEUX_FLASH.ld" --specs=nosys.specs -Wl,-Map="MPR_GP2Y.map" -Wl,--gc-sections -static --specs=nano.specs -mfpu=fpv4-sp-d16 -mfloat-abi=hard -mthumb -Wl,--start-group -lc -lm -Wl,--end-group
Finished building target: MPR_GP2Y.elf
 
arm-none-eabi-size  MPR_GP2Y.elf 
   text	   data	    bss	    dec	    hex	filename
  39856	    272	   4560	  44688	   ae90	MPR_GP2Y.elf
Finished building: default.size.stdout
 
06:02:14 **** Incremental Build of configuration Debug for project MPR_GP2Y ****
make -j16 all 
arm-none-eabi-gcc "../Core/Src/mpr121_handler.c" -mcpu=cortex-m4 -std=gnu11 -g3 -DDEBUG -DUSE_HAL_DRIVER -DSTM32F411xE -c -I../Core/Inc -I../Drivers/STM32F4xx_HAL_Driver/Inc -I../Drivers/STM32F4xx_HAL_Driver/Inc/Legacy -I../Drivers/CMSIS/Device/ST/STM32F4xx/Include -I../Drivers/CMSIS/Include -I../USB_DEVICE/App -I../USB_DEVICE/Target -I../Middlewares/ST/STM32_USB_Device_Library/Core/Inc -I../Middlewares/ST/STM32_USB_Device_Library/Class/CustomHID/Inc -O0 -ffunction-sections -fdata-sections -Wall -fstack-usage -fcyclomatic-complexity -MMD -MP -MF"Core/Src/mpr121_handler.d" -MT"Core/Src/mpr121_handler.o" --specs=nano.specs -mfpu=fpv4-sp-d16 -mfloat-abi=hard -mthumb -o "Core/Src/mpr121_handler.o"
arm-none-eabi-gcc -o "MPR_GP2Y.elf" @"objects.list"   -mcpu=cortex-m4 -T"G:\Tor\Chuni-Scuffed\Luminas\stm32\MPR_GP2Y\STM32F411CEUX_FLASH.ld" --specs=nosys.specs -Wl,-Map="MPR_GP2Y.map" -Wl,--gc-sections -static --specs=nano.specs -mfpu=fpv4-sp-d16 -mfloat-abi=hard -mthumb -Wl,--start-group -lc -lm -Wl,--end-group
Finished building target: MPR_GP2Y.elf
 
arm-none-eabi-size  MPR_GP2Y.elf 
   text	   data	    bss	    dec	    hex	filename
  39856	    272	   4560	  44688	   ae90	MPR_GP2Y.elf
Finished building: default.size.stdout
 
06:12:47 **** Incremental Build of configuration Debug for project MPR_GP2Y ****
make -j16 all 
arm-none-eabi-gcc "../Core/Src/mpr121_handler.c" -mcpu=cortex-m4 -std=gnu11 -g3 -DDEBUG -DUSE_HAL_DRIVER -DSTM32F411xE -c -I../Core/Inc -I../Drivers/STM32F4xx_HAL_Driver/Inc -I../Drivers/STM32F4xx_HAL_Driver/Inc/Legacy -I../Drivers/CMSIS/Device/ST/STM32F4xx/Include -I../Drivers/CMSIS/Include -I../USB_DEVICE/App -I../USB_DEVICE/Target -I../Middlewares/ST/STM32_USB_Device_Library/Core/Inc -I../Middlewares/ST/STM32_USB_Device_Library/Class/CustomHID/Inc -O0 -ffunction-sections -fdata-sections -Wall -fstack-usage -fcyclomatic-complexity -MMD -MP -MF"Core/Src/mpr121_handler.d" -MT"Core/Src/mpr121_handler.o" --specs=nano.specs -mfpu=fpv4-sp-d16 -mfloat-abi=hard -mthumb -o "Core/Src/mpr121_handler.o"
arm-none-eabi-gcc -o "MPR_GP2Y.elf" @"objects.list"   -mcpu=cortex-m4 -T"G:\Tor\Chuni-Scuffed\Luminas\stm32\MPR_GP2Y\STM32F411CEUX_FLASH.ld" --specs=nosys.specs -Wl,-Map="MPR_GP2Y.map" -Wl,--gc-sections -static --specs=nano.specs -mfpu=fpv4-sp-d16 -mfloat-abi=hard -mthumb -Wl,--start-group -lc -lm -Wl,--end-group
Finished building target: MPR_GP2Y.elf
 
arm-none-eabi-size  MPR_GP2Y.elf 
   text	   data	    bss	    dec	    hex	filename
  39856	    272	   4560	  44688	   ae90	MPR_GP2Y.elf
Finished building: default.size.stdout
 
06:18:31 **** Incremental Build of configuration Debug for project MPR_GP2Y ****
make -j16 all 
arm-none-eabi-gcc "../Core/Src/mpr121_handler.c" -mcpu=cortex-m4 -std=gnu11 -g3 -DDEBUG -DUSE_HAL_DRIVER -DSTM32F411xE -c -I../Core/Inc -I../Drivers/STM32F4xx_HAL_Driver/Inc -I../Drivers/STM32F4xx_HAL_Driver/Inc/Legacy -I../Drivers/CMSIS/Device/ST/STM32F4xx/Include -I../Drivers/CMSIS/Include -I../USB_DEVICE/App -I../USB_DEVICE/Target -I../Middlewares/ST/STM32_USB_Device_Library/Core/Inc -I../Middlewares/ST/STM32_USB_Device_Library/Class/CustomHID/Inc -O0 -ffunction-sections -fdata-sections -Wall -fstack-usage -fcyclomatic-complexity -MMD -MP -MF"Core/Src/mpr121_handler.d" -MT"Core/Src/mpr121_handler.o" --specs=nano.specs -mfpu=fpv4-sp-d16 -mfloat-abi=hard -mthumb -o "Core/Src/mpr121_handler.o"
arm-none-eabi-gcc -o "MPR_GP2Y.elf" @"objects.list"   -mcpu=cortex-m4 -T"G:\Tor\Chuni-Scuffed\Luminas\stm32\MPR_GP2Y\STM32F411CEUX_FLASH.ld" --specs=nosys.specs -Wl,-Map="MPR_GP2Y.map" -Wl,--gc-sections -static --specs=nano.specs -mfpu=fpv4-sp-d16 -mfloat-abi=hard -mthumb -Wl,--start-group -lc -lm -Wl,--end-group
Finished building target: MPR_GP2Y.elf
 
arm-none-eabi-size  MPR_GP2Y.elf 
   text	   data	    bss	    dec	    hex	filename
  39856	    272	   4560	  44688	   ae90	MPR_GP2Y.elf
Finished building: default.size.stdout
 
06:35:06 **** Incremental Build of configuration Debug for project MPR_GP2Y ****
make -j16 all 
arm-none-eabi-gcc "../Core/Src/mpr121_handler.c" -mcpu=cortex-m4 -std=gnu11 -g3 -DDEBUG -DUSE_HAL_DRIVER -DSTM32F411xE -c -I../Core/Inc -I../Drivers/STM32F4xx_HAL_Driver/Inc -I../Drivers/STM32F4xx_HAL_Driver/Inc/Legacy -I../Drivers/CMSIS/Device/ST/STM32F4xx/Include -I../Drivers/CMSIS/Include -I../USB_DEVICE/App -I../USB_DEVICE/Target -I../Middlewares/ST/STM32_USB_Device_Library/Core/Inc -I../Middlewares/ST/STM32_USB_Device_Library/Class/CustomHID/Inc -O0 -ffunction-sections -fdata-sections -Wall -fstack-usage -fcyclomatic-complexity -MMD -MP -MF"Core/Src/mpr121_handler.d" -MT"Core/Src/mpr121_handler.o" --specs=nano.specs -mfpu=fpv4-sp-d16 -mfloat-abi=hard -mthumb -o "Core/Src/mpr121_handler.o"
arm-none-eabi-gcc -o "MPR_GP2Y.elf" @"objects.list"   -mcpu=cortex-m4 -T"G:\Tor\Chuni-Scuffed\Luminas\stm32\MPR_GP2Y\STM32F411CEUX_FLASH.ld" --specs=nosys.specs -Wl,-Map="MPR_GP2Y.map" -Wl,--gc-sections -static --specs=nano.specs -mfpu=fpv4-sp-d16 -mfloat-abi=hard -mthumb -Wl,--start-group -lc -lm -Wl,--end-group
Finished building target: MPR_GP2Y.elf
 
arm-none-eabi-size  MPR_GP2Y.elf 
   text	   data	    bss	    dec	    hex	filename
  39856	    272	   4560	  44688	   ae90	MPR_GP2Y.elf
Finished building: default.size.stdout
 
06:37:40 **** Incremental Build of configuration Debug for project MPR_GP2Y ****
make -j16 all 
arm-none-eabi-gcc "../Core/Src/mpr121_handler.c" -mcpu=cortex-m4 -std=gnu11 -g3 -DDEBUG -DUSE_HAL_DRIVER -DSTM32F411xE -c -I../Core/Inc -I../Drivers/STM32F4xx_HAL_Driver/Inc -I../Drivers/STM32F4xx_HAL_Driver/Inc/Legacy -I../Drivers/CMSIS/Device/ST/STM32F4xx/Include -I../Drivers/CMSIS/Include -I../USB_DEVICE/App -I../USB_DEVICE/Target -I../Middlewares/ST/STM32_USB_Device_Library/Core/Inc -I../Middlewares/ST/STM32_USB_Device_Library/Class/CustomHID/Inc -O0 -ffunction-sections -fdata-sections -Wall -fstack-usage -fcyclomatic-complexity -MMD -MP -MF"Core/Src/mpr121_handler.d" -MT"Core/Src/mpr121_handler.o" --specs=nano.specs -mfpu=fpv4-sp-d16 -mfloat-abi=hard -mthumb -o "Core/Src/mpr121_handler.o"
arm-none-eabi-gcc -o "MPR_GP2Y.elf" @"objects.list"   -mcpu=cortex-m4 -T"G:\Tor\Chuni-Scuffed\Luminas\stm32\MPR_GP2Y\STM32F411CEUX_FLASH.ld" --specs=nosys.specs -Wl,-Map="MPR_GP2Y.map" -Wl,--gc-sections -static --specs=nano.specs -mfpu=fpv4-sp-d16 -mfloat-abi=hard -mthumb -Wl,--start-group -lc -lm -Wl,--end-group
Finished building target: MPR_GP2Y.elf
 
arm-none-eabi-size  MPR_GP2Y.elf 
   text	   data	    bss	    dec	    hex	filename
  39856	    272	   4560	  44688	   ae90	MPR_GP2Y.elf
Finished building: default.size.stdout
 
06:47:52 **** Incremental Build of configuration Debug for project MPR_GP2Y ****
make -j16 all 
arm-none-eabi-gcc "../Core/Src/gp2y.c" -mcpu=cortex-m4 -std=gnu11 -g3 -DDEBUG -DUSE_HAL_DRIVER -DSTM32F411xE -c -I../Core/Inc -I../Drivers/STM32F4xx_HAL_Driver/Inc -I../Drivers/STM32F4xx_HAL_Driver/Inc/Legacy -I../Drivers/CMSIS/Device/ST/STM32F4xx/Include -I../Drivers/CMSIS/Include -I../USB_DEVICE/App -I../USB_DEVICE/Target -I../Middlewares/ST/STM32_USB_Device_Library/Core/Inc -I../Middlewares/ST/STM32_USB_Device_Library/Class/CustomHID/Inc -O0 -ffunction-sections -fdata-sections -Wall -fstack-usage -fcyclomatic-complexity -MMD -MP -MF"Core/Src/gp2y.d" -MT"Core/Src/gp2y.o" --specs=nano.specs -mfpu=fpv4-sp-d16 -mfloat-abi=hard -mthumb -o "Core/Src/gp2y.o"
arm-none-eabi-gcc "../Core/Src/mpr121_handler.c" -mcpu=cortex-m4 -std=gnu11 -g3 -DDEBUG -DUSE_HAL_DRIVER -DSTM32F411xE -c -I../Core/Inc -I../Drivers/STM32F4xx_HAL_Driver/Inc -I../Drivers/STM32F4xx_HAL_Driver/Inc/Legacy -I../Drivers/CMSIS/Device/ST/STM32F4xx/Include -I../Drivers/CMSIS/Include -I../USB_DEVICE/App -I../USB_DEVICE/Target -I../Middlewares/ST/STM32_USB_Device_Library/Core/Inc -I../Middlewares/ST/STM32_USB_Device_Library/Class/CustomHID/Inc -O0 -ffunction-sections -fdata-sections -Wall -fstack-usage -fcyclomatic-complexity -MMD -MP -MF"Core/Src/mpr121_handler.d" -MT"Core/Src/mpr121_handler.o" --specs=nano.specs -mfpu=fpv4-sp-d16 -mfloat-abi=hard -mthumb -o "Core/Src/mpr121_handler.o"
arm-none-eabi-gcc -o "MPR_GP2Y.elf" @"objects.list"   -mcpu=cortex-m4 -T"G:\Tor\Chuni-Scuffed\Luminas\stm32\MPR_GP2Y\STM32F411CEUX_FLASH.ld" --specs=nosys.specs -Wl,-Map="MPR_GP2Y.map" -Wl,--gc-sections -static --specs=nano.specs -mfpu=fpv4-sp-d16 -mfloat-abi=hard -mthumb -Wl,--start-group -lc -lm -Wl,--end-group
Finished building target: MPR_GP2Y.elf
 
arm-none-eabi-size  MPR_GP2Y.elf 
   text	   data	    bss	    dec	    hex	filename
  39904	    272	   4560	  44736	   aec0	MPR_GP2Y.elf
Finished building: default.size.stdout
 
07:24:41 **** Incremental Build of configuration Debug for project MPR_GP2Y ****
make -j16 all 
arm-none-eabi-gcc "../Core/Src/gp2y.c" -mcpu=cortex-m4 -std=gnu11 -g3 -DDEBUG -DUSE_HAL_DRIVER -DSTM32F411xE -c -I../Core/Inc -I../Drivers/STM32F4xx_HAL_Driver/Inc -I../Drivers/STM32F4xx_HAL_Driver/Inc/Legacy -I../Drivers/CMSIS/Device/ST/STM32F4xx/Include -I../Drivers/CMSIS/Include -I../USB_DEVICE/App -I../USB_DEVICE/Target -I../Middlewares/ST/STM32_USB_Device_Library/Core/Inc -I../Middlewares/ST/STM32_USB_Device_Library/Class/CustomHID/Inc -O0 -ffunction-sections -fdata-sections -Wall -fstack-usage -fcyclomatic-complexity -MMD -MP -MF"Core/Src/gp2y.d" -MT"Core/Src/gp2y.o" --specs=nano.specs -mfpu=fpv4-sp-d16 -mfloat-abi=hard -mthumb -o "Core/Src/gp2y.o"
arm-none-eabi-gcc "../Core/Src/mpr121_handler.c" -mcpu=cortex-m4 -std=gnu11 -g3 -DDEBUG -DUSE_HAL_DRIVER -DSTM32F411xE -c -I../Core/Inc -I../Drivers/STM32F4xx_HAL_Driver/Inc -I../Drivers/STM32F4xx_HAL_Driver/Inc/Legacy -I../Drivers/CMSIS/Device/ST/STM32F4xx/Include -I../Drivers/CMSIS/Include -I../USB_DEVICE/App -I../USB_DEVICE/Target -I../Middlewares/ST/STM32_USB_Device_Library/Core/Inc -I../Middlewares/ST/STM32_USB_Device_Library/Class/CustomHID/Inc -O0 -ffunction-sections -fdata-sections -Wall -fstack-usage -fcyclomatic-complexity -MMD -MP -MF"Core/Src/mpr121_handler.d" -MT"Core/Src/mpr121_handler.o" --specs=nano.specs -mfpu=fpv4-sp-d16 -mfloat-abi=hard -mthumb -o "Core/Src/mpr121_handler.o"
arm-none-eabi-gcc -o "MPR_GP2Y.elf" @"objects.list"   -mcpu=cortex-m4 -T"G:\Tor\Chuni-Scuffed\Luminas\stm32\MPR_GP2Y\STM32F411CEUX_FLASH.ld" --specs=nosys.specs -Wl,-Map="MPR_GP2Y.map" -Wl,--gc-sections -static --specs=nano.specs -mfpu=fpv4-sp-d16 -mfloat-abi=hard -mthumb -Wl,--start-group -lc -lm -Wl,--end-group
Finished building target: MPR_GP2Y.elf
 
arm-none-eabi-size  MPR_GP2Y.elf 
   text	   data	    bss	    dec	    hex	filename
  39864	    272	   4560	  44696	   ae98	MPR_GP2Y.elf
Finished building: default.size.stdout
 
