Archive member included to satisfy reference by file (symbol)

G:/ST/STM32CubeIDE_1.19.0/STM32CubeIDE/plugins/com.st.stm32cube.ide.mcu.externaltools.gnu-tools-for-stm32.13.3.rel1.win32_1.0.0.202411081344/tools/bin/../lib/gcc/arm-none-eabi/13.3.1/../../../../arm-none-eabi/lib/thumb/v7e-m+fp/hard\libc_nano.a(libc_a-exit.o)
                              G:/ST/STM32CubeIDE_1.19.0/STM32CubeIDE/plugins/com.st.stm32cube.ide.mcu.externaltools.gnu-tools-for-stm32.13.3.rel1.win32_1.0.0.202411081344/tools/bin/../lib/gcc/arm-none-eabi/13.3.1/../../../../arm-none-eabi/lib/thumb/v7e-m+fp/hard/crt0.o (exit)
G:/ST/STM32CubeIDE_1.19.0/STM32CubeIDE/plugins/com.st.stm32cube.ide.mcu.externaltools.gnu-tools-for-stm32.13.3.rel1.win32_1.0.0.202411081344/tools/bin/../lib/gcc/arm-none-eabi/13.3.1/../../../../arm-none-eabi/lib/thumb/v7e-m+fp/hard\libc_nano.a(libc_a-findfp.o)
                              G:/ST/STM32CubeIDE_1.19.0/STM32CubeIDE/plugins/com.st.stm32cube.ide.mcu.externaltools.gnu-tools-for-stm32.13.3.rel1.win32_1.0.0.202411081344/tools/bin/../lib/gcc/arm-none-eabi/13.3.1/../../../../arm-none-eabi/lib/thumb/v7e-m+fp/hard\libc_nano.a(libc_a-exit.o) (__stdio_exit_handler)
G:/ST/STM32CubeIDE_1.19.0/STM32CubeIDE/plugins/com.st.stm32cube.ide.mcu.externaltools.gnu-tools-for-stm32.13.3.rel1.win32_1.0.0.202411081344/tools/bin/../lib/gcc/arm-none-eabi/13.3.1/../../../../arm-none-eabi/lib/thumb/v7e-m+fp/hard\libc_nano.a(libc_a-fwalk.o)
                              G:/ST/STM32CubeIDE_1.19.0/STM32CubeIDE/plugins/com.st.stm32cube.ide.mcu.externaltools.gnu-tools-for-stm32.13.3.rel1.win32_1.0.0.202411081344/tools/bin/../lib/gcc/arm-none-eabi/13.3.1/../../../../arm-none-eabi/lib/thumb/v7e-m+fp/hard\libc_nano.a(libc_a-findfp.o) (_fwalk_sglue)
G:/ST/STM32CubeIDE_1.19.0/STM32CubeIDE/plugins/com.st.stm32cube.ide.mcu.externaltools.gnu-tools-for-stm32.13.3.rel1.win32_1.0.0.202411081344/tools/bin/../lib/gcc/arm-none-eabi/13.3.1/../../../../arm-none-eabi/lib/thumb/v7e-m+fp/hard\libc_nano.a(libc_a-stdio.o)
                              G:/ST/STM32CubeIDE_1.19.0/STM32CubeIDE/plugins/com.st.stm32cube.ide.mcu.externaltools.gnu-tools-for-stm32.13.3.rel1.win32_1.0.0.202411081344/tools/bin/../lib/gcc/arm-none-eabi/13.3.1/../../../../arm-none-eabi/lib/thumb/v7e-m+fp/hard\libc_nano.a(libc_a-findfp.o) (__sread)
G:/ST/STM32CubeIDE_1.19.0/STM32CubeIDE/plugins/com.st.stm32cube.ide.mcu.externaltools.gnu-tools-for-stm32.13.3.rel1.win32_1.0.0.202411081344/tools/bin/../lib/gcc/arm-none-eabi/13.3.1/../../../../arm-none-eabi/lib/thumb/v7e-m+fp/hard\libc_nano.a(libc_a-memset.o)
                              G:/ST/STM32CubeIDE_1.19.0/STM32CubeIDE/plugins/com.st.stm32cube.ide.mcu.externaltools.gnu-tools-for-stm32.13.3.rel1.win32_1.0.0.202411081344/tools/bin/../lib/gcc/arm-none-eabi/13.3.1/../../../../arm-none-eabi/lib/thumb/v7e-m+fp/hard/crt0.o (memset)
G:/ST/STM32CubeIDE_1.19.0/STM32CubeIDE/plugins/com.st.stm32cube.ide.mcu.externaltools.gnu-tools-for-stm32.13.3.rel1.win32_1.0.0.202411081344/tools/bin/../lib/gcc/arm-none-eabi/13.3.1/../../../../arm-none-eabi/lib/thumb/v7e-m+fp/hard\libc_nano.a(libc_a-closer.o)
                              G:/ST/STM32CubeIDE_1.19.0/STM32CubeIDE/plugins/com.st.stm32cube.ide.mcu.externaltools.gnu-tools-for-stm32.13.3.rel1.win32_1.0.0.202411081344/tools/bin/../lib/gcc/arm-none-eabi/13.3.1/../../../../arm-none-eabi/lib/thumb/v7e-m+fp/hard\libc_nano.a(libc_a-stdio.o) (_close_r)
G:/ST/STM32CubeIDE_1.19.0/STM32CubeIDE/plugins/com.st.stm32cube.ide.mcu.externaltools.gnu-tools-for-stm32.13.3.rel1.win32_1.0.0.202411081344/tools/bin/../lib/gcc/arm-none-eabi/13.3.1/../../../../arm-none-eabi/lib/thumb/v7e-m+fp/hard\libc_nano.a(libc_a-reent.o)
                              G:/ST/STM32CubeIDE_1.19.0/STM32CubeIDE/plugins/com.st.stm32cube.ide.mcu.externaltools.gnu-tools-for-stm32.13.3.rel1.win32_1.0.0.202411081344/tools/bin/../lib/gcc/arm-none-eabi/13.3.1/../../../../arm-none-eabi/lib/thumb/v7e-m+fp/hard\libc_nano.a(libc_a-closer.o) (errno)
G:/ST/STM32CubeIDE_1.19.0/STM32CubeIDE/plugins/com.st.stm32cube.ide.mcu.externaltools.gnu-tools-for-stm32.13.3.rel1.win32_1.0.0.202411081344/tools/bin/../lib/gcc/arm-none-eabi/13.3.1/../../../../arm-none-eabi/lib/thumb/v7e-m+fp/hard\libc_nano.a(libc_a-impure.o)
                              G:/ST/STM32CubeIDE_1.19.0/STM32CubeIDE/plugins/com.st.stm32cube.ide.mcu.externaltools.gnu-tools-for-stm32.13.3.rel1.win32_1.0.0.202411081344/tools/bin/../lib/gcc/arm-none-eabi/13.3.1/../../../../arm-none-eabi/lib/thumb/v7e-m+fp/hard\libc_nano.a(libc_a-reent.o) (_impure_ptr)
G:/ST/STM32CubeIDE_1.19.0/STM32CubeIDE/plugins/com.st.stm32cube.ide.mcu.externaltools.gnu-tools-for-stm32.13.3.rel1.win32_1.0.0.202411081344/tools/bin/../lib/gcc/arm-none-eabi/13.3.1/../../../../arm-none-eabi/lib/thumb/v7e-m+fp/hard\libc_nano.a(libc_a-lseekr.o)
[...]
Memory Configuration

Name             Origin             Length             Attributes
RAM              0x20000000         0x00020000         xrw
FLASH            0x08000000         0x00080000         xr
*default*        0x00000000         0xffffffff

Linker script and memory map

LOAD G:/ST/STM32CubeIDE_1.19.0/STM32CubeIDE/plugins/com.st.stm32cube.ide.mcu.externaltools.gnu-tools-for-stm32.13.3.rel1.win32_1.0.0.202411081344/tools/bin/../lib/gcc/arm-none-eabi/13.3.1/thumb/v7e-m+fp/hard/crti.o
LOAD G:/ST/STM32CubeIDE_1.19.0/STM32CubeIDE/plugins/com.st.stm32cube.ide.mcu.externaltools.gnu-tools-for-stm32.13.3.rel1.win32_1.0.0.202411081344/tools/bin/../lib/gcc/arm-none-eabi/13.3.1/thumb/v7e-m+fp/hard/crtbegin.o
LOAD G:/ST/STM32CubeIDE_1.19.0/STM32CubeIDE/plugins/com.st.stm32cube.ide.mcu.externaltools.gnu-tools-for-stm32.13.3.rel1.win32_1.0.0.202411081344/tools/bin/../lib/gcc/arm-none-eabi/13.3.1/../../../../arm-none-eabi/lib/thumb/v7e-m+fp/hard/crt0.o
LOAD ./Core/Src/gp2y.o
LOAD ./Core/Src/hid_nkro.o
LOAD ./Core/Src/main.o
LOAD ./Core/Src/mpr121.o
LOAD ./Core/Src/mpr121_handler.o
LOAD ./Core/Src/stm32f4xx_hal_msp.o
LOAD ./Core/Src/stm32f4xx_it.o
LOAD ./Core/Src/syscalls.o
LOAD ./Core/Src/sysmem.o
LOAD ./Core/Src/system_stm32f4xx.o
LOAD ./Core/Startup/startup_stm32f411ceux.o
LOAD ./Drivers/STM32F4xx_HAL_Driver/Src/stm32f4xx_hal.o
LOAD ./Drivers/STM32F4xx_HAL_Driver/Src/stm32f4xx_hal_adc.o
LOAD ./Drivers/STM32F4xx_HAL_Driver/Src/stm32f4xx_hal_adc_ex.o
LOAD ./Drivers/STM32F4xx_HAL_Driver/Src/stm32f4xx_hal_cortex.o
LOAD ./Drivers/STM32F4xx_HAL_Driver/Src/stm32f4xx_hal_dma.o
LOAD ./Drivers/STM32F4xx_HAL_Driver/Src/stm32f4xx_hal_dma_ex.o
LOAD ./Drivers/STM32F4xx_HAL_Driver/Src/stm32f4xx_hal_exti.o
LOAD ./Drivers/STM32F4xx_HAL_Driver/Src/stm32f4xx_hal_flash.o
LOAD ./Drivers/STM32F4xx_HAL_Driver/Src/stm32f4xx_hal_flash_ex.o
LOAD ./Drivers/STM32F4xx_HAL_Driver/Src/stm32f4xx_hal_flash_ramfunc.o
LOAD ./Drivers/STM32F4xx_HAL_Driver/Src/stm32f4xx_hal_gpio.o
LOAD ./Drivers/STM32F4xx_HAL_Driver/Src/stm32f4xx_hal_i2c.o
LOAD ./Drivers/STM32F4xx_HAL_Driver/Src/stm32f4xx_hal_i2c_ex.o
LOAD ./Drivers/STM32F4xx_HAL_Driver/Src/stm32f4xx_hal_pcd.o
LOAD ./Drivers/STM32F4xx_HAL_Driver/Src/stm32f4xx_hal_pcd_ex.o
LOAD ./Drivers/STM32F4xx_HAL_Driver/Src/stm32f4xx_hal_pwr.o
LOAD ./Drivers/STM32F4xx_HAL_Driver/Src/stm32f4xx_hal_pwr_ex.o
LOAD ./Drivers/STM32F4xx_HAL_Driver/Src/stm32f4xx_hal_rcc.o
LOAD ./Drivers/STM32F4xx_HAL_Driver/Src/stm32f4xx_hal_rcc_ex.o
LOAD ./Drivers/STM32F4xx_HAL_Driver/Src/stm32f4xx_ll_adc.o
LOAD ./Drivers/STM32F4xx_HAL_Driver/Src/stm32f4xx_ll_usb.o
LOAD ./Middlewares/ST/STM32_USB_Device_Library/Class/CustomHID/Src/usbd_customhid.o
LOAD ./Middlewares/ST/STM32_USB_Device_Library/Core/Src/usbd_core.o
LOAD ./Middlewares/ST/STM32_USB_Device_Library/Core/Src/usbd_ctlreq.o
LOAD ./Middlewares/ST/STM32_USB_Device_Library/Core/Src/usbd_ioreq.o
LOAD ./USB_DEVICE/App/usb_device.o
LOAD ./USB_DEVICE/App/usbd_custom_hid_if.o
LOAD ./USB_DEVICE/App/usbd_desc.o
LOAD ./USB_DEVICE/Target/usbd_conf.o
START GROUP
LOAD G:/ST/STM32CubeIDE_1.19.0/STM32CubeIDE/plugins/com.st.stm32cube.ide.mcu.externaltools.gnu-tools-for-stm32.13.3.rel1.win32_1.0.0.202411081344/tools/bin/../lib/gcc/arm-none-eabi/13.3.1/../../../../arm-none-eabi/lib/thumb/v7e-m+fp/hard\libc_nano.a
LOAD G:/ST/STM32CubeIDE_1.19.0/STM32CubeIDE/plugins/com.st.stm32cube.ide.mcu.externaltools.gnu-tools-for-stm32.13.3.rel1.win32_1.0.0.202411081344/tools/bin/../lib/gcc/arm-none-eabi/13.3.1/../../../../arm-none-eabi/lib/thumb/v7e-m+fp/hard\libm.a
END GROUP
START GROUP
LOAD G:/ST/STM32CubeIDE_1.19.0/STM32CubeIDE/plugins/com.st.stm32cube.ide.mcu.externaltools.gnu-tools-for-stm32.13.3.rel1.win32_1.0.0.202411081344/tools/bin/../lib/gcc/arm-none-eabi/13.3.1/thumb/v7e-m+fp/hard\libgcc.a
LOAD G:/ST/STM32CubeIDE_1.19.0/STM32CubeIDE/plugins/com.st.stm32cube.ide.mcu.externaltools.gnu-tools-for-stm32.13.3.rel1.win32_1.0.0.202411081344/tools/bin/../lib/gcc/arm-none-eabi/13.3.1/../../../../arm-none-eabi/lib/thumb/v7e-m+fp/hard\libc_nano.a
END GROUP
START GROUP
LOAD G:/ST/STM32CubeIDE_1.19.0/STM32CubeIDE/plugins/com.st.stm32cube.ide.mcu.externaltools.gnu-tools-for-stm32.13.3.rel1.win32_1.0.0.202411081344/tools/bin/../lib/gcc/arm-none-eabi/13.3.1/thumb/v7e-m+fp/hard\libgcc.a
LOAD G:/ST/STM32CubeIDE_1.19.0/STM32CubeIDE/plugins/com.st.stm32cube.ide.mcu.externaltools.gnu-tools-for-stm32.13.3.rel1.win32_1.0.0.202411081344/tools/bin/../lib/gcc/arm-none-eabi/13.3.1/../../../../arm-none-eabi/lib/thumb/v7e-m+fp/hard\libc_nano.a
LOAD G:/ST/STM32CubeIDE_1.19.0/STM32CubeIDE/plugins/com.st.stm32cube.ide.mcu.externaltools.gnu-tools-for-stm32.13.3.rel1.win32_1.0.0.202411081344/tools/bin/../lib/gcc/arm-none-eabi/13.3.1/../../../../arm-none-eabi/lib/thumb/v7e-m+fp/hard\libnosys.a
END GROUP
START GROUP
LOAD G:/ST/STM32CubeIDE_1.19.0/STM32CubeIDE/plugins/com.st.stm32cube.ide.mcu.externaltools.gnu-tools-for-stm32.13.3.rel1.win32_1.0.0.202411081344/tools/bin/../lib/gcc/arm-none-eabi/13.3.1/thumb/v7e-m+fp/hard\libgcc.a
LOAD G:/ST/STM32CubeIDE_1.19.0/STM32CubeIDE/plugins/com.st.stm32cube.ide.mcu.externaltools.gnu-tools-for-stm32.13.3.rel1.win32_1.0.0.202411081344/tools/bin/../lib/gcc/arm-none-eabi/13.3.1/../../../../arm-none-eabi/lib/thumb/v7e-m+fp/hard\libc_nano.a
LOAD G:/ST/STM32CubeIDE_1.19.0/STM32CubeIDE/plugins/com.st.stm32cube.ide.mcu.externaltools.gnu-tools-for-stm32.13.3.rel1.win32_1.0.0.202411081344/tools/bin/../lib/gcc/arm-none-eabi/13.3.1/../../../../arm-none-eabi/lib/thumb/v7e-m+fp/hard\libnosys.a
END GROUP
LOAD G:/ST/STM32CubeIDE_1.19.0/STM32CubeIDE/plugins/com.st.stm32cube.ide.mcu.externaltools.gnu-tools-for-stm32.13.3.rel1.win32_1.0.0.202411081344/tools/bin/../lib/gcc/arm-none-eabi/13.3.1/thumb/v7e-m+fp/hard/crtend.o
LOAD G:/ST/STM32CubeIDE_1.19.0/STM32CubeIDE/plugins/com.st.stm32cube.ide.mcu.externaltools.gnu-tools-for-stm32.13.3.rel1.win32_1.0.0.202411081344/tools/bin/../lib/gcc/arm-none-eabi/13.3.1/thumb/v7e-m+fp/hard/crtn.o
                0x20020000                        _estack = (ORIGIN (RAM) + LENGTH (RAM))
                0x00000200                        _Min_Heap_Size = 0x200
                0x00000400                        _Min_Stack_Size = 0x400

.isr_vector     0x08000000      0x198
                0x08000000                        . = ALIGN (0x4)
 *(.isr_vector)
 .isr_vector    0x08000000      0x198 ./Core/Startup/startup_stm32f411ceux.o
                0x08000000                g_pfnVectors
                0x08000198                        . = ALIGN (0x4)

.text           0x08000198     0x996c
                0x08000198                        . = ALIGN (0x4)
 *(.text)
 .text          0x08000198       0x40 G:/ST/STM32CubeIDE_1.19.0/STM32CubeIDE/plugins/com.st.stm32cube.ide.mcu.externaltools.gnu-tools-for-stm32.13.3.rel1.win32_1.0.0.202411081344/tools/bin/../lib/gcc/arm-none-eabi/13.3.1/thumb/v7e-m+fp/hard/crtbegin.o
 .text          0x080001d8      0x254 G:/ST/STM32CubeIDE_1.19.0/STM32CubeIDE/plugins/com.st.stm32cube.ide.mcu.externaltools.gnu-tools-for-stm32.13.3.rel1.win32_1.0.0.202411081344/tools/bin/../lib/gcc/arm-none-eabi/13.3.1/thumb/v7e-m+fp/hard\libgcc.a(_arm_muldf3.o)
                0x080001d8                __muldf3
                0x080001d8                __aeabi_dmul
 .text          0x0800042c      0x378 G:/ST/STM32CubeIDE_1.19.0/STM32CubeIDE/plugins/com.st.stm32cube.ide.mcu.externaltools.gnu-tools-for-stm32.13.3.rel1.win32_1.0.0.202411081344/tools/bin/../lib/gcc/arm-none-eabi/13.3.1/thumb/v7e-m+fp/hard\libgcc.a(_arm_addsubdf3.o)
                0x0800042c                __aeabi_drsub
                0x08000434                __aeabi_dsub
                0x08000434                __subdf3
                0x08000438                __aeabi_dadd
                0x08000438                __adddf3
                0x080006b0                __floatunsidf
                0x080006b0                __aeabi_ui2d
                0x080006d0                __floatsidf
                0x080006d0                __aeabi_i2d
                0x080006f4                __aeabi_f2d
                0x080006f4                __extendsfdf2
                0x08000738                __floatundidf
                0x08000738                __aeabi_ul2d
                0x08000748                __floatdidf
                0x08000748                __aeabi_l2d
 .text          0x080007a4       0x40 G:/ST/STM32CubeIDE_1.19.0/STM32CubeIDE/plugins/com.st.stm32cube.ide.mcu.externaltools.gnu-tools-for-stm32.13.3.rel1.win32_1.0.0.202411081344/tools/bin/../lib/gcc/arm-none-eabi/13.3.1/thumb/v7e-m+fp/hard\libgcc.a(_arm_fixunsdfsi.o)
                0x080007a4                __aeabi_d2uiz
                0x080007a4                __fixunsdfsi
 .text          0x080007e4       0x30 G:/ST/STM32CubeIDE_1.19.0/STM32CubeIDE/plugins/com.st.stm32cube.ide.mcu.externaltools.gnu-tools-for-stm32.13.3.rel1.win32_1.0.0.202411081344/tools/bin/../lib/gcc/arm-none-eabi/13.3.1/thumb/v7e-m+fp/hard\libgcc.a(_aeabi_uldivmod.o)
                0x080007e4                __aeabi_uldivmod
 .text          0x08000814      0x2f8 G:/ST/STM32CubeIDE_1.19.0/STM32CubeIDE/plugins/com.st.stm32cube.ide.mcu.externaltools.gnu-tools-for-stm32.13.3.rel1.win32_1.0.0.202411081344/tools/bin/../lib/gcc/arm-none-eabi/13.3.1/thumb/v7e-m+fp/hard\libgcc.a(_udivmoddi4.o)
                0x08000814                __udivmoddi4
 .text          0x08000b0c        0x4 G:/ST/STM32CubeIDE_1.19.0/STM32CubeIDE/plugins/com.st.stm32cube.ide.mcu.externaltools.gnu-tools-for-stm32.13.3.rel1.win32_1.0.0.202411081344/tools/bin/../lib/gcc/arm-none-eabi/13.3.1/thumb/v7e-m+fp/hard\libgcc.a(_dvmd_tls.o)
                0x08000b0c                __aeabi_idiv0
                0x08000b0c                __aeabi_ldiv0
 *(.text*)
 .text.mapDistance
                0x08000b10       0xb0 ./Core/Src/gp2y.o
 .text.GP2Y_Init
                0x08000bc0       0x28 ./Core/Src/gp2y.o
                0x08000bc0                GP2Y_Init
 .text.smooth   0x08000be8       0x80 ./Core/Src/gp2y.o
 .text.GP2Y_Process
                0x08000c68       0x84 ./Core/Src/gp2y.o
                0x08000c68                GP2Y_Process
 .text.NKRO_PressKey
                0x08000cec       0x80 ./Core/Src/hid_nkro.o
                0x08000cec                NKRO_PressKey
 .text.NKRO_ReleaseKey
                0x08000d6c       0x84 ./Core/Src/hid_nkro.o
                0x08000d6c                NKRO_ReleaseKey
 .text.NKRO_SendReport
                0x08000df0       0x1c ./Core/Src/hid_nkro.o
                0x08000df0                NKRO_SendReport
 .text.main     0x08000e0c       0x3e ./Core/Src/main.o
                0x08000e0c                main
 *fill*         0x08000e4a        0x2 
 .text.SystemClock_Config
                0x08000e4c       0xd0 ./Core/Src/main.o
                0x08000e4c                SystemClock_Config
 .text.MX_ADC1_Init
                0x08000f1c       0xc0 ./Core/Src/main.o
 .text.MX_I2C1_Init
                0x08000fdc       0x5c ./Core/Src/main.o
 .text.MX_DMA_Init
                0x08001038       0x40 ./Core/Src/main.o
 .text.MX_GPIO_Init
                0x08001078       0x6c ./Core/Src/main.o
 .text.Error_Handler
                0x080010e4        0xc ./Core/Src/main.o
                0x080010e4                Error_Handler
 .text.MPR121_begin
                0x080010f0      0x1e0 ./Core/Src/mpr121.o
                0x080010f0                MPR121_begin
 .text.MPR121_writeRegister
                0x080012d0       0x3a ./Core/Src/mpr121.o
                0x080012d0                MPR121_writeRegister
 .text.MPR121_readRegister8
                0x0800130a       0x3e ./Core/Src/mpr121.o
                0x0800130a                MPR121_readRegister8
 .text.MPR121_readRegister16
                0x08001348       0x4e ./Core/Src/mpr121.o
                0x08001348                MPR121_readRegister16
 .text.MPR121_touched
                0x08001396       0x20 ./Core/Src/mpr121.o
                0x08001396                MPR121_touched
 *fill*         0x080013b6        0x2 
 .text.MPR121_Handler_Init
                0x080013b8       0x58 ./Core/Src/mpr121_handler.o
                0x080013b8                MPR121_Handler_Init
 .text.MPR121_Handler_Process
                0x08001410      0x180 ./Core/Src/mpr121_handler.o
                0x08001410                MPR121_Handler_Process
 .text.HAL_MspInit
                0x08001590       0x50 ./Core/Src/stm32f4xx_hal_msp.o
                0x08001590                HAL_MspInit
 .text.HAL_ADC_MspInit
                0x080015e0       0xf0 ./Core/Src/stm32f4xx_hal_msp.o
                0x080015e0                HAL_ADC_MspInit
 .text.HAL_I2C_MspInit
                0x080016d0       0x90 ./Core/Src/stm32f4xx_hal_msp.o
                0x080016d0                HAL_I2C_MspInit
 .text.NMI_Handler
                0x08001760        0x8 ./Core/Src/stm32f4xx_it.o
                0x08001760                NMI_Handler
 .text.HardFault_Handler
                0x08001768        0x8 ./Core/Src/stm32f4xx_it.o
                0x08001768                HardFault_Handler
 .text.MemManage_Handler
                0x08001770        0x8 ./Core/Src/stm32f4xx_it.o
                0x08001770                MemManage_Handler
 .text.BusFault_Handler
                0x08001778        0x8 ./Core/Src/stm32f4xx_it.o
                0x08001778                BusFault_Handler
 .text.UsageFault_Handler
                0x08001780        0x8 ./Core/Src/stm32f4xx_it.o
                0x08001780                UsageFault_Handler
 .text.SVC_Handler
                0x08001788        0xe ./Core/Src/stm32f4xx_it.o
                0x08001788                SVC_Handler
 .text.DebugMon_Handler
                0x08001796        0xe ./Core/Src/stm32f4xx_it.o
                0x08001796                DebugMon_Handler
 .text.PendSV_Handler
                0x080017a4        0xe ./Core/Src/stm32f4xx_it.o
                0x080017a4                PendSV_Handler
 .text.SysTick_Handler
                0x080017b2        0xc ./Core/Src/stm32f4xx_it.o
                0x080017b2                SysTick_Handler
 *fill*         0x080017be        0x2 
 .text.DMA2_Stream0_IRQHandler
                0x080017c0       0x14 ./Core/Src/stm32f4xx_it.o
                0x080017c0                DMA2_Stream0_IRQHandler
 .text.OTG_FS_IRQHandler
                0x080017d4       0x14 ./Core/Src/stm32f4xx_it.o
                0x080017d4                OTG_FS_IRQHandler
 .text.SystemInit
                0x080017e8       0x24 ./Core/Src/system_stm32f4xx.o
                0x080017e8                SystemInit
 .text.Reset_Handler
                0x0800180c       0x50 ./Core/Startup/startup_stm32f411ceux.o
                0x0800180c                Reset_Handler
 .text.Default_Handler
                0x0800185c        0x2 ./Core/Startup/startup_stm32f411ceux.o
                0x0800185c                RTC_Alarm_IRQHandler
                0x0800185c                EXTI2_IRQHandler
                0x0800185c                SPI4_IRQHandler
                0x0800185c                TIM1_CC_IRQHandler
                0x0800185c                DMA2_Stream5_IRQHandler
                0x0800185c                DMA1_Stream5_IRQHandler
                0x0800185c                PVD_IRQHandler
                0x0800185c                SDIO_IRQHandler
                0x0800185c                TAMP_STAMP_IRQHandler
                0x0800185c                EXTI3_IRQHandler
                0x0800185c                TIM1_UP_TIM10_IRQHandler
                0x0800185c                I2C3_ER_IRQHandler
                0x0800185c                EXTI0_IRQHandler
                0x0800185c                I2C2_EV_IRQHandler
                0x0800185c                DMA1_Stream2_IRQHandler
                0x0800185c                FPU_IRQHandler
                0x0800185c                DMA2_Stream2_IRQHandler
                0x0800185c                SPI1_IRQHandler
                0x0800185c                TIM1_BRK_TIM9_IRQHandler
                0x0800185c                DMA2_Stream3_IRQHandler
                0x0800185c                USART6_IRQHandler
                0x0800185c                TIM4_IRQHandler
                0x0800185c                I2C1_EV_IRQHandler
                0x0800185c                DMA1_Stream6_IRQHandler
                0x0800185c                DMA1_Stream1_IRQHandler
                0x0800185c                TIM3_IRQHandler
                0x0800185c                RCC_IRQHandler
                0x0800185c                Default_Handler
                0x0800185c                EXTI15_10_IRQHandler
                0x0800185c                ADC_IRQHandler
                0x0800185c                DMA1_Stream7_IRQHandler
                0x0800185c                SPI5_IRQHandler
                0x0800185c                TIM5_IRQHandler
                0x0800185c                DMA2_Stream7_IRQHandler
                0x0800185c                I2C3_EV_IRQHandler
                0x0800185c                EXTI9_5_IRQHandler
                0x0800185c                RTC_WKUP_IRQHandler
                0x0800185c                SPI2_IRQHandler
                0x0800185c                DMA1_Stream0_IRQHandler
                0x0800185c                EXTI4_IRQHandler
                0x0800185c                WWDG_IRQHandler
                0x0800185c                TIM2_IRQHandler
                0x0800185c                OTG_FS_WKUP_IRQHandler
                0x0800185c                TIM1_TRG_COM_TIM11_IRQHandler
                0x0800185c                EXTI1_IRQHandler
                0x0800185c                USART2_IRQHandler
                0x0800185c                I2C2_ER_IRQHandler
                0x0800185c                DMA2_Stream1_IRQHandler
                0x0800185c                FLASH_IRQHandler
                0x0800185c                DMA2_Stream4_IRQHandler
                0x0800185c                USART1_IRQHandler
                0x0800185c                SPI3_IRQHandler
                0x0800185c                DMA1_Stream4_IRQHandler
                0x0800185c                I2C1_ER_IRQHandler
                0x0800185c                DMA2_Stream6_IRQHandler
                0x0800185c                DMA1_Stream3_IRQHandler
 *fill*         0x0800185e        0x2 
 .text.HAL_Init
                0x08001860       0x44 ./Drivers/STM32F4xx_HAL_Driver/Src/stm32f4xx_hal.o
                0x08001860                HAL_Init
 .text.HAL_InitTick
                0x080018a4       0x60 ./Drivers/STM32F4xx_HAL_Driver/Src/stm32f4xx_hal.o
                0x080018a4                HAL_InitTick
 .text.HAL_IncTick
                0x08001904       0x28 ./Drivers/STM32F4xx_HAL_Driver/Src/stm32f4xx_hal.o
                0x08001904                HAL_IncTick
 .text.HAL_GetTick
                0x0800192c       0x18 ./Drivers/STM32F4xx_HAL_Driver/Src/stm32f4xx_hal.o
                0x0800192c                HAL_GetTick
 .text.HAL_Delay
                0x08001944       0x48 ./Drivers/STM32F4xx_HAL_Driver/Src/stm32f4xx_hal.o
                0x08001944                HAL_Delay
 .text.HAL_ADC_Init
                0x0800198c       0x86 ./Drivers/STM32F4xx_HAL_Driver/Src/stm32f4xx_hal_adc.o
                0x0800198c                HAL_ADC_Init
 *fill*         0x08001a12        0x2 
 .text.HAL_ADC_Start_DMA
                0x08001a14      0x1e8 ./Drivers/STM32F4xx_HAL_Driver/Src/stm32f4xx_hal_adc.o
                0x08001a14                HAL_ADC_Start_DMA
 .text.HAL_ADC_ConvCpltCallback
                0x08001bfc       0x14 ./Drivers/STM32F4xx_HAL_Driver/Src/stm32f4xx_hal_adc.o
                0x08001bfc                HAL_ADC_ConvCpltCallback
 .text.HAL_ADC_ConvHalfCpltCallback
                0x08001c10       0x14 ./Drivers/STM32F4xx_HAL_Driver/Src/stm32f4xx_hal_adc.o
                0x08001c10                HAL_ADC_ConvHalfCpltCallback
 .text.HAL_ADC_ErrorCallback
                0x08001c24       0x14 ./Drivers/STM32F4xx_HAL_Driver/Src/stm32f4xx_hal_adc.o
                0x08001c24                HAL_ADC_ErrorCallback
 .text.HAL_ADC_ConfigChannel
                0x08001c38      0x264 ./Drivers/STM32F4xx_HAL_Driver/Src/stm32f4xx_hal_adc.o
                0x08001c38                HAL_ADC_ConfigChannel
 .text.ADC_Init
                0x08001e9c      0x1f8 ./Drivers/STM32F4xx_HAL_Driver/Src/stm32f4xx_hal_adc.o
 .text.ADC_DMAConvCplt
                0x08002094       0xba ./Drivers/STM32F4xx_HAL_Driver/Src/stm32f4xx_hal_adc.o
 .text.ADC_DMAHalfConvCplt
                0x0800214e       0x1c ./Drivers/STM32F4xx_HAL_Driver/Src/stm32f4xx_hal_adc.o
 .text.ADC_DMAError
                0x0800216a       0x2e ./Drivers/STM32F4xx_HAL_Driver/Src/stm32f4xx_hal_adc.o
 .text.__NVIC_SetPriorityGrouping
                0x08002198       0x48 ./Drivers/STM32F4xx_HAL_Driver/Src/stm32f4xx_hal_cortex.o
 .text.__NVIC_GetPriorityGrouping
                0x080021e0       0x1c ./Drivers/STM32F4xx_HAL_Driver/Src/stm32f4xx_hal_cortex.o
 .text.__NVIC_EnableIRQ
                0x080021fc       0x3c ./Drivers/STM32F4xx_HAL_Driver/Src/stm32f4xx_hal_cortex.o
 .text.__NVIC_SetPriority
                0x08002238       0x54 ./Drivers/STM32F4xx_HAL_Driver/Src/stm32f4xx_hal_cortex.o
 .text.NVIC_EncodePriority
                0x0800228c       0x66 ./Drivers/STM32F4xx_HAL_Driver/Src/stm32f4xx_hal_cortex.o
 *fill*         0x080022f2        0x2 
 .text.SysTick_Config
                0x080022f4       0x44 ./Drivers/STM32F4xx_HAL_Driver/Src/stm32f4xx_hal_cortex.o
 .text.HAL_NVIC_SetPriorityGrouping
                0x08002338       0x16 ./Drivers/STM32F4xx_HAL_Driver/Src/stm32f4xx_hal_cortex.o
                0x08002338                HAL_NVIC_SetPriorityGrouping
 .text.HAL_NVIC_SetPriority
                0x0800234e       0x38 ./Drivers/STM32F4xx_HAL_Driver/Src/stm32f4xx_hal_cortex.o
                0x0800234e                HAL_NVIC_SetPriority
 .text.HAL_NVIC_EnableIRQ
                0x08002386       0x1c ./Drivers/STM32F4xx_HAL_Driver/Src/stm32f4xx_hal_cortex.o
                0x08002386                HAL_NVIC_EnableIRQ
 .text.HAL_SYSTICK_Config
                0x080023a2       0x18 ./Drivers/STM32F4xx_HAL_Driver/Src/stm32f4xx_hal_cortex.o
                0x080023a2                HAL_SYSTICK_Config
 *fill*         0x080023ba        0x2 
 .text.HAL_DMA_Init
                0x080023bc      0x15c ./Drivers/STM32F4xx_HAL_Driver/Src/stm32f4xx_hal_dma.o
                0x080023bc                HAL_DMA_Init
 .text.HAL_DMA_Start_IT
                0x08002518       0xb0 ./Drivers/STM32F4xx_HAL_Driver/Src/stm32f4xx_hal_dma.o
                0x08002518                HAL_DMA_Start_IT
 .text.HAL_DMA_IRQHandler
                0x080025c8      0x314 ./Drivers/STM32F4xx_HAL_Driver/Src/stm32f4xx_hal_dma.o
                0x080025c8                HAL_DMA_IRQHandler
 .text.DMA_SetConfig
                0x080028dc       0x5c ./Drivers/STM32F4xx_HAL_Driver/Src/stm32f4xx_hal_dma.o
 .text.DMA_CalcBaseAndBitshift
                0x08002938       0x6c ./Drivers/STM32F4xx_HAL_Driver/Src/stm32f4xx_hal_dma.o
 .text.DMA_CheckFifoParam
                0x080029a4       0xf8 ./Drivers/STM32F4xx_HAL_Driver/Src/stm32f4xx_hal_dma.o
 .text.HAL_GPIO_Init
                0x08002a9c      0x308 ./Drivers/STM32F4xx_HAL_Driver/Src/stm32f4xx_hal_gpio.o
                0x08002a9c                HAL_GPIO_Init
 .text.HAL_I2C_Init
                0x08002da4      0x288 ./Drivers/STM32F4xx_HAL_Driver/Src/stm32f4xx_hal_i2c.o
                0x08002da4                HAL_I2C_Init
 .text.HAL_I2C_Mem_Write
                0x0800302c      0x1f4 ./Drivers/STM32F4xx_HAL_Driver/Src/stm32f4xx_hal_i2c.o
                0x0800302c                HAL_I2C_Mem_Write
 .text.HAL_I2C_Mem_Read
                0x08003220      0x464 ./Drivers/STM32F4xx_HAL_Driver/Src/stm32f4xx_hal_i2c.o
                0x08003220                HAL_I2C_Mem_Read
 .text.HAL_I2C_IsDeviceReady
                0x08003684      0x25c ./Drivers/STM32F4xx_HAL_Driver/Src/stm32f4xx_hal_i2c.o
                0x08003684                HAL_I2C_IsDeviceReady
 .text.I2C_RequestMemoryWrite
                0x080038e0      0x12c ./Drivers/STM32F4xx_HAL_Driver/Src/stm32f4xx_hal_i2c.o
 .text.I2C_RequestMemoryRead
                0x08003a0c      0x1d0 ./Drivers/STM32F4xx_HAL_Driver/Src/stm32f4xx_hal_i2c.o
 .text.I2C_WaitOnFlagUntilTimeout
                0x08003bdc       0xf4 ./Drivers/STM32F4xx_HAL_Driver/Src/stm32f4xx_hal_i2c.o
 .text.I2C_WaitOnMasterAddressFlagUntilTimeout
                0x08003cd0      0x140 ./Drivers/STM32F4xx_HAL_Driver/Src/stm32f4xx_hal_i2c.o
 .text.I2C_WaitOnTXEFlagUntilTimeout
                0x08003e10       0x90 ./Drivers/STM32F4xx_HAL_Driver/Src/stm32f4xx_hal_i2c.o
 .text.I2C_WaitOnBTFFlagUntilTimeout
                0x08003ea0       0x90 ./Drivers/STM32F4xx_HAL_Driver/Src/stm32f4xx_hal_i2c.o
 .text.I2C_WaitOnRXNEFlagUntilTimeout
                0x08003f30       0xba ./Drivers/STM32F4xx_HAL_Driver/Src/stm32f4xx_hal_i2c.o
 .text.I2C_IsAcknowledgeFailed
                0x08003fea       0x5e ./Drivers/STM32F4xx_HAL_Driver/Src/stm32f4xx_hal_i2c.o
 .text.HAL_PCD_Init
                0x08004048      0x21e ./Drivers/STM32F4xx_HAL_Driver/Src/stm32f4xx_hal_pcd.o
                0x08004048                HAL_PCD_Init
 .text.HAL_PCD_Start
                0x08004266       0x6a ./Drivers/STM32F4xx_HAL_Driver/Src/stm32f4xx_hal_pcd.o
                0x08004266                HAL_PCD_Start
 .text.HAL_PCD_IRQHandler
                0x080042d0      0x942 ./Drivers/STM32F4xx_HAL_Driver/Src/stm32f4xx_hal_pcd.o
                0x080042d0                HAL_PCD_IRQHandler
 .text.HAL_PCD_SetAddress
                0x08004c12       0x48 ./Drivers/STM32F4xx_HAL_Driver/Src/stm32f4xx_hal_pcd.o
                0x08004c12                HAL_PCD_SetAddress
 .text.HAL_PCD_EP_Open
                0x08004c5a       0xd4 ./Drivers/STM32F4xx_HAL_Driver/Src/stm32f4xx_hal_pcd.o
                0x08004c5a                HAL_PCD_EP_Open
 .text.HAL_PCD_EP_Close
                0x08004d2e       0x94 ./Drivers/STM32F4xx_HAL_Driver/Src/stm32f4xx_hal_pcd.o
                0x08004d2e                HAL_PCD_EP_Close
 .text.HAL_PCD_EP_Receive
                0x08004dc2       0x76 ./Drivers/STM32F4xx_HAL_Driver/Src/stm32f4xx_hal_pcd.o
                0x08004dc2                HAL_PCD_EP_Receive
 .text.HAL_PCD_EP_Transmit
                0x08004e38       0x74 ./Drivers/STM32F4xx_HAL_Driver/Src/stm32f4xx_hal_pcd.o
                0x08004e38                HAL_PCD_EP_Transmit
 .text.HAL_PCD_EP_SetStall
                0x08004eac       0xc6 ./Drivers/STM32F4xx_HAL_Driver/Src/stm32f4xx_hal_pcd.o
                0x08004eac                HAL_PCD_EP_SetStall
 .text.HAL_PCD_EP_ClrStall
                0x08004f72       0xac ./Drivers/STM32F4xx_HAL_Driver/Src/stm32f4xx_hal_pcd.o
                0x08004f72                HAL_PCD_EP_ClrStall
 .text.HAL_PCD_EP_Abort
                0x0800501e       0x62 ./Drivers/STM32F4xx_HAL_Driver/Src/stm32f4xx_hal_pcd.o
                0x0800501e                HAL_PCD_EP_Abort
 .text.PCD_WriteEmptyTxFifo
                0x08005080      0x118 ./Drivers/STM32F4xx_HAL_Driver/Src/stm32f4xx_hal_pcd.o
 .text.PCD_EP_OutXfrComplete_int
                0x08005198      0x1d0 ./Drivers/STM32F4xx_HAL_Driver/Src/stm32f4xx_hal_pcd.o
 .text.PCD_EP_OutSetupPacket_int
                0x08005368       0x8c ./Drivers/STM32F4xx_HAL_Driver/Src/stm32f4xx_hal_pcd.o
 .text.HAL_PCDEx_SetTxFiFo
                0x080053f4       0x8e ./Drivers/STM32F4xx_HAL_Driver/Src/stm32f4xx_hal_pcd_ex.o
                0x080053f4                HAL_PCDEx_SetTxFiFo
 .text.HAL_PCDEx_SetRxFiFo
                0x08005482       0x22 ./Drivers/STM32F4xx_HAL_Driver/Src/stm32f4xx_hal_pcd_ex.o
                0x08005482                HAL_PCDEx_SetRxFiFo
 .text.HAL_PCDEx_LPM_Callback
                0x080054a4       0x18 ./Drivers/STM32F4xx_HAL_Driver/Src/stm32f4xx_hal_pcd_ex.o
                0x080054a4                HAL_PCDEx_LPM_Callback
 .text.HAL_RCC_OscConfig
                0x080054bc      0x4f0 ./Drivers/STM32F4xx_HAL_Driver/Src/stm32f4xx_hal_rcc.o
                0x080054bc                HAL_RCC_OscConfig
 .text.HAL_RCC_ClockConfig
                0x080059ac      0x1cc ./Drivers/STM32F4xx_HAL_Driver/Src/stm32f4xx_hal_rcc.o
                0x080059ac                HAL_RCC_ClockConfig
 .text.HAL_RCC_GetSysClockFreq
                0x08005b78      0x18c ./Drivers/STM32F4xx_HAL_Driver/Src/stm32f4xx_hal_rcc.o
                0x08005b78                HAL_RCC_GetSysClockFreq
 .text.HAL_RCC_GetHCLKFreq
                0x08005d04       0x18 ./Drivers/STM32F4xx_HAL_Driver/Src/stm32f4xx_hal_rcc.o
                0x08005d04                HAL_RCC_GetHCLKFreq
 .text.HAL_RCC_GetPCLK1Freq
                0x08005d1c       0x28 ./Drivers/STM32F4xx_HAL_Driver/Src/stm32f4xx_hal_rcc.o
                0x08005d1c                HAL_RCC_GetPCLK1Freq
 .text.USB_CoreInit
                0x08005d44       0xc8 ./Drivers/STM32F4xx_HAL_Driver/Src/stm32f4xx_ll_usb.o
                0x08005d44                USB_CoreInit
 .text.USB_SetTurnaroundTime
                0x08005e0c      0x144 ./Drivers/STM32F4xx_HAL_Driver/Src/stm32f4xx_ll_usb.o
                0x08005e0c                USB_SetTurnaroundTime
 .text.USB_EnableGlobalInt
                0x08005f50       0x22 ./Drivers/STM32F4xx_HAL_Driver/Src/stm32f4xx_ll_usb.o
                0x08005f50                USB_EnableGlobalInt
 .text.USB_DisableGlobalInt
                0x08005f72       0x22 ./Drivers/STM32F4xx_HAL_Driver/Src/stm32f4xx_ll_usb.o
                0x08005f72                USB_DisableGlobalInt
 .text.USB_SetCurrentMode
                0x08005f94       0x98 ./Drivers/STM32F4xx_HAL_Driver/Src/stm32f4xx_ll_usb.o
                0x08005f94                USB_SetCurrentMode
 .text.USB_DevInit
                0x0800602c      0x2c8 ./Drivers/STM32F4xx_HAL_Driver/Src/stm32f4xx_ll_usb.o
                0x0800602c                USB_DevInit
 .text.USB_FlushTxFifo
                0x080062f4       0x64 ./Drivers/STM32F4xx_HAL_Driver/Src/stm32f4xx_ll_usb.o
                0x080062f4                USB_FlushTxFifo
 .text.USB_FlushRxFifo
                0x08006358       0x5c ./Drivers/STM32F4xx_HAL_Driver/Src/stm32f4xx_ll_usb.o
                0x08006358                USB_FlushRxFifo
 .text.USB_SetDevSpeed
                0x080063b4       0x32 ./Drivers/STM32F4xx_HAL_Driver/Src/stm32f4xx_ll_usb.o
                0x080063b4                USB_SetDevSpeed
 .text.USB_GetDevSpeed
                0x080063e6       0x4a ./Drivers/STM32F4xx_HAL_Driver/Src/stm32f4xx_ll_usb.o
                0x080063e6                USB_GetDevSpeed
 .text.USB_ActivateEndpoint
                0x08006430      0x10e ./Drivers/STM32F4xx_HAL_Driver/Src/stm32f4xx_ll_usb.o
                0x08006430                USB_ActivateEndpoint
 *fill*         0x0800653e        0x2 
 .text.USB_DeactivateEndpoint
                0x08006540      0x1b8 ./Drivers/STM32F4xx_HAL_Driver/Src/stm32f4xx_ll_usb.o
                0x08006540                USB_DeactivateEndpoint
 .text.USB_EPStartXfer
                0x080066f8      0x53c ./Drivers/STM32F4xx_HAL_Driver/Src/stm32f4xx_ll_usb.o
                0x080066f8                USB_EPStartXfer
 .text.USB_EPStopXfer
                0x08006c34      0x154 ./Drivers/STM32F4xx_HAL_Driver/Src/stm32f4xx_ll_usb.o
                0x08006c34                USB_EPStopXfer
 .text.USB_WritePacket
                0x08006d88       0x7c ./Drivers/STM32F4xx_HAL_Driver/Src/stm32f4xx_ll_usb.o
                0x08006d88                USB_WritePacket
 .text.USB_ReadPacket
                0x08006e04       0xb0 ./Drivers/STM32F4xx_HAL_Driver/Src/stm32f4xx_ll_usb.o
                0x08006e04                USB_ReadPacket
 .text.USB_EPSetStall
                0x08006eb4       0xdc ./Drivers/STM32F4xx_HAL_Driver/Src/stm32f4xx_ll_usb.o
                0x08006eb4                USB_EPSetStall
 .text.USB_EPClearStall
                0x08006f90       0xcc ./Drivers/STM32F4xx_HAL_Driver/Src/stm32f4xx_ll_usb.o
                0x08006f90                USB_EPClearStall
 .text.USB_SetDevAddress
                0x0800705c       0x4c ./Drivers/STM32F4xx_HAL_Driver/Src/stm32f4xx_ll_usb.o
                0x0800705c                USB_SetDevAddress
 .text.USB_DevConnect
                0x080070a8       0x42 ./Drivers/STM32F4xx_HAL_Driver/Src/stm32f4xx_ll_usb.o
                0x080070a8                USB_DevConnect
 .text.USB_DevDisconnect
                0x080070ea       0x42 ./Drivers/STM32F4xx_HAL_Driver/Src/stm32f4xx_ll_usb.o
                0x080070ea                USB_DevDisconnect
 .text.USB_ReadInterrupts
                0x0800712c       0x26 ./Drivers/STM32F4xx_HAL_Driver/Src/stm32f4xx_ll_usb.o
                0x0800712c                USB_ReadInterrupts
 .text.USB_ReadDevAllOutEpInterrupt
                0x08007152       0x34 ./Drivers/STM32F4xx_HAL_Driver/Src/stm32f4xx_ll_usb.o
                0x08007152                USB_ReadDevAllOutEpInterrupt
 .text.USB_ReadDevAllInEpInterrupt
                0x08007186       0x34 ./Drivers/STM32F4xx_HAL_Driver/Src/stm32f4xx_ll_usb.o
                0x08007186                USB_ReadDevAllInEpInterrupt
 .text.USB_ReadDevOutEPInterrupt
                0x080071ba       0x3c ./Drivers/STM32F4xx_HAL_Driver/Src/stm32f4xx_ll_usb.o
                0x080071ba                USB_ReadDevOutEPInterrupt
 .text.USB_ReadDevInEPInterrupt
                0x080071f6       0x5c ./Drivers/STM32F4xx_HAL_Driver/Src/stm32f4xx_ll_usb.o
                0x080071f6                USB_ReadDevInEPInterrupt
 .text.USB_GetMode
                0x08007252       0x1c ./Drivers/STM32F4xx_HAL_Driver/Src/stm32f4xx_ll_usb.o
                0x08007252                USB_GetMode
 .text.USB_ActivateSetup
                0x0800726e       0x46 ./Drivers/STM32F4xx_HAL_Driver/Src/stm32f4xx_ll_usb.o
                0x0800726e                USB_ActivateSetup
 .text.USB_EP0_OutStart
                0x080072b4       0xbc ./Drivers/STM32F4xx_HAL_Driver/Src/stm32f4xx_ll_usb.o
                0x080072b4                USB_EP0_OutStart
 .text.USB_CoreReset
                0x08007370       0x70 ./Drivers/STM32F4xx_HAL_Driver/Src/stm32f4xx_ll_usb.o
 .text.USBD_CUSTOM_HID_Init
                0x080073e0      0x158 ./Middlewares/ST/STM32_USB_Device_Library/Class/CustomHID/Src/usbd_customhid.o
 .text.USBD_CUSTOM_HID_DeInit
                0x08007538       0xf4 ./Middlewares/ST/STM32_USB_Device_Library/Class/CustomHID/Src/usbd_customhid.o
 .text.USBD_CUSTOM_HID_Setup
                0x0800762c      0x254 ./Middlewares/ST/STM32_USB_Device_Library/Class/CustomHID/Src/usbd_customhid.o
 .text.USBD_CUSTOM_HID_SendReport
                0x08007880       0x68 ./Middlewares/ST/STM32_USB_Device_Library/Class/CustomHID/Src/usbd_customhid.o
                0x08007880                USBD_CUSTOM_HID_SendReport
 .text.USBD_CUSTOM_HID_GetFSCfgDesc
                0x080078e8       0x64 ./Middlewares/ST/STM32_USB_Device_Library/Class/CustomHID/Src/usbd_customhid.o
 .text.USBD_CUSTOM_HID_GetHSCfgDesc
                0x0800794c       0x64 ./Middlewares/ST/STM32_USB_Device_Library/Class/CustomHID/Src/usbd_customhid.o
 .text.USBD_CUSTOM_HID_GetOtherSpeedCfgDesc
                0x080079b0       0x64 ./Middlewares/ST/STM32_USB_Device_Library/Class/CustomHID/Src/usbd_customhid.o
 .text.USBD_CUSTOM_HID_DataIn
                0x08007a14       0x2e ./Middlewares/ST/STM32_USB_Device_Library/Class/CustomHID/Src/usbd_customhid.o
 .text.USBD_CUSTOM_HID_DataOut
                0x08007a42       0x5a ./Middlewares/ST/STM32_USB_Device_Library/Class/CustomHID/Src/usbd_customhid.o
 .text.USBD_CUSTOM_HID_ReceivePacket
                0x08007a9c       0x4c ./Middlewares/ST/STM32_USB_Device_Library/Class/CustomHID/Src/usbd_customhid.o
                0x08007a9c                USBD_CUSTOM_HID_ReceivePacket
 .text.USBD_CUSTOM_HID_EP0_RxReady
                0x08007ae8       0x58 ./Middlewares/ST/STM32_USB_Device_Library/Class/CustomHID/Src/usbd_customhid.o
 .text.USBD_CUSTOM_HID_GetDeviceQualifierDesc
                0x08007b40       0x20 ./Middlewares/ST/STM32_USB_Device_Library/Class/CustomHID/Src/usbd_customhid.o
 .text.USBD_CUSTOM_HID_RegisterInterface
                0x08007b60       0x34 ./Middlewares/ST/STM32_USB_Device_Library/Class/CustomHID/Src/usbd_customhid.o
                0x08007b60                USBD_CUSTOM_HID_RegisterInterface
 .text.USBD_Init
                0x08007b94       0x60 ./Middlewares/ST/STM32_USB_Device_Library/Core/Src/usbd_core.o
                0x08007b94                USBD_Init
 .text.USBD_RegisterClass
                0x08007bf4       0x6c ./Middlewares/ST/STM32_USB_Device_Library/Core/Src/usbd_core.o
                0x08007bf4                USBD_RegisterClass
 .text.USBD_Start
                0x08007c60       0x18 ./Middlewares/ST/STM32_USB_Device_Library/Core/Src/usbd_core.o
                0x08007c60                USBD_Start
 .text.USBD_RunTestMode
                0x08007c78       0x16 ./Middlewares/ST/STM32_USB_Device_Library/Core/Src/usbd_core.o
                0x08007c78                USBD_RunTestMode
 .text.USBD_SetClassConfig
                0x08007c8e       0x38 ./Middlewares/ST/STM32_USB_Device_Library/Core/Src/usbd_core.o
                0x08007c8e                USBD_SetClassConfig
 .text.USBD_ClrClassConfig
                0x08007cc6       0x34 ./Middlewares/ST/STM32_USB_Device_Library/Core/Src/usbd_core.o
                0x08007cc6                USBD_ClrClassConfig
 .text.USBD_LL_SetupStage
                0x08007cfa       0xaa ./Middlewares/ST/STM32_USB_Device_Library/Core/Src/usbd_core.o
                0x08007cfa                USBD_LL_SetupStage
 .text.USBD_LL_DataOutStage
                0x08007da4      0x178 ./Middlewares/ST/STM32_USB_Device_Library/Core/Src/usbd_core.o
                0x08007da4                USBD_LL_DataOutStage
 .text.USBD_LL_DataInStage
                0x08007f1c      0x176 ./Middlewares/ST/STM32_USB_Device_Library/Core/Src/usbd_core.o
                0x08007f1c                USBD_LL_DataInStage
 .text.USBD_LL_Reset
                0x08008092       0xa6 ./Middlewares/ST/STM32_USB_Device_Library/Core/Src/usbd_core.o
                0x08008092                USBD_LL_Reset
 .text.USBD_LL_SetSpeed
                0x08008138       0x20 ./Middlewares/ST/STM32_USB_Device_Library/Core/Src/usbd_core.o
                0x08008138                USBD_LL_SetSpeed
 .text.USBD_LL_Suspend
                0x08008158       0x38 ./Middlewares/ST/STM32_USB_Device_Library/Core/Src/usbd_core.o
                0x08008158                USBD_LL_Suspend
 .text.USBD_LL_Resume
                0x08008190       0x30 ./Middlewares/ST/STM32_USB_Device_Library/Core/Src/usbd_core.o
                0x08008190                USBD_LL_Resume
 .text.USBD_LL_SOF
                0x080081c0       0x40 ./Middlewares/ST/STM32_USB_Device_Library/Core/Src/usbd_core.o
                0x080081c0                USBD_LL_SOF
 .text.USBD_LL_IsoINIncomplete
                0x08008200       0x64 ./Middlewares/ST/STM32_USB_Device_Library/Core/Src/usbd_core.o
                0x08008200                USBD_LL_IsoINIncomplete
 .text.USBD_LL_IsoOUTIncomplete
                0x08008264       0x64 ./Middlewares/ST/STM32_USB_Device_Library/Core/Src/usbd_core.o
                0x08008264                USBD_LL_IsoOUTIncomplete
 .text.USBD_LL_DevConnected
                0x080082c8       0x16 ./Middlewares/ST/STM32_USB_Device_Library/Core/Src/usbd_core.o
                0x080082c8                USBD_LL_DevConnected
 .text.USBD_LL_DevDisconnected
                0x080082de       0x46 ./Middlewares/ST/STM32_USB_Device_Library/Core/Src/usbd_core.o
                0x080082de                USBD_LL_DevDisconnected
 .text.USBD_CoreFindIF
                0x08008324       0x1a ./Middlewares/ST/STM32_USB_Device_Library/Core/Src/usbd_core.o
                0x08008324                USBD_CoreFindIF
 .text.USBD_CoreFindEP
                0x0800833e       0x1a ./Middlewares/ST/STM32_USB_Device_Library/Core/Src/usbd_core.o
                0x0800833e                USBD_CoreFindEP
 .text.USBD_GetEpDesc
                0x08008358       0x70 ./Middlewares/ST/STM32_USB_Device_Library/Core/Src/usbd_core.o
                0x08008358                USBD_GetEpDesc
 .text.USBD_GetNextDesc
                0x080083c8       0x38 ./Middlewares/ST/STM32_USB_Device_Library/Core/Src/usbd_core.o
                0x080083c8                USBD_GetNextDesc
 .text.SWAPBYTE
                0x08008400       0x3e ./Middlewares/ST/STM32_USB_Device_Library/Core/Src/usbd_ctlreq.o
 *fill*         0x0800843e        0x2 
 .text.USBD_StdDevReq
                0x08008440       0xe4 ./Middlewares/ST/STM32_USB_Device_Library/Core/Src/usbd_ctlreq.o
                0x08008440                USBD_StdDevReq
 .text.USBD_StdItfReq
                0x08008524       0xd8 ./Middlewares/ST/STM32_USB_Device_Library/Core/Src/usbd_ctlreq.o
                0x08008524                USBD_StdItfReq
 .text.USBD_StdEPReq
                0x080085fc      0x33e ./Middlewares/ST/STM32_USB_Device_Library/Core/Src/usbd_ctlreq.o
                0x080085fc                USBD_StdEPReq
 *fill*         0x0800893a        0x2 
 .text.USBD_GetDescriptor
                0x0800893c      0x2d4 ./Middlewares/ST/STM32_USB_Device_Library/Core/Src/usbd_ctlreq.o
 .text.USBD_SetAddress
                0x08008c10       0x88 ./Middlewares/ST/STM32_USB_Device_Library/Core/Src/usbd_ctlreq.o
 .text.USBD_SetConfig
                0x08008c98      0x154 ./Middlewares/ST/STM32_USB_Device_Library/Core/Src/usbd_ctlreq.o
 .text.USBD_GetConfig
                0x08008dec       0x6c ./Middlewares/ST/STM32_USB_Device_Library/Core/Src/usbd_ctlreq.o
 .text.USBD_GetStatus
                0x08008e58       0x68 ./Middlewares/ST/STM32_USB_Device_Library/Core/Src/usbd_ctlreq.o
 .text.USBD_SetFeature
                0x08008ec0       0x52 ./Middlewares/ST/STM32_USB_Device_Library/Core/Src/usbd_ctlreq.o
 .text.USBD_ClrFeature
                0x08008f12       0x44 ./Middlewares/ST/STM32_USB_Device_Library/Core/Src/usbd_ctlreq.o
 .text.USBD_ParseSetupRequest
                0x08008f56       0x74 ./Middlewares/ST/STM32_USB_Device_Library/Core/Src/usbd_ctlreq.o
                0x08008f56                USBD_ParseSetupRequest
 .text.USBD_CtlError
                0x08008fca       0x22 ./Middlewares/ST/STM32_USB_Device_Library/Core/Src/usbd_ctlreq.o
                0x08008fca                USBD_CtlError
 .text.USBD_GetString
                0x08008fec       0xa4 ./Middlewares/ST/STM32_USB_Device_Library/Core/Src/usbd_ctlreq.o
                0x08008fec                USBD_GetString
 .text.USBD_GetLen
                0x08009090       0x34 ./Middlewares/ST/STM32_USB_Device_Library/Core/Src/usbd_ctlreq.o
 .text.USBD_CtlSendData
                0x080090c4       0x3c ./Middlewares/ST/STM32_USB_Device_Library/Core/Src/usbd_ioreq.o
                0x080090c4                USBD_CtlSendData
 .text.USBD_CtlContinueSendData
                0x08009100       0x22 ./Middlewares/ST/STM32_USB_Device_Library/Core/Src/usbd_ioreq.o
                0x08009100                USBD_CtlContinueSendData
 .text.USBD_CtlPrepareRx
                0x08009122       0x42 ./Middlewares/ST/STM32_USB_Device_Library/Core/Src/usbd_ioreq.o
                0x08009122                USBD_CtlPrepareRx
 .text.USBD_CtlContinueRx
                0x08009164       0x22 ./Middlewares/ST/STM32_USB_Device_Library/Core/Src/usbd_ioreq.o
                0x08009164                USBD_CtlContinueRx
 .text.USBD_CtlSendStatus
                0x08009186       0x26 ./Middlewares/ST/STM32_USB_Device_Library/Core/Src/usbd_ioreq.o
                0x08009186                USBD_CtlSendStatus
 .text.USBD_CtlReceiveStatus
                0x080091ac       0x26 ./Middlewares/ST/STM32_USB_Device_Library/Core/Src/usbd_ioreq.o
                0x080091ac                USBD_CtlReceiveStatus
 *fill*         0x080091d2        0x2 
 .text.MX_USB_DEVICE_Init
                0x080091d4       0x60 ./USB_DEVICE/App/usb_device.o
                0x080091d4                MX_USB_DEVICE_Init
 .text.CUSTOM_HID_Init_FS
                0x08009234       0x10 ./USB_DEVICE/App/usbd_custom_hid_if.o
 .text.CUSTOM_HID_DeInit_FS
                0x08009244       0x10 ./USB_DEVICE/App/usbd_custom_hid_if.o
 .text.CUSTOM_HID_OutEvent_FS
                0x08009254       0x30 ./USB_DEVICE/App/usbd_custom_hid_if.o
 .text.USBD_FS_DeviceDescriptor
                0x08009284       0x24 ./USB_DEVICE/App/usbd_desc.o
                0x08009284                USBD_FS_DeviceDescriptor
 .text.USBD_FS_LangIDStrDescriptor
                0x080092a8       0x24 ./USB_DEVICE/App/usbd_desc.o
                0x080092a8                USBD_FS_LangIDStrDescriptor
 .text.USBD_FS_ProductStrDescriptor
                0x080092cc       0x3c ./USB_DEVICE/App/usbd_desc.o
                0x080092cc                USBD_FS_ProductStrDescriptor
 .text.USBD_FS_ManufacturerStrDescriptor
                0x08009308       0x28 ./USB_DEVICE/App/usbd_desc.o
                0x08009308                USBD_FS_ManufacturerStrDescriptor
 .text.USBD_FS_SerialStrDescriptor
                0x08009330       0x24 ./USB_DEVICE/App/usbd_desc.o
                0x08009330                USBD_FS_SerialStrDescriptor
 .text.USBD_FS_ConfigStrDescriptor
                0x08009354       0x3c ./USB_DEVICE/App/usbd_desc.o
                0x08009354                USBD_FS_ConfigStrDescriptor
 .text.USBD_FS_InterfaceStrDescriptor
                0x08009390       0x3c ./USB_DEVICE/App/usbd_desc.o
                0x08009390                USBD_FS_InterfaceStrDescriptor
 .text.Get_SerialNum
                0x080093cc       0x58 ./USB_DEVICE/App/usbd_desc.o
 .text.IntToUnicode
                0x08009424       0x7e ./USB_DEVICE/App/usbd_desc.o
 *fill*         0x080094a2        0x2 
 .text.HAL_PCD_MspInit
                0x080094a4       0xa8 ./USB_DEVICE/Target/usbd_conf.o
                0x080094a4                HAL_PCD_MspInit
 .text.HAL_PCD_SetupStageCallback
                0x0800954c       0x24 ./USB_DEVICE/Target/usbd_conf.o
                0x0800954c                HAL_PCD_SetupStageCallback
 .text.HAL_PCD_DataOutStageCallback
                0x08009570       0x36 ./USB_DEVICE/Target/usbd_conf.o
                0x08009570                HAL_PCD_DataOutStageCallback
 .text.HAL_PCD_DataInStageCallback
                0x080095a6       0x34 ./USB_DEVICE/Target/usbd_conf.o
                0x080095a6                HAL_PCD_DataInStageCallback
 .text.HAL_PCD_SOFCallback
                0x080095da       0x1c ./USB_DEVICE/Target/usbd_conf.o
                0x080095da                HAL_PCD_SOFCallback
 .text.HAL_PCD_ResetCallback
                0x080095f6       0x3c ./USB_DEVICE/Target/usbd_conf.o
                0x080095f6                HAL_PCD_ResetCallback
 *fill*         0x08009632        0x2 
 .text.HAL_PCD_SuspendCallback
                0x08009634       0x4c ./USB_DEVICE/Target/usbd_conf.o
                0x08009634                HAL_PCD_SuspendCallback
 .text.HAL_PCD_ResumeCallback
                0x08009680       0x1c ./USB_DEVICE/Target/usbd_conf.o
                0x08009680                HAL_PCD_ResumeCallback
 .text.HAL_PCD_ISOOUTIncompleteCallback
                0x0800969c       0x24 ./USB_DEVICE/Target/usbd_conf.o
                0x0800969c                HAL_PCD_ISOOUTIncompleteCallback
 .text.HAL_PCD_ISOINIncompleteCallback
                0x080096c0       0x24 ./USB_DEVICE/Target/usbd_conf.o
                0x080096c0                HAL_PCD_ISOINIncompleteCallback
 .text.HAL_PCD_ConnectCallback
                0x080096e4       0x1c ./USB_DEVICE/Target/usbd_conf.o
                0x080096e4                HAL_PCD_ConnectCallback
 .text.HAL_PCD_DisconnectCallback
                0x08009700       0x1c ./USB_DEVICE/Target/usbd_conf.o
                0x08009700                HAL_PCD_DisconnectCallback
 .text.USBD_LL_Init
                0x0800971c       0x98 ./USB_DEVICE/Target/usbd_conf.o
                0x0800971c                USBD_LL_Init
 .text.USBD_LL_Start
                0x080097b4       0x36 ./USB_DEVICE/Target/usbd_conf.o
                0x080097b4                USBD_LL_Start
 .text.USBD_LL_OpenEP
                0x080097ea       0x4c ./USB_DEVICE/Target/usbd_conf.o
                0x080097ea                USBD_LL_OpenEP
 .text.USBD_LL_CloseEP
                0x08009836       0x3e ./USB_DEVICE/Target/usbd_conf.o
                0x08009836                USBD_LL_CloseEP
 .text.USBD_LL_StallEP
                0x08009874       0x3e ./USB_DEVICE/Target/usbd_conf.o
                0x08009874                USBD_LL_StallEP
 .text.USBD_LL_ClearStallEP
                0x080098b2       0x3e ./USB_DEVICE/Target/usbd_conf.o
                0x080098b2                USBD_LL_ClearStallEP
 .text.USBD_LL_IsStallEP
                0x080098f0       0x58 ./USB_DEVICE/Target/usbd_conf.o
                0x080098f0                USBD_LL_IsStallEP
 .text.USBD_LL_SetUSBAddress
                0x08009948       0x3e ./USB_DEVICE/Target/usbd_conf.o
                0x08009948                USBD_LL_SetUSBAddress
 .text.USBD_LL_Transmit
                0x08009986       0x42 ./USB_DEVICE/Target/usbd_conf.o
                0x08009986                USBD_LL_Transmit
 .text.USBD_LL_PrepareReceive
                0x080099c8       0x42 ./USB_DEVICE/Target/usbd_conf.o
                0x080099c8                USBD_LL_PrepareReceive
 *fill*         0x08009a0a        0x2 
 .text.USBD_static_malloc
                0x08009a0c       0x1c ./USB_DEVICE/Target/usbd_conf.o
                0x08009a0c                USBD_static_malloc
 .text.USBD_static_free
                0x08009a28       0x14 ./USB_DEVICE/Target/usbd_conf.o
                0x08009a28                USBD_static_free
 .text.USBD_Get_USB_Status
                0x08009a3c       0x58 ./USB_DEVICE/Target/usbd_conf.o
                0x08009a3c                USBD_Get_USB_Status
 .text.memset   0x08009a94       0x10 G:/ST/STM32CubeIDE_1.19.0/STM32CubeIDE/plugins/com.st.stm32cube.ide.mcu.externaltools.gnu-tools-for-stm32.13.3.rel1.win32_1.0.0.202411081344/tools/bin/../lib/gcc/arm-none-eabi/13.3.1/../../../../arm-none-eabi/lib/thumb/v7e-m+fp/hard\libc_nano.a(libc_a-memset.o)
                0x08009a94                memset
 .text.__libc_init_array
                0x08009aa4       0x48 G:/ST/STM32CubeIDE_1.19.0/STM32CubeIDE/plugins/com.st.stm32cube.ide.mcu.externaltools.gnu-tools-for-stm32.13.3.rel1.win32_1.0.0.202411081344/tools/bin/../lib/gcc/arm-none-eabi/13.3.1/../../../../arm-none-eabi/lib/thumb/v7e-m+fp/hard\libc_nano.a(libc_a-init.o)
                0x08009aa4                __libc_init_array
 *(.glue_7)
 .glue_7        0x08009aec        0x0 linker stubs
 *(.glue_7t)
 .glue_7t       0x08009aec        0x0 linker stubs
 *(.eh_frame)
 .eh_frame      0x08009aec        0x0 G:/ST/STM32CubeIDE_1.19.0/STM32CubeIDE/plugins/com.st.stm32cube.ide.mcu.externaltools.gnu-tools-for-stm32.13.3.rel1.win32_1.0.0.202411081344/tools/bin/../lib/gcc/arm-none-eabi/13.3.1/thumb/v7e-m+fp/hard/crtbegin.o
 *(.init)
 .init          0x08009aec        0x4 G:/ST/STM32CubeIDE_1.19.0/STM32CubeIDE/plugins/com.st.stm32cube.ide.mcu.externaltools.gnu-tools-for-stm32.13.3.rel1.win32_1.0.0.202411081344/tools/bin/../lib/gcc/arm-none-eabi/13.3.1/thumb/v7e-m+fp/hard/crti.o
                0x08009aec                _init
 .init          0x08009af0        0x8 G:/ST/STM32CubeIDE_1.19.0/STM32CubeIDE/plugins/com.st.stm32cube.ide.mcu.externaltools.gnu-tools-for-stm32.13.3.rel1.win32_1.0.0.202411081344/tools/bin/../lib/gcc/arm-none-eabi/13.3.1/thumb/v7e-m+fp/hard/crtn.o
 *(.fini)
 .fini          0x08009af8        0x4 G:/ST/STM32CubeIDE_1.19.0/STM32CubeIDE/plugins/com.st.stm32cube.ide.mcu.externaltools.gnu-tools-for-stm32.13.3.rel1.win32_1.0.0.202411081344/tools/bin/../lib/gcc/arm-none-eabi/13.3.1/thumb/v7e-m+fp/hard/crti.o
                0x08009af8                _fini
 .fini          0x08009afc        0x8 G:/ST/STM32CubeIDE_1.19.0/STM32CubeIDE/plugins/com.st.stm32cube.ide.mcu.externaltools.gnu-tools-for-stm32.13.3.rel1.win32_1.0.0.202411081344/tools/bin/../lib/gcc/arm-none-eabi/13.3.1/thumb/v7e-m+fp/hard/crtn.o
                0x08009b04                        . = ALIGN (0x4)
                0x08009b04                        _etext = .

.vfp11_veneer   0x08009b04        0x0
 .vfp11_veneer  0x08009b04        0x0 linker stubs

.v4_bx          0x08009b04        0x0
 .v4_bx         0x08009b04        0x0 linker stubs

.iplt           0x08009b04        0x0
 .iplt          0x08009b04        0x0 G:/ST/STM32CubeIDE_1.19.0/STM32CubeIDE/plugins/com.st.stm32cube.ide.mcu.externaltools.gnu-tools-for-stm32.13.3.rel1.win32_1.0.0.202411081344/tools/bin/../lib/gcc/arm-none-eabi/13.3.1/thumb/v7e-m+fp/hard/crtbegin.o

.rodata         0x08009b04       0xa4
                0x08009b04                        . = ALIGN (0x4)
 *(.rodata)
 .rodata        0x08009b04       0x5d ./USB_DEVICE/App/usbd_desc.o
 *(.rodata*)
 *fill*         0x08009b61        0x3 
 .rodata.keycode_map
                0x08009b64       0x24 ./Core/Src/mpr121_handler.o
 .rodata.AHBPrescTable
                0x08009b88       0x10 ./Core/Src/system_stm32f4xx.o
                0x08009b88                AHBPrescTable
 .rodata.APBPrescTable
                0x08009b98        0x8 ./Core/Src/system_stm32f4xx.o
                0x08009b98                APBPrescTable
 .rodata.flagBitshiftOffset.0
                0x08009ba0        0x8 ./Drivers/STM32F4xx_HAL_Driver/Src/stm32f4xx_hal_dma.o
                0x08009ba8                        . = ALIGN (0x4)

.ARM.extab      0x08009ba8        0x0
                0x08009ba8                        . = ALIGN (0x4)
 *(.ARM.extab* .gnu.linkonce.armextab.*)
                0x08009ba8                        . = ALIGN (0x4)

.ARM            0x08009ba8        0x8
                0x08009ba8                        . = ALIGN (0x4)
                0x08009ba8                        __exidx_start = .
 *(.ARM.exidx*)
 .ARM.exidx     0x08009ba8        0x8 G:/ST/STM32CubeIDE_1.19.0/STM32CubeIDE/plugins/com.st.stm32cube.ide.mcu.externaltools.gnu-tools-for-stm32.13.3.rel1.win32_1.0.0.202411081344/tools/bin/../lib/gcc/arm-none-eabi/13.3.1/thumb/v7e-m+fp/hard\libgcc.a(_udivmoddi4.o)
                0x08009bb0                        __exidx_end = .
                0x08009bb0                        . = ALIGN (0x4)

.preinit_array  0x08009bb0        0x0
                0x08009bb0                        . = ALIGN (0x4)
                0x08009bb0                        PROVIDE (__preinit_array_start = .)
 *(.preinit_array*)
                0x08009bb0                        PROVIDE (__preinit_array_end = .)
                0x08009bb0                        . = ALIGN (0x4)

.init_array     0x08009bb0        0x4
                0x08009bb0                        . = ALIGN (0x4)
                0x08009bb0                        PROVIDE (__init_array_start = .)
 *(SORT_BY_NAME(.init_array.*))
 *(.init_array*)
 .init_array    0x08009bb0        0x4 G:/ST/STM32CubeIDE_1.19.0/STM32CubeIDE/plugins/com.st.stm32cube.ide.mcu.externaltools.gnu-tools-for-stm32.13.3.rel1.win32_1.0.0.202411081344/tools/bin/../lib/gcc/arm-none-eabi/13.3.1/thumb/v7e-m+fp/hard/crtbegin.o
                0x08009bb4                        PROVIDE (__init_array_end = .)
                0x08009bb4                        . = ALIGN (0x4)

.fini_array     0x08009bb4        0x4
                0x08009bb4                        . = ALIGN (0x4)
                [!provide]                        PROVIDE (__fini_array_start = .)
 *(SORT_BY_NAME(.fini_array.*))
 *(.fini_array*)
 .fini_array    0x08009bb4        0x4 G:/ST/STM32CubeIDE_1.19.0/STM32CubeIDE/plugins/com.st.stm32cube.ide.mcu.externaltools.gnu-tools-for-stm32.13.3.rel1.win32_1.0.0.202411081344/tools/bin/../lib/gcc/arm-none-eabi/13.3.1/thumb/v7e-m+fp/hard/crtbegin.o
                [!provide]                        PROVIDE (__fini_array_end = .)
                0x08009bb8                        . = ALIGN (0x4)
                0x08009bb8                        _sidata = LOADADDR (.data)

.rel.dyn        0x08009bb8        0x0
 .rel.iplt      0x08009bb8        0x0 G:/ST/STM32CubeIDE_1.19.0/STM32CubeIDE/plugins/com.st.stm32cube.ide.mcu.externaltools.gnu-tools-for-stm32.13.3.rel1.win32_1.0.0.202411081344/tools/bin/../lib/gcc/arm-none-eabi/13.3.1/thumb/v7e-m+fp/hard/crtbegin.o

.data           0x20000000      0x110 load address 0x08009bb8
                0x20000000                        . = ALIGN (0x4)
                0x20000000                        _sdata = .
 *(.data)
 *(.data*)
 .data.SystemCoreClock
                0x20000000        0x4 ./Core/Src/system_stm32f4xx.o
                0x20000000                SystemCoreClock
 .data.uwTickPrio
                0x20000004        0x4 ./Drivers/STM32F4xx_HAL_Driver/Src/stm32f4xx_hal.o
                0x20000004                uwTickPrio
 .data.uwTickFreq
                0x20000008        0x1 ./Drivers/STM32F4xx_HAL_Driver/Src/stm32f4xx_hal.o
                0x20000008                uwTickFreq
 *fill*         0x20000009        0x3 
 .data.USBD_CUSTOM_HID
                0x2000000c       0x38 ./Middlewares/ST/STM32_USB_Device_Library/Class/CustomHID/Src/usbd_customhid.o
                0x2000000c                USBD_CUSTOM_HID
 .data.USBD_CUSTOM_HID_CfgDesc
                0x20000044       0x29 ./Middlewares/ST/STM32_USB_Device_Library/Class/CustomHID/Src/usbd_customhid.o
 *fill*         0x2000006d        0x3 
 .data.USBD_CUSTOM_HID_Desc
                0x20000070        0x9 ./Middlewares/ST/STM32_USB_Device_Library/Class/CustomHID/Src/usbd_customhid.o
 *fill*         0x20000079        0x3 
 .data.USBD_CUSTOM_HID_DeviceQualifierDesc
                0x2000007c        0xa ./Middlewares/ST/STM32_USB_Device_Library/Class/CustomHID/Src/usbd_customhid.o
 .data.CUSTOMHIDInEpAdd
                0x20000086        0x1 ./Middlewares/ST/STM32_USB_Device_Library/Class/CustomHID/Src/usbd_customhid.o
 .data.CUSTOMHIDOutEpAdd
                0x20000087        0x1 ./Middlewares/ST/STM32_USB_Device_Library/Class/CustomHID/Src/usbd_customhid.o
 .data.CUSTOM_HID_ReportDesc_FS
                0x20000088       0x27 ./USB_DEVICE/App/usbd_custom_hid_if.o
 *fill*         0x200000af        0x1 
 .data.USBD_CustomHID_fops_FS
                0x200000b0       0x10 ./USB_DEVICE/App/usbd_custom_hid_if.o
                0x200000b0                USBD_CustomHID_fops_FS
 .data.FS_Desc  0x200000c0       0x1c ./USB_DEVICE/App/usbd_desc.o
                0x200000c0                FS_Desc
 .data.USBD_FS_DeviceDesc
                0x200000dc       0x12 ./USB_DEVICE/App/usbd_desc.o
                0x200000dc                USBD_FS_DeviceDesc
 *fill*         0x200000ee        0x2 
 .data.USBD_LangIDDesc
                0x200000f0        0x4 ./USB_DEVICE/App/usbd_desc.o
                0x200000f0                USBD_LangIDDesc
 .data.USBD_StringSerial
                0x200000f4       0x1a ./USB_DEVICE/App/usbd_desc.o
                0x200000f4                USBD_StringSerial
 *(.RamFunc)
 *(.RamFunc*)
                0x20000110                        . = ALIGN (0x4)
 *fill*         0x2000010e        0x2 
                0x20000110                        _edata = .

.igot.plt       0x20000110        0x0 load address 0x08009cc8
 .igot.plt      0x20000110        0x0 G:/ST/STM32CubeIDE_1.19.0/STM32CubeIDE/plugins/com.st.stm32cube.ide.mcu.externaltools.gnu-tools-for-stm32.13.3.rel1.win32_1.0.0.202411081344/tools/bin/../lib/gcc/arm-none-eabi/13.3.1/thumb/v7e-m+fp/hard/crtbegin.o
                0x20000110                        . = ALIGN (0x4)

.bss            0x20000110      0xbd0 load address 0x08009cc8
                0x20000110                        _sbss = .
                0x20000110                        __bss_start__ = _sbss
 *(.bss)
 .bss           0x20000110       0x1c G:/ST/STM32CubeIDE_1.19.0/STM32CubeIDE/plugins/com.st.stm32cube.ide.mcu.externaltools.gnu-tools-for-stm32.13.3.rel1.win32_1.0.0.202411081344/tools/bin/../lib/gcc/arm-none-eabi/13.3.1/thumb/v7e-m+fp/hard/crtbegin.o
 *(.bss*)
 .bss.adc_buf   0x2000012c        0x8 ./Core/Src/gp2y.o
                0x2000012c                adc_buf
 .bss.lastKeys  0x20000134        0x2 ./Core/Src/gp2y.o
 .bss.gp2y_dma_status
                0x20000136        0x1 ./Core/Src/gp2y.o
                0x20000136                gp2y_dma_status
 *fill*         0x20000137        0x1 
 .bss.last_raw.2
                0x20000138        0x8 ./Core/Src/gp2y.o
 .bss.idx.1     0x20000140        0x2 ./Core/Src/gp2y.o
 *fill*         0x20000142        0x2 
 .bss.buf.0     0x20000144       0x80 ./Core/Src/gp2y.o
 .bss.nkro_report
                0x200001c4        0xf ./Core/Src/hid_nkro.o
 *fill*         0x200001d3        0x1 
 .bss.hadc1     0x200001d4       0x48 ./Core/Src/main.o
                0x200001d4                hadc1
 .bss.hdma_adc1
                0x2000021c       0x60 ./Core/Src/main.o
                0x2000021c                hdma_adc1
 .bss.hi2c1     0x2000027c       0x54 ./Core/Src/main.o
                0x2000027c                hi2c1
 .bss.cap1      0x200002d0        0x8 ./Core/Src/mpr121_handler.o
 .bss.cap2      0x200002d8        0x8 ./Core/Src/mpr121_handler.o
 .bss.cap3      0x200002e0        0x8 ./Core/Src/mpr121_handler.o
 .bss.lastTouched
                0x200002e8        0x8 ./Core/Src/mpr121_handler.o
 .bss.uwTick    0x200002f0        0x4 ./Drivers/STM32F4xx_HAL_Driver/Src/stm32f4xx_hal.o
                0x200002f0                uwTick
 .bss.cfgidx.0  0x200002f4        0x1 ./Middlewares/ST/STM32_USB_Device_Library/Core/Src/usbd_ctlreq.o
 *fill*         0x200002f5        0x3 
 .bss.hUsbDeviceFS
                0x200002f8      0x2dc ./USB_DEVICE/App/usb_device.o
                0x200002f8                hUsbDeviceFS
 .bss.USBD_StrDesc
                0x200005d4      0x200 ./USB_DEVICE/App/usbd_desc.o
                0x200005d4                USBD_StrDesc
 .bss.hpcd_USB_OTG_FS
                0x200007d4      0x4e4 ./USB_DEVICE/Target/usbd_conf.o
                0x200007d4                hpcd_USB_OTG_FS
 .bss.mem.0     0x20000cb8       0x28 ./USB_DEVICE/Target/usbd_conf.o
 *(COMMON)
                0x20000ce0                        . = ALIGN (0x4)
                0x20000ce0                        _ebss = .
                0x20000ce0                        __bss_end__ = _ebss

._user_heap_stack
                0x20000ce0      0x600 load address 0x08009cc8
                0x20000ce0                        . = ALIGN (0x8)
                [!provide]                        PROVIDE (end = .)
                0x20000ce0                        PROVIDE (_end = .)
                0x20000ee0                        . = (. + _Min_Heap_Size)
 *fill*         0x20000ce0      0x200 
                0x200012e0                        . = (. + _Min_Stack_Size)
 *fill*         0x20000ee0      0x400 
                0x200012e0                        . = ALIGN (0x8)

/DISCARD/
 libc.a(*)
 libm.a(*)
 libgcc.a(*)

.ARM.attributes
                0x00000000       0x30
 *(.ARM.attributes)
 .ARM.attributes
                0x00000000       0x22 G:/ST/STM32CubeIDE_1.19.0/STM32CubeIDE/plugins/com.st.stm32cube.ide.mcu.externaltools.gnu-tools-for-stm32.13.3.rel1.win32_1.0.0.202411081344/tools/bin/../lib/gcc/arm-none-eabi/13.3.1/thumb/v7e-m+fp/hard/crti.o
 .ARM.attributes
                0x00000022       0x34 G:/ST/STM32CubeIDE_1.19.0/STM32CubeIDE/plugins/com.st.stm32cube.ide.mcu.externaltools.gnu-tools-for-stm32.13.3.rel1.win32_1.0.0.202411081344/tools/bin/../lib/gcc/arm-none-eabi/13.3.1/thumb/v7e-m+fp/hard/crtbegin.o
 .ARM.attributes
                0x00000056       0x34 ./Core/Src/gp2y.o
 .ARM.attributes
                0x0000008a       0x34 ./Core/Src/hid_nkro.o
 .ARM.attributes
                0x000000be       0x34 ./Core/Src/main.o
 .ARM.attributes
                0x000000f2       0x34 ./Core/Src/mpr121.o
 .ARM.attributes
                0x00000126       0x34 ./Core/Src/mpr121_handler.o
 .ARM.attributes
                0x0000015a       0x34 ./Core/Src/stm32f4xx_hal_msp.o
 .ARM.attributes
                0x0000018e       0x34 ./Core/Src/stm32f4xx_it.o
 .ARM.attributes
                0x000001c2       0x34 ./Core/Src/system_stm32f4xx.o
 .ARM.attributes
                0x000001f6       0x21 ./Core/Startup/startup_stm32f411ceux.o
 .ARM.attributes
                0x00000217       0x34 ./Drivers/STM32F4xx_HAL_Driver/Src/stm32f4xx_hal.o
 .ARM.attributes
                0x0000024b       0x34 ./Drivers/STM32F4xx_HAL_Driver/Src/stm32f4xx_hal_adc.o
 .ARM.attributes
                0x0000027f       0x34 ./Drivers/STM32F4xx_HAL_Driver/Src/stm32f4xx_hal_cortex.o
 .ARM.attributes
                0x000002b3       0x34 ./Drivers/STM32F4xx_HAL_Driver/Src/stm32f4xx_hal_dma.o
 .ARM.attributes
                0x000002e7       0x34 ./Drivers/STM32F4xx_HAL_Driver/Src/stm32f4xx_hal_gpio.o
 .ARM.attributes
                0x0000031b       0x34 ./Drivers/STM32F4xx_HAL_Driver/Src/stm32f4xx_hal_i2c.o
 .ARM.attributes
                0x0000034f       0x34 ./Drivers/STM32F4xx_HAL_Driver/Src/stm32f4xx_hal_pcd.o
 .ARM.attributes
                0x00000383       0x34 ./Drivers/STM32F4xx_HAL_Driver/Src/stm32f4xx_hal_pcd_ex.o
 .ARM.attributes
                0x000003b7       0x34 ./Drivers/STM32F4xx_HAL_Driver/Src/stm32f4xx_hal_rcc.o
 .ARM.attributes
                0x000003eb       0x34 ./Drivers/STM32F4xx_HAL_Driver/Src/stm32f4xx_ll_usb.o
 .ARM.attributes
                0x0000041f       0x34 ./Middlewares/ST/STM32_USB_Device_Library/Class/CustomHID/Src/usbd_customhid.o
 .ARM.attributes
                0x00000453       0x34 ./Middlewares/ST/STM32_USB_Device_Library/Core/Src/usbd_core.o
 .ARM.attributes
                0x00000487       0x34 ./Middlewares/ST/STM32_USB_Device_Library/Core/Src/usbd_ctlreq.o
 .ARM.attributes
                0x000004bb       0x34 ./Middlewares/ST/STM32_USB_Device_Library/Core/Src/usbd_ioreq.o
 .ARM.attributes
                0x000004ef       0x34 ./USB_DEVICE/App/usb_device.o
 .ARM.attributes
                0x00000523       0x34 ./USB_DEVICE/App/usbd_custom_hid_if.o
 .ARM.attributes
                0x00000557       0x34 ./USB_DEVICE/App/usbd_desc.o
 .ARM.attributes
                0x0000058b       0x34 ./USB_DEVICE/Target/usbd_conf.o
 .ARM.attributes
                0x000005bf       0x34 G:/ST/STM32CubeIDE_1.19.0/STM32CubeIDE/plugins/com.st.stm32cube.ide.mcu.externaltools.gnu-tools-for-stm32.13.3.rel1.win32_1.0.0.202411081344/tools/bin/../lib/gcc/arm-none-eabi/13.3.1/../../../../arm-none-eabi/lib/thumb/v7e-m+fp/hard\libc_nano.a(libc_a-memset.o)
 .ARM.attributes
                0x000005f3       0x34 G:/ST/STM32CubeIDE_1.19.0/STM32CubeIDE/plugins/com.st.stm32cube.ide.mcu.externaltools.gnu-tools-for-stm32.13.3.rel1.win32_1.0.0.202411081344/tools/bin/../lib/gcc/arm-none-eabi/13.3.1/../../../../arm-none-eabi/lib/thumb/v7e-m+fp/hard\libc_nano.a(libc_a-init.o)
 .ARM.attributes
                0x00000627       0x22 G:/ST/STM32CubeIDE_1.19.0/STM32CubeIDE/plugins/com.st.stm32cube.ide.mcu.externaltools.gnu-tools-for-stm32.13.3.rel1.win32_1.0.0.202411081344/tools/bin/../lib/gcc/arm-none-eabi/13.3.1/thumb/v7e-m+fp/hard\libgcc.a(_arm_muldf3.o)
 .ARM.attributes
                0x00000649       0x22 G:/ST/STM32CubeIDE_1.19.0/STM32CubeIDE/plugins/com.st.stm32cube.ide.mcu.externaltools.gnu-tools-for-stm32.13.3.rel1.win32_1.0.0.202411081344/tools/bin/../lib/gcc/arm-none-eabi/13.3.1/thumb/v7e-m+fp/hard\libgcc.a(_arm_addsubdf3.o)
 .ARM.attributes
                0x0000066b       0x22 G:/ST/STM32CubeIDE_1.19.0/STM32CubeIDE/plugins/com.st.stm32cube.ide.mcu.externaltools.gnu-tools-for-stm32.13.3.rel1.win32_1.0.0.202411081344/tools/bin/../lib/gcc/arm-none-eabi/13.3.1/thumb/v7e-m+fp/hard\libgcc.a(_arm_fixunsdfsi.o)
 .ARM.attributes
                0x0000068d       0x22 G:/ST/STM32CubeIDE_1.19.0/STM32CubeIDE/plugins/com.st.stm32cube.ide.mcu.externaltools.gnu-tools-for-stm32.13.3.rel1.win32_1.0.0.202411081344/tools/bin/../lib/gcc/arm-none-eabi/13.3.1/thumb/v7e-m+fp/hard\libgcc.a(_aeabi_uldivmod.o)
 .ARM.attributes
                0x000006af       0x34 G:/ST/STM32CubeIDE_1.19.0/STM32CubeIDE/plugins/com.st.stm32cube.ide.mcu.externaltools.gnu-tools-for-stm32.13.3.rel1.win32_1.0.0.202411081344/tools/bin/../lib/gcc/arm-none-eabi/13.3.1/thumb/v7e-m+fp/hard\libgcc.a(_udivmoddi4.o)
 .ARM.attributes
                0x000006e3       0x22 G:/ST/STM32CubeIDE_1.19.0/STM32CubeIDE/plugins/com.st.stm32cube.ide.mcu.externaltools.gnu-tools-for-stm32.13.3.rel1.win32_1.0.0.202411081344/tools/bin/../lib/gcc/arm-none-eabi/13.3.1/thumb/v7e-m+fp/hard\libgcc.a(_dvmd_tls.o)
 .ARM.attributes
                0x00000705       0x22 G:/ST/STM32CubeIDE_1.19.0/STM32CubeIDE/plugins/com.st.stm32cube.ide.mcu.externaltools.gnu-tools-for-stm32.13.3.rel1.win32_1.0.0.202411081344/tools/bin/../lib/gcc/arm-none-eabi/13.3.1/thumb/v7e-m+fp/hard/crtn.o
OUTPUT(MPR_GP2Y.elf elf32-littlearm)
LOAD linker stubs
LOAD G:/ST/STM32CubeIDE_1.19.0/STM32CubeIDE/plugins/com.st.stm32cube.ide.mcu.externaltools.gnu-tools-for-stm32.13.3.rel1.win32_1.0.0.202411081344/tools/bin/../lib/gcc/arm-none-eabi/13.3.1/../../../../arm-none-eabi/lib/thumb/v7e-m+fp/hard\libc.a
LOAD G:/ST/STM32CubeIDE_1.19.0/STM32CubeIDE/plugins/com.st.stm32cube.ide.mcu.externaltools.gnu-tools-for-stm32.13.3.rel1.win32_1.0.0.202411081344/tools/bin/../lib/gcc/arm-none-eabi/13.3.1/../../../../arm-none-eabi/lib/thumb/v7e-m+fp/hard\libm.a
LOAD G:/ST/STM32CubeIDE_1.19.0/STM32CubeIDE/plugins/com.st.stm32cube.ide.mcu.externaltools.gnu-tools-for-stm32.13.3.rel1.win32_1.0.0.202411081344/tools/bin/../lib/gcc/arm-none-eabi/13.3.1/thumb/v7e-m+fp/hard\libgcc.a

.debug_info     0x00000000    0x1399d
 .debug_info    0x00000000      0x788 ./Core/Src/gp2y.o
 .debug_info    0x00000788      0x65a ./Core/Src/hid_nkro.o
 .debug_info    0x00000de2     0x1020 ./Core/Src/main.o
 .debug_info    0x00001e02      0x8c7 ./Core/Src/mpr121.o
 .debug_info    0x000026c9      0x79f ./Core/Src/mpr121_handler.o
 .debug_info    0x00002e68      0xccd ./Core/Src/stm32f4xx_hal_msp.o
 .debug_info    0x00003b35      0x897 ./Core/Src/stm32f4xx_it.o
 .debug_info    0x000043cc      0x53e ./Core/Src/system_stm32f4xx.o
 .debug_info    0x0000490a       0x30 ./Core/Startup/startup_stm32f411ceux.o
 .debug_info    0x0000493a      0x8c4 ./Drivers/STM32F4xx_HAL_Driver/Src/stm32f4xx_hal.o
 .debug_info    0x000051fe      0xce0 ./Drivers/STM32F4xx_HAL_Driver/Src/stm32f4xx_hal_adc.o
 .debug_info    0x00005ede      0xcfc ./Drivers/STM32F4xx_HAL_Driver/Src/stm32f4xx_hal_cortex.o
 .debug_info    0x00006bda      0x8e6 ./Drivers/STM32F4xx_HAL_Driver/Src/stm32f4xx_hal_dma.o
 .debug_info    0x000074c0      0x6f9 ./Drivers/STM32F4xx_HAL_Driver/Src/stm32f4xx_hal_gpio.o
 .debug_info    0x00007bb9     0x2426 ./Drivers/STM32F4xx_HAL_Driver/Src/stm32f4xx_hal_i2c.o
 .debug_info    0x00009fdf     0x1577 ./Drivers/STM32F4xx_HAL_Driver/Src/stm32f4xx_hal_pcd.o
 .debug_info    0x0000b556      0x6ea ./Drivers/STM32F4xx_HAL_Driver/Src/stm32f4xx_hal_pcd_ex.o
 .debug_info    0x0000bc40      0x904 ./Drivers/STM32F4xx_HAL_Driver/Src/stm32f4xx_hal_rcc.o
 .debug_info    0x0000c544     0x1993 ./Drivers/STM32F4xx_HAL_Driver/Src/stm32f4xx_ll_usb.o
 .debug_info    0x0000ded7      0xc60 ./Middlewares/ST/STM32_USB_Device_Library/Class/CustomHID/Src/usbd_customhid.o
 .debug_info    0x0000eb37      0xe12 ./Middlewares/ST/STM32_USB_Device_Library/Core/Src/usbd_core.o
 .debug_info    0x0000f949      0xaeb ./Middlewares/ST/STM32_USB_Device_Library/Core/Src/usbd_ctlreq.o
 .debug_info    0x00010434      0x762 ./Middlewares/ST/STM32_USB_Device_Library/Core/Src/usbd_ioreq.o
 .debug_info    0x00010b96      0x6d9 ./USB_DEVICE/App/usb_device.o
 .debug_info    0x0001126f      0x6c3 ./USB_DEVICE/App/usbd_custom_hid_if.o
 .debug_info    0x00011932      0x458 ./USB_DEVICE/App/usbd_desc.o
 .debug_info    0x00011d8a     0x1c13 ./USB_DEVICE/Target/usbd_conf.o

.debug_abbrev   0x00000000     0x38df
 .debug_abbrev  0x00000000      0x1e7 ./Core/Src/gp2y.o
 .debug_abbrev  0x000001e7      0x1cc ./Core/Src/hid_nkro.o
 .debug_abbrev  0x000003b3      0x2be ./Core/Src/main.o
 .debug_abbrev  0x00000671      0x1e3 ./Core/Src/mpr121.o
 .debug_abbrev  0x00000854      0x1c7 ./Core/Src/mpr121_handler.o
 .debug_abbrev  0x00000a1b      0x1e3 ./Core/Src/stm32f4xx_hal_msp.o
 .debug_abbrev  0x00000bfe      0x1bf ./Core/Src/stm32f4xx_it.o
 .debug_abbrev  0x00000dbd      0x11a ./Core/Src/system_stm32f4xx.o
 .debug_abbrev  0x00000ed7       0x24 ./Core/Startup/startup_stm32f411ceux.o
 .debug_abbrev  0x00000efb      0x24b ./Drivers/STM32F4xx_HAL_Driver/Src/stm32f4xx_hal.o
 .debug_abbrev  0x00001146      0x20e ./Drivers/STM32F4xx_HAL_Driver/Src/stm32f4xx_hal_adc.o
 .debug_abbrev  0x00001354      0x31d ./Drivers/STM32F4xx_HAL_Driver/Src/stm32f4xx_hal_cortex.o
 .debug_abbrev  0x00001671      0x221 ./Drivers/STM32F4xx_HAL_Driver/Src/stm32f4xx_hal_dma.o
 .debug_abbrev  0x00001892      0x1d3 ./Drivers/STM32F4xx_HAL_Driver/Src/stm32f4xx_hal_gpio.o
 .debug_abbrev  0x00001a65      0x2bc ./Drivers/STM32F4xx_HAL_Driver/Src/stm32f4xx_hal_i2c.o
 .debug_abbrev  0x00001d21      0x2b6 ./Drivers/STM32F4xx_HAL_Driver/Src/stm32f4xx_hal_pcd.o
 .debug_abbrev  0x00001fd7      0x1da ./Drivers/STM32F4xx_HAL_Driver/Src/stm32f4xx_hal_pcd_ex.o
 .debug_abbrev  0x000021b1      0x2b6 ./Drivers/STM32F4xx_HAL_Driver/Src/stm32f4xx_hal_rcc.o
 .debug_abbrev  0x00002467      0x2b3 ./Drivers/STM32F4xx_HAL_Driver/Src/stm32f4xx_ll_usb.o
 .debug_abbrev  0x0000271a      0x2d0 ./Middlewares/ST/STM32_USB_Device_Library/Class/CustomHID/Src/usbd_customhid.o
 .debug_abbrev  0x000029ea      0x27c ./Middlewares/ST/STM32_USB_Device_Library/Core/Src/usbd_core.o
 .debug_abbrev  0x00002c66      0x26f ./Middlewares/ST/STM32_USB_Device_Library/Core/Src/usbd_ctlreq.o
 .debug_abbrev  0x00002ed5      0x19a ./Middlewares/ST/STM32_USB_Device_Library/Core/Src/usbd_ioreq.o
 .debug_abbrev  0x0000306f      0x190 ./USB_DEVICE/App/usb_device.o
 .debug_abbrev  0x000031ff      0x1c0 ./USB_DEVICE/App/usbd_custom_hid_if.o
 .debug_abbrev  0x000033bf      0x1e1 ./USB_DEVICE/App/usbd_desc.o
 .debug_abbrev  0x000035a0      0x33f ./USB_DEVICE/Target/usbd_conf.o

.debug_aranges  0x00000000     0x1068
 .debug_aranges
                0x00000000       0x38 ./Core/Src/gp2y.o
 .debug_aranges
                0x00000038       0x38 ./Core/Src/hid_nkro.o
 .debug_aranges
                0x00000070       0x50 ./Core/Src/main.o
 .debug_aranges
                0x000000c0       0x48 ./Core/Src/mpr121.o
 .debug_aranges
                0x00000108       0x28 ./Core/Src/mpr121_handler.o
 .debug_aranges
                0x00000130       0x40 ./Core/Src/stm32f4xx_hal_msp.o
 .debug_aranges
                0x00000170       0x70 ./Core/Src/stm32f4xx_it.o
 .debug_aranges
                0x000001e0       0x28 ./Core/Src/system_stm32f4xx.o
 .debug_aranges
                0x00000208       0x28 ./Core/Startup/startup_stm32f411ceux.o
 .debug_aranges
                0x00000230       0xf0 ./Drivers/STM32F4xx_HAL_Driver/Src/stm32f4xx_hal.o
 .debug_aranges
                0x00000320       0xe8 ./Drivers/STM32F4xx_HAL_Driver/Src/stm32f4xx_hal_adc.o
 .debug_aranges
                0x00000408      0x130 ./Drivers/STM32F4xx_HAL_Driver/Src/stm32f4xx_hal_cortex.o
 .debug_aranges
                0x00000538       0x90 ./Drivers/STM32F4xx_HAL_Driver/Src/stm32f4xx_hal_dma.o
 .debug_aranges
                0x000005c8       0x58 ./Drivers/STM32F4xx_HAL_Driver/Src/stm32f4xx_hal_gpio.o
 .debug_aranges
                0x00000620      0x2a8 ./Drivers/STM32F4xx_HAL_Driver/Src/stm32f4xx_hal_i2c.o
 .debug_aranges
                0x000008c8      0x148 ./Drivers/STM32F4xx_HAL_Driver/Src/stm32f4xx_hal_pcd.o
 .debug_aranges
                0x00000a10       0x38 ./Drivers/STM32F4xx_HAL_Driver/Src/stm32f4xx_hal_pcd_ex.o
 .debug_aranges
                0x00000a48       0x88 ./Drivers/STM32F4xx_HAL_Driver/Src/stm32f4xx_hal_rcc.o
 .debug_aranges
                0x00000ad0      0x1a0 ./Drivers/STM32F4xx_HAL_Driver/Src/stm32f4xx_ll_usb.o
 .debug_aranges
                0x00000c70       0x80 ./Middlewares/ST/STM32_USB_Device_Library/Class/CustomHID/Src/usbd_customhid.o
 .debug_aranges
                0x00000cf0       0xd8 ./Middlewares/ST/STM32_USB_Device_Library/Core/Src/usbd_core.o
 .debug_aranges
                0x00000dc8       0x90 ./Middlewares/ST/STM32_USB_Device_Library/Core/Src/usbd_ctlreq.o
 .debug_aranges
                0x00000e58       0x50 ./Middlewares/ST/STM32_USB_Device_Library/Core/Src/usbd_ioreq.o
 .debug_aranges
                0x00000ea8       0x20 ./USB_DEVICE/App/usb_device.o
 .debug_aranges
                0x00000ec8       0x30 ./USB_DEVICE/App/usbd_custom_hid_if.o
 .debug_aranges
                0x00000ef8       0x60 ./USB_DEVICE/App/usbd_desc.o
 .debug_aranges
                0x00000f58      0x110 ./USB_DEVICE/Target/usbd_conf.o

.debug_rnglists
                0x00000000      0xc61
 .debug_rnglists
                0x00000000       0x28 ./Core/Src/gp2y.o
 .debug_rnglists
                0x00000028       0x27 ./Core/Src/hid_nkro.o
 .debug_rnglists
                0x0000004f       0x39 ./Core/Src/main.o
 .debug_rnglists
                0x00000088       0x32 ./Core/Src/mpr121.o
 .debug_rnglists
                0x000000ba       0x1a ./Core/Src/mpr121_handler.o
 .debug_rnglists
                0x000000d4       0x2d ./Core/Src/stm32f4xx_hal_msp.o
 .debug_rnglists
                0x00000101       0x4f ./Core/Src/stm32f4xx_it.o
 .debug_rnglists
                0x00000150       0x1a ./Core/Src/system_stm32f4xx.o
 .debug_rnglists
                0x0000016a       0x19 ./Core/Startup/startup_stm32f411ceux.o
 .debug_rnglists
                0x00000183       0xaf ./Drivers/STM32F4xx_HAL_Driver/Src/stm32f4xx_hal.o
 .debug_rnglists
                0x00000232       0xb5 ./Drivers/STM32F4xx_HAL_Driver/Src/stm32f4xx_hal_adc.o
 .debug_rnglists
                0x000002e7       0xe0 ./Drivers/STM32F4xx_HAL_Driver/Src/stm32f4xx_hal_cortex.o
 .debug_rnglists
                0x000003c7       0x70 ./Drivers/STM32F4xx_HAL_Driver/Src/stm32f4xx_hal_dma.o
 .debug_rnglists
                0x00000437       0x3f ./Drivers/STM32F4xx_HAL_Driver/Src/stm32f4xx_hal_gpio.o
 .debug_rnglists
                0x00000476      0x23c ./Drivers/STM32F4xx_HAL_Driver/Src/stm32f4xx_hal_i2c.o
 .debug_rnglists
                0x000006b2       0xfa ./Drivers/STM32F4xx_HAL_Driver/Src/stm32f4xx_hal_pcd.o
 .debug_rnglists
                0x000007ac       0x26 ./Drivers/STM32F4xx_HAL_Driver/Src/stm32f4xx_hal_pcd_ex.o
 .debug_rnglists
                0x000007d2       0x66 ./Drivers/STM32F4xx_HAL_Driver/Src/stm32f4xx_hal_rcc.o
 .debug_rnglists
                0x00000838      0x147 ./Drivers/STM32F4xx_HAL_Driver/Src/stm32f4xx_ll_usb.o
 .debug_rnglists
                0x0000097f       0x5e ./Middlewares/ST/STM32_USB_Device_Library/Class/CustomHID/Src/usbd_customhid.o
 .debug_rnglists
                0x000009dd       0xa1 ./Middlewares/ST/STM32_USB_Device_Library/Core/Src/usbd_core.o
 .debug_rnglists
                0x00000a7e       0x6e ./Middlewares/ST/STM32_USB_Device_Library/Core/Src/usbd_ctlreq.o
 .debug_rnglists
                0x00000aec       0x37 ./Middlewares/ST/STM32_USB_Device_Library/Core/Src/usbd_ioreq.o
 .debug_rnglists
                0x00000b23       0x13 ./USB_DEVICE/App/usb_device.o
 .debug_rnglists
                0x00000b36       0x1f ./USB_DEVICE/App/usbd_custom_hid_if.o
 .debug_rnglists
                0x00000b55       0x43 ./USB_DEVICE/App/usbd_desc.o
 .debug_rnglists
                0x00000b98       0xc9 ./USB_DEVICE/Target/usbd_conf.o

.debug_macro    0x00000000    0x1a871
 .debug_macro   0x00000000      0x3e4 ./Core/Src/gp2y.o
 .debug_macro   0x000003e4      0xad8 ./Core/Src/gp2y.o
 .debug_macro   0x00000ebc      0x2a1 ./Core/Src/gp2y.o
 .debug_macro   0x0000115d       0x2e ./Core/Src/gp2y.o
 .debug_macro   0x0000118b       0x28 ./Core/Src/gp2y.o
 .debug_macro   0x000011b3       0x22 ./Core/Src/gp2y.o
 .debug_macro   0x000011d5       0x8e ./Core/Src/gp2y.o
 .debug_macro   0x00001263       0x51 ./Core/Src/gp2y.o
 .debug_macro   0x000012b4      0x103 ./Core/Src/gp2y.o
 .debug_macro   0x000013b7       0x6a ./Core/Src/gp2y.o
 .debug_macro   0x00001421      0x1df ./Core/Src/gp2y.o
 .debug_macro   0x00001600       0x1c ./Core/Src/gp2y.o
 .debug_macro   0x0000161c       0x22 ./Core/Src/gp2y.o
 .debug_macro   0x0000163e       0xfb ./Core/Src/gp2y.o
 .debug_macro   0x00001739     0x1011 ./Core/Src/gp2y.o
 .debug_macro   0x0000274a      0x11f ./Core/Src/gp2y.o
 .debug_macro   0x00002869     0xb968 ./Core/Src/gp2y.o
 .debug_macro   0x0000e1d1       0x6d ./Core/Src/gp2y.o
 .debug_macro   0x0000e23e     0x3693 ./Core/Src/gp2y.o
 .debug_macro   0x000118d1      0x190 ./Core/Src/gp2y.o
 .debug_macro   0x00011a61       0x5c ./Core/Src/gp2y.o
 .debug_macro   0x00011abd      0x45c ./Core/Src/gp2y.o
 .debug_macro   0x00011f19      0x9e9 ./Core/Src/gp2y.o
 .debug_macro   0x00012902      0x115 ./Core/Src/gp2y.o
 .debug_macro   0x00012a17      0x11b ./Core/Src/gp2y.o
 .debug_macro   0x00012b32       0xa5 ./Core/Src/gp2y.o
 .debug_macro   0x00012bd7      0x15f ./Core/Src/gp2y.o
 .debug_macro   0x00012d36      0x287 ./Core/Src/gp2y.o
 .debug_macro   0x00012fbd       0x5f ./Core/Src/gp2y.o
 .debug_macro   0x0001301c      0x236 ./Core/Src/gp2y.o
 .debug_macro   0x00013252      0x9e1 ./Core/Src/gp2y.o
 .debug_macro   0x00013c33      0x38b ./Core/Src/gp2y.o
 .debug_macro   0x00013fbe      0x17d ./Core/Src/gp2y.o
 .debug_macro   0x0001413b       0xf9 ./Core/Src/gp2y.o
 .debug_macro   0x00014234      0x132 ./Core/Src/gp2y.o
 .debug_macro   0x00014366      0x264 ./Core/Src/gp2y.o
 .debug_macro   0x000145ca       0x2e ./Core/Src/gp2y.o
 .debug_macro   0x000145f8      0x1b5 ./Core/Src/gp2y.o
 .debug_macro   0x000147ad       0x22 ./Core/Src/gp2y.o
 .debug_macro   0x000147cf       0xd6 ./Core/Src/gp2y.o
 .debug_macro   0x000148a5      0x127 ./Core/Src/gp2y.o
 .debug_macro   0x000149cc       0x85 ./Core/Src/gp2y.o
 .debug_macro   0x00014a51       0x89 ./Core/Src/gp2y.o
 .debug_macro   0x00014ada      0x293 ./Core/Src/gp2y.o
 .debug_macro   0x00014d6d       0xba ./Core/Src/gp2y.o
 .debug_macro   0x00014e27      0x126 ./Core/Src/gp2y.o
 .debug_macro   0x00014f4d       0x61 ./Core/Src/gp2y.o
 .debug_macro   0x00014fae       0x2a ./Core/Src/gp2y.o
 .debug_macro   0x00014fd8       0x43 ./Core/Src/gp2y.o
 .debug_macro   0x0001501b       0x34 ./Core/Src/gp2y.o
 .debug_macro   0x0001504f       0x16 ./Core/Src/gp2y.o
 .debug_macro   0x00015065       0x3c ./Core/Src/gp2y.o
 .debug_macro   0x000150a1      0x370 ./Core/Src/gp2y.o
 .debug_macro   0x00015411       0x10 ./Core/Src/gp2y.o
 .debug_macro   0x00015421       0x16 ./Core/Src/gp2y.o
 .debug_macro   0x00015437       0x4a ./Core/Src/gp2y.o
 .debug_macro   0x00015481       0x34 ./Core/Src/gp2y.o
 .debug_macro   0x000154b5       0x10 ./Core/Src/gp2y.o
 .debug_macro   0x000154c5       0x58 ./Core/Src/gp2y.o
 .debug_macro   0x0001551d       0x8e ./Core/Src/gp2y.o
 .debug_macro   0x000155ab       0x1c ./Core/Src/gp2y.o
 .debug_macro   0x000155c7      0x185 ./Core/Src/gp2y.o
 .debug_macro   0x0001574c       0x16 ./Core/Src/gp2y.o
 .debug_macro   0x00015762       0x16 ./Core/Src/gp2y.o
 .debug_macro   0x00015778      0x146 ./Core/Src/gp2y.o
 .debug_macro   0x000158be       0x16 ./Core/Src/gp2y.o
 .debug_macro   0x000158d4       0x16 ./Core/Src/gp2y.o
 .debug_macro   0x000158ea       0x29 ./Core/Src/gp2y.o
 .debug_macro   0x00015913       0x16 ./Core/Src/gp2y.o
 .debug_macro   0x00015929       0x20 ./Core/Src/gp2y.o
 .debug_macro   0x00015949       0x78 ./Core/Src/gp2y.o
 .debug_macro   0x000159c1      0x20f ./Core/Src/gp2y.o
 .debug_macro   0x00015bd0       0x65 ./Core/Src/gp2y.o
 .debug_macro   0x00015c35      0x3d6 ./Core/Src/hid_nkro.o
 .debug_macro   0x0001600b      0x408 ./Core/Src/main.o
 .debug_macro   0x00016413       0x22 ./Core/Src/main.o
 .debug_macro   0x00016435       0x16 ./Core/Src/main.o
 .debug_macro   0x0001644b      0x22d ./Core/Src/mpr121.o
 .debug_macro   0x00016678      0x3f0 ./Core/Src/mpr121_handler.o
 .debug_macro   0x00016a68      0x21f ./Core/Src/stm32f4xx_hal_msp.o
 .debug_macro   0x00016c87      0x229 ./Core/Src/stm32f4xx_it.o
 .debug_macro   0x00016eb0      0x215 ./Core/Src/system_stm32f4xx.o
 .debug_macro   0x000170c5      0x275 ./Drivers/STM32F4xx_HAL_Driver/Src/stm32f4xx_hal.o
 .debug_macro   0x0001733a      0x216 ./Drivers/STM32F4xx_HAL_Driver/Src/stm32f4xx_hal_adc.o
 .debug_macro   0x00017550      0x215 ./Drivers/STM32F4xx_HAL_Driver/Src/stm32f4xx_hal_cortex.o
 .debug_macro   0x00017765      0x21b ./Drivers/STM32F4xx_HAL_Driver/Src/stm32f4xx_hal_dma.o
 .debug_macro   0x00017980      0x21b ./Drivers/STM32F4xx_HAL_Driver/Src/stm32f4xx_hal_gpio.o
 .debug_macro   0x00017b9b      0x263 ./Drivers/STM32F4xx_HAL_Driver/Src/stm32f4xx_hal_i2c.o
 .debug_macro   0x00017dfe      0x221 ./Drivers/STM32F4xx_HAL_Driver/Src/stm32f4xx_hal_pcd.o
 .debug_macro   0x0001801f      0x215 ./Drivers/STM32F4xx_HAL_Driver/Src/stm32f4xx_hal_pcd_ex.o
 .debug_macro   0x00018234      0x239 ./Drivers/STM32F4xx_HAL_Driver/Src/stm32f4xx_hal_rcc.o
 .debug_macro   0x0001846d      0x215 ./Drivers/STM32F4xx_HAL_Driver/Src/stm32f4xx_ll_usb.o
 .debug_macro   0x00018682      0x3ae ./Middlewares/ST/STM32_USB_Device_Library/Class/CustomHID/Src/usbd_customhid.o
 .debug_macro   0x00018a30       0x9e ./Middlewares/ST/STM32_USB_Device_Library/Class/CustomHID/Src/usbd_customhid.o
 .debug_macro   0x00018ace      0x112 ./Middlewares/ST/STM32_USB_Device_Library/Class/CustomHID/Src/usbd_customhid.o
 .debug_macro   0x00018be0       0x56 ./Middlewares/ST/STM32_USB_Device_Library/Class/CustomHID/Src/usbd_customhid.o
 .debug_macro   0x00018c36      0x395 ./Middlewares/ST/STM32_USB_Device_Library/Core/Src/usbd_core.o
 .debug_macro   0x00018fcb      0x215 ./Middlewares/ST/STM32_USB_Device_Library/Core/Src/usbd_core.o
 .debug_macro   0x000191e0      0x39f ./Middlewares/ST/STM32_USB_Device_Library/Core/Src/usbd_ctlreq.o
 .debug_macro   0x0001957f      0x39b ./Middlewares/ST/STM32_USB_Device_Library/Core/Src/usbd_ioreq.o
 .debug_macro   0x0001991a      0x3d5 ./USB_DEVICE/App/usb_device.o
 .debug_macro   0x00019cef       0x22 ./USB_DEVICE/App/usb_device.o
 .debug_macro   0x00019d11      0x3b4 ./USB_DEVICE/App/usbd_custom_hid_if.o
 .debug_macro   0x0001a0c5      0x3d8 ./USB_DEVICE/App/usbd_desc.o
 .debug_macro   0x0001a49d       0x1c ./USB_DEVICE/App/usbd_desc.o
 .debug_macro   0x0001a4b9      0x3b8 ./USB_DEVICE/Target/usbd_conf.o

.debug_line     0x00000000    0x185e1
 .debug_line    0x00000000      0xbcc ./Core/Src/gp2y.o
 .debug_line    0x00000bcc      0xb25 ./Core/Src/hid_nkro.o
 .debug_line    0x000016f1      0xc32 ./Core/Src/main.o
 .debug_line    0x00002323      0x8df ./Core/Src/mpr121.o
 .debug_line    0x00002c02      0xb44 ./Core/Src/mpr121_handler.o
 .debug_line    0x00003746      0x87d ./Core/Src/stm32f4xx_hal_msp.o
 .debug_line    0x00003fc3      0x89b ./Core/Src/stm32f4xx_it.o
 .debug_line    0x0000485e      0x832 ./Core/Src/system_stm32f4xx.o
 .debug_line    0x00005090       0x7a ./Core/Startup/startup_stm32f411ceux.o
 .debug_line    0x0000510a      0xaae ./Drivers/STM32F4xx_HAL_Driver/Src/stm32f4xx_hal.o
 .debug_line    0x00005bb8     0x1205 ./Drivers/STM32F4xx_HAL_Driver/Src/stm32f4xx_hal_adc.o
 .debug_line    0x00006dbd      0xd7e ./Drivers/STM32F4xx_HAL_Driver/Src/stm32f4xx_hal_cortex.o
 .debug_line    0x00007b3b     0x101a ./Drivers/STM32F4xx_HAL_Driver/Src/stm32f4xx_hal_dma.o
 .debug_line    0x00008b55      0xbca ./Drivers/STM32F4xx_HAL_Driver/Src/stm32f4xx_hal_gpio.o
 .debug_line    0x0000971f     0x3b5b ./Drivers/STM32F4xx_HAL_Driver/Src/stm32f4xx_hal_i2c.o
 .debug_line    0x0000d27a     0x14f9 ./Drivers/STM32F4xx_HAL_Driver/Src/stm32f4xx_hal_pcd.o
 .debug_line    0x0000e773      0x877 ./Drivers/STM32F4xx_HAL_Driver/Src/stm32f4xx_hal_pcd_ex.o
 .debug_line    0x0000efea      0xebb ./Drivers/STM32F4xx_HAL_Driver/Src/stm32f4xx_hal_rcc.o
 .debug_line    0x0000fea5     0x1d86 ./Drivers/STM32F4xx_HAL_Driver/Src/stm32f4xx_ll_usb.o
 .debug_line    0x00011c2b      0xe51 ./Middlewares/ST/STM32_USB_Device_Library/Class/CustomHID/Src/usbd_customhid.o
 .debug_line    0x00012a7c      0xfd3 ./Middlewares/ST/STM32_USB_Device_Library/Core/Src/usbd_core.o
 .debug_line    0x00013a4f     0x1195 ./Middlewares/ST/STM32_USB_Device_Library/Core/Src/usbd_ctlreq.o
 .debug_line    0x00014be4      0xada ./Middlewares/ST/STM32_USB_Device_Library/Core/Src/usbd_ioreq.o
 .debug_line    0x000156be      0xab3 ./USB_DEVICE/App/usb_device.o
 .debug_line    0x00016171      0xaa8 ./USB_DEVICE/App/usbd_custom_hid_if.o
 .debug_line    0x00016c19      0xb49 ./USB_DEVICE/App/usbd_desc.o
 .debug_line    0x00017762      0xe7f ./USB_DEVICE/Target/usbd_conf.o

.debug_str      0x00000000    0x95dc5
 .debug_str     0x00000000    0x95dc5 ./Core/Src/gp2y.o
                              0x911f5 (size before relaxing)
 .debug_str     0x00095dc5    0x911b2 ./Core/Src/hid_nkro.o
 .debug_str     0x00095dc5    0x91c24 ./Core/Src/main.o
 .debug_str     0x00095dc5    0x8cddd ./Core/Src/mpr121.o
 .debug_str     0x00095dc5    0x913bd ./Core/Src/mpr121_handler.o
 .debug_str     0x00095dc5    0x8cfec ./Core/Src/stm32f4xx_hal_msp.o
 .debug_str     0x00095dc5    0x8ce0d ./Core/Src/stm32f4xx_it.o
 .debug_str     0x00095dc5    0x8c8e0 ./Core/Src/system_stm32f4xx.o
 .debug_str     0x00095dc5       0x76 ./Core/Startup/startup_stm32f411ceux.o
 .debug_str     0x00095dc5    0x8d30c ./Drivers/STM32F4xx_HAL_Driver/Src/stm32f4xx_hal.o
 .debug_str     0x00095dc5    0x8cebb ./Drivers/STM32F4xx_HAL_Driver/Src/stm32f4xx_hal_adc.o
 .debug_str     0x00095dc5    0x8d076 ./Drivers/STM32F4xx_HAL_Driver/Src/stm32f4xx_hal_cortex.o
 .debug_str     0x00095dc5    0x8cce8 ./Drivers/STM32F4xx_HAL_Driver/Src/stm32f4xx_hal_dma.o
 .debug_str     0x00095dc5    0x8ca5b ./Drivers/STM32F4xx_HAL_Driver/Src/stm32f4xx_hal_gpio.o
 .debug_str     0x00095dc5    0x8d8f1 ./Drivers/STM32F4xx_HAL_Driver/Src/stm32f4xx_hal_i2c.o
 .debug_str     0x00095dc5    0x8d3ac ./Drivers/STM32F4xx_HAL_Driver/Src/stm32f4xx_hal_pcd.o
 .debug_str     0x00095dc5    0x8cc9c ./Drivers/STM32F4xx_HAL_Driver/Src/stm32f4xx_hal_pcd_ex.o
 .debug_str     0x00095dc5    0x8cd14 ./Drivers/STM32F4xx_HAL_Driver/Src/stm32f4xx_hal_rcc.o
 .debug_str     0x00095dc5    0x8d287 ./Drivers/STM32F4xx_HAL_Driver/Src/stm32f4xx_ll_usb.o
 .debug_str     0x00095dc5    0x91571 ./Middlewares/ST/STM32_USB_Device_Library/Class/CustomHID/Src/usbd_customhid.o
 .debug_str     0x00095dc5    0x9130b ./Middlewares/ST/STM32_USB_Device_Library/Core/Src/usbd_core.o
 .debug_str     0x00095dc5    0x91136 ./Middlewares/ST/STM32_USB_Device_Library/Core/Src/usbd_ctlreq.o
 .debug_str     0x00095dc5    0x9100b ./Middlewares/ST/STM32_USB_Device_Library/Core/Src/usbd_ioreq.o
 .debug_str     0x00095dc5    0x912b3 ./USB_DEVICE/App/usb_device.o
 .debug_str     0x00095dc5    0x9121d ./USB_DEVICE/App/usbd_custom_hid_if.o
 .debug_str     0x00095dc5    0x90f18 ./USB_DEVICE/App/usbd_desc.o
 .debug_str     0x00095dc5    0x91fc4 ./USB_DEVICE/Target/usbd_conf.o

.comment        0x00000000       0x43
 .comment       0x00000000       0x43 ./Core/Src/gp2y.o
                                 0x44 (size before relaxing)
 .comment       0x00000043       0x44 ./Core/Src/hid_nkro.o
 .comment       0x00000043       0x44 ./Core/Src/main.o
 .comment       0x00000043       0x44 ./Core/Src/mpr121.o
 .comment       0x00000043       0x44 ./Core/Src/mpr121_handler.o
 .comment       0x00000043       0x44 ./Core/Src/stm32f4xx_hal_msp.o
 .comment       0x00000043       0x44 ./Core/Src/stm32f4xx_it.o
 .comment       0x00000043       0x44 ./Core/Src/system_stm32f4xx.o
 .comment       0x00000043       0x44 ./Drivers/STM32F4xx_HAL_Driver/Src/stm32f4xx_hal.o
 .comment       0x00000043       0x44 ./Drivers/STM32F4xx_HAL_Driver/Src/stm32f4xx_hal_adc.o
 .comment       0x00000043       0x44 ./Drivers/STM32F4xx_HAL_Driver/Src/stm32f4xx_hal_cortex.o
 .comment       0x00000043       0x44 ./Drivers/STM32F4xx_HAL_Driver/Src/stm32f4xx_hal_dma.o
 .comment       0x00000043       0x44 ./Drivers/STM32F4xx_HAL_Driver/Src/stm32f4xx_hal_gpio.o
 .comment       0x00000043       0x44 ./Drivers/STM32F4xx_HAL_Driver/Src/stm32f4xx_hal_i2c.o
 .comment       0x00000043       0x44 ./Drivers/STM32F4xx_HAL_Driver/Src/stm32f4xx_hal_pcd.o
 .comment       0x00000043       0x44 ./Drivers/STM32F4xx_HAL_Driver/Src/stm32f4xx_hal_pcd_ex.o
 .comment       0x00000043       0x44 ./Drivers/STM32F4xx_HAL_Driver/Src/stm32f4xx_hal_rcc.o
 .comment       0x00000043       0x44 ./Drivers/STM32F4xx_HAL_Driver/Src/stm32f4xx_ll_usb.o
 .comment       0x00000043       0x44 ./Middlewares/ST/STM32_USB_Device_Library/Class/CustomHID/Src/usbd_customhid.o
 .comment       0x00000043       0x44 ./Middlewares/ST/STM32_USB_Device_Library/Core/Src/usbd_core.o
 .comment       0x00000043       0x44 ./Middlewares/ST/STM32_USB_Device_Library/Core/Src/usbd_ctlreq.o
 .comment       0x00000043       0x44 ./Middlewares/ST/STM32_USB_Device_Library/Core/Src/usbd_ioreq.o
 .comment       0x00000043       0x44 ./USB_DEVICE/App/usb_device.o
 .comment       0x00000043       0x44 ./USB_DEVICE/App/usbd_custom_hid_if.o
 .comment       0x00000043       0x44 ./USB_DEVICE/App/usbd_desc.o
 .comment       0x00000043       0x44 ./USB_DEVICE/Target/usbd_conf.o

.debug_frame    0x00000000     0x4380
 .debug_frame   0x00000000       0xa0 ./Core/Src/gp2y.o
 .debug_frame   0x000000a0       0x98 ./Core/Src/hid_nkro.o
 .debug_frame   0x00000138       0xf4 ./Core/Src/main.o
 .debug_frame   0x0000022c       0xe8 ./Core/Src/mpr121.o
 .debug_frame   0x00000314       0x68 ./Core/Src/mpr121_handler.o
 .debug_frame   0x0000037c       0xc8 ./Core/Src/stm32f4xx_hal_msp.o
 .debug_frame   0x00000444      0x13c ./Core/Src/stm32f4xx_it.o
 .debug_frame   0x00000580       0x58 ./Core/Src/system_stm32f4xx.o
 .debug_frame   0x000005d8      0x374 ./Drivers/STM32F4xx_HAL_Driver/Src/stm32f4xx_hal.o
 .debug_frame   0x0000094c      0x3fc ./Drivers/STM32F4xx_HAL_Driver/Src/stm32f4xx_hal_adc.o
 .debug_frame   0x00000d48      0x508 ./Drivers/STM32F4xx_HAL_Driver/Src/stm32f4xx_hal_cortex.o
 .debug_frame   0x00001250      0x250 ./Drivers/STM32F4xx_HAL_Driver/Src/stm32f4xx_hal_dma.o
 .debug_frame   0x000014a0      0x14c ./Drivers/STM32F4xx_HAL_Driver/Src/stm32f4xx_hal_gpio.o
 .debug_frame   0x000015ec      0xc84 ./Drivers/STM32F4xx_HAL_Driver/Src/stm32f4xx_hal_i2c.o
 .debug_frame   0x00002270      0x5b8 ./Drivers/STM32F4xx_HAL_Driver/Src/stm32f4xx_hal_pcd.o
 .debug_frame   0x00002828       0xb0 ./Drivers/STM32F4xx_HAL_Driver/Src/stm32f4xx_hal_pcd_ex.o
 .debug_frame   0x000028d8      0x1f4 ./Drivers/STM32F4xx_HAL_Driver/Src/stm32f4xx_hal_rcc.o
 .debug_frame   0x00002acc      0x7c0 ./Drivers/STM32F4xx_HAL_Driver/Src/stm32f4xx_ll_usb.o
 .debug_frame   0x0000328c      0x1f4 ./Middlewares/ST/STM32_USB_Device_Library/Class/CustomHID/Src/usbd_customhid.o
 .debug_frame   0x00003480      0x390 ./Middlewares/ST/STM32_USB_Device_Library/Core/Src/usbd_core.o