Archive member included to satisfy reference by file (symbol)

G:/ST/STM32CubeIDE_1.19.0/STM32CubeIDE/plugins/com.st.stm32cube.ide.mcu.externaltools.gnu-tools-for-stm32.13.3.rel1.win32_1.0.0.202411081344/tools/bin/../lib/gcc/arm-none-eabi/13.3.1/../../../../arm-none-eabi/lib/thumb/v7e-m+fp/hard\libc_nano.a(libc_a-exit.o)
                              G:/ST/STM32CubeIDE_1.19.0/STM32CubeIDE/plugins/com.st.stm32cube.ide.mcu.externaltools.gnu-tools-for-stm32.13.3.rel1.win32_1.0.0.202411081344/tools/bin/../lib/gcc/arm-none-eabi/13.3.1/../../../../arm-none-eabi/lib/thumb/v7e-m+fp/hard/crt0.o (exit)
G:/ST/STM32CubeIDE_1.19.0/STM32CubeIDE/plugins/com.st.stm32cube.ide.mcu.externaltools.gnu-tools-for-stm32.13.3.rel1.win32_1.0.0.202411081344/tools/bin/../lib/gcc/arm-none-eabi/13.3.1/../../../../arm-none-eabi/lib/thumb/v7e-m+fp/hard\libc_nano.a(libc_a-findfp.o)
                              G:/ST/STM32CubeIDE_1.19.0/STM32CubeIDE/plugins/com.st.stm32cube.ide.mcu.externaltools.gnu-tools-for-stm32.13.3.rel1.win32_1.0.0.202411081344/tools/bin/../lib/gcc/arm-none-eabi/13.3.1/../../../../arm-none-eabi/lib/thumb/v7e-m+fp/hard\libc_nano.a(libc_a-exit.o) (__stdio_exit_handler)
G:/ST/STM32CubeIDE_1.19.0/STM32CubeIDE/plugins/com.st.stm32cube.ide.mcu.externaltools.gnu-tools-for-stm32.13.3.rel1.win32_1.0.0.202411081344/tools/bin/../lib/gcc/arm-none-eabi/13.3.1/../../../../arm-none-eabi/lib/thumb/v7e-m+fp/hard\libc_nano.a(libc_a-fwalk.o)
                              G:/ST/STM32CubeIDE_1.19.0/STM32CubeIDE/plugins/com.st.stm32cube.ide.mcu.externaltools.gnu-tools-for-stm32.13.3.rel1.win32_1.0.0.202411081344/tools/bin/../lib/gcc/arm-none-eabi/13.3.1/../../../../arm-none-eabi/lib/thumb/v7e-m+fp/hard\libc_nano.a(libc_a-findfp.o) (_fwalk_sglue)
G:/ST/STM32CubeIDE_1.19.0/STM32CubeIDE/plugins/com.st.stm32cube.ide.mcu.externaltools.gnu-tools-for-stm32.13.3.rel1.win32_1.0.0.202411081344/tools/bin/../lib/gcc/arm-none-eabi/13.3.1/../../../../arm-none-eabi/lib/thumb/v7e-m+fp/hard\libc_nano.a(libc_a-stdio.o)
                              G:/ST/STM32CubeIDE_1.19.0/STM32CubeIDE/plugins/com.st.stm32cube.ide.mcu.externaltools.gnu-tools-for-stm32.13.3.rel1.win32_1.0.0.202411081344/tools/bin/../lib/gcc/arm-none-eabi/13.3.1/../../../../arm-none-eabi/lib/thumb/v7e-m+fp/hard\libc_nano.a(libc_a-findfp.o) (__sread)
G:/ST/STM32CubeIDE_1.19.0/STM32CubeIDE/plugins/com.st.stm32cube.ide.mcu.externaltools.gnu-tools-for-stm32.13.3.rel1.win32_1.0.0.202411081344/tools/bin/../lib/gcc/arm-none-eabi/13.3.1/../../../../arm-none-eabi/lib/thumb/v7e-m+fp/hard\libc_nano.a(libc_a-memset.o)
                              G:/ST/STM32CubeIDE_1.19.0/STM32CubeIDE/plugins/com.st.stm32cube.ide.mcu.externaltools.gnu-tools-for-stm32.13.3.rel1.win32_1.0.0.202411081344/tools/bin/../lib/gcc/arm-none-eabi/13.3.1/../../../../arm-none-eabi/lib/thumb/v7e-m+fp/hard/crt0.o (memset)
G:/ST/STM32CubeIDE_1.19.0/STM32CubeIDE/plugins/com.st.stm32cube.ide.mcu.externaltools.gnu-tools-for-stm32.13.3.rel1.win32_1.0.0.202411081344/tools/bin/../lib/gcc/arm-none-eabi/13.3.1/../../../../arm-none-eabi/lib/thumb/v7e-m+fp/hard\libc_nano.a(libc_a-closer.o)
                              G:/ST/STM32CubeIDE_1.19.0/STM32CubeIDE/plugins/com.st.stm32cube.ide.mcu.externaltools.gnu-tools-for-stm32.13.3.rel1.win32_1.0.0.202411081344/tools/bin/../lib/gcc/arm-none-eabi/13.3.1/../../../../arm-none-eabi/lib/thumb/v7e-m+fp/hard\libc_nano.a(libc_a-stdio.o) (_close_r)
G:/ST/STM32CubeIDE_1.19.0/STM32CubeIDE/plugins/com.st.stm32cube.ide.mcu.externaltools.gnu-tools-for-stm32.13.3.rel1.win32_1.0.0.202411081344/tools/bin/../lib/gcc/arm-none-eabi/13.3.1/../../../../arm-none-eabi/lib/thumb/v7e-m+fp/hard\libc_nano.a(libc_a-reent.o)
                              G:/ST/STM32CubeIDE_1.19.0/STM32CubeIDE/plugins/com.st.stm32cube.ide.mcu.externaltools.gnu-tools-for-stm32.13.3.rel1.win32_1.0.0.202411081344/tools/bin/../lib/gcc/arm-none-eabi/13.3.1/../../../../arm-none-eabi/lib/thumb/v7e-m+fp/hard\libc_nano.a(libc_a-closer.o) (errno)
G:/ST/STM32CubeIDE_1.19.0/STM32CubeIDE/plugins/com.st.stm32cube.ide.mcu.externaltools.gnu-tools-for-stm32.13.3.rel1.win32_1.0.0.202411081344/tools/bin/../lib/gcc/arm-none-eabi/13.3.1/../../../../arm-none-eabi/lib/thumb/v7e-m+fp/hard\libc_nano.a(libc_a-impure.o)
                              G:/ST/STM32CubeIDE_1.19.0/STM32CubeIDE/plugins/com.st.stm32cube.ide.mcu.externaltools.gnu-tools-for-stm32.13.3.rel1.win32_1.0.0.202411081344/tools/bin/../lib/gcc/arm-none-eabi/13.3.1/../../../../arm-none-eabi/lib/thumb/v7e-m+fp/hard\libc_nano.a(libc_a-reent.o) (_impure_ptr)
G:/ST/STM32CubeIDE_1.19.0/STM32CubeIDE/plugins/com.st.stm32cube.ide.mcu.externaltools.gnu-tools-for-stm32.13.3.rel1.win32_1.0.0.202411081344/tools/bin/../lib/gcc/arm-none-eabi/13.3.1/../../../../arm-none-eabi/lib/thumb/v7e-m+fp/hard\libc_nano.a(libc_a-lseekr.o)
[...]
Memory Configuration

Name             Origin             Length             Attributes
RAM              0x20000000         0x00020000         xrw
FLASH            0x08000000         0x00080000         xr
*default*        0x00000000         0xffffffff

Linker script and memory map

LOAD G:/ST/STM32CubeIDE_1.19.0/STM32CubeIDE/plugins/com.st.stm32cube.ide.mcu.externaltools.gnu-tools-for-stm32.13.3.rel1.win32_1.0.0.202411081344/tools/bin/../lib/gcc/arm-none-eabi/13.3.1/thumb/v7e-m+fp/hard/crti.o
LOAD G:/ST/STM32CubeIDE_1.19.0/STM32CubeIDE/plugins/com.st.stm32cube.ide.mcu.externaltools.gnu-tools-for-stm32.13.3.rel1.win32_1.0.0.202411081344/tools/bin/../lib/gcc/arm-none-eabi/13.3.1/thumb/v7e-m+fp/hard/crtbegin.o
LOAD G:/ST/STM32CubeIDE_1.19.0/STM32CubeIDE/plugins/com.st.stm32cube.ide.mcu.externaltools.gnu-tools-for-stm32.13.3.rel1.win32_1.0.0.202411081344/tools/bin/../lib/gcc/arm-none-eabi/13.3.1/../../../../arm-none-eabi/lib/thumb/v7e-m+fp/hard/crt0.o
LOAD ./Core/Src/main.o
LOAD ./Core/Src/mpr121.o
LOAD ./Core/Src/sensor_detection.o
LOAD ./Core/Src/stm32f4xx_hal_msp.o
LOAD ./Core/Src/stm32f4xx_it.o
LOAD ./Core/Src/syscalls.o
LOAD ./Core/Src/sysmem.o
LOAD ./Core/Src/system_stm32f4xx.o
LOAD ./Core/Src/tca9548.o
LOAD ./Core/Src/usb_hid_keyboard.o
LOAD ./Core/Src/vl53l0x_stm32.o
LOAD ./Core/Startup/startup_stm32f411ceux.o
LOAD ./Drivers/STM32F4xx_HAL_Driver/Src/stm32f4xx_hal.o
LOAD ./Drivers/STM32F4xx_HAL_Driver/Src/stm32f4xx_hal_cortex.o
LOAD ./Drivers/STM32F4xx_HAL_Driver/Src/stm32f4xx_hal_dma.o
LOAD ./Drivers/STM32F4xx_HAL_Driver/Src/stm32f4xx_hal_dma_ex.o
LOAD ./Drivers/STM32F4xx_HAL_Driver/Src/stm32f4xx_hal_exti.o
LOAD ./Drivers/STM32F4xx_HAL_Driver/Src/stm32f4xx_hal_flash.o
LOAD ./Drivers/STM32F4xx_HAL_Driver/Src/stm32f4xx_hal_flash_ex.o
LOAD ./Drivers/STM32F4xx_HAL_Driver/Src/stm32f4xx_hal_flash_ramfunc.o
LOAD ./Drivers/STM32F4xx_HAL_Driver/Src/stm32f4xx_hal_gpio.o
LOAD ./Drivers/STM32F4xx_HAL_Driver/Src/stm32f4xx_hal_i2c.o
LOAD ./Drivers/STM32F4xx_HAL_Driver/Src/stm32f4xx_hal_i2c_ex.o
LOAD ./Drivers/STM32F4xx_HAL_Driver/Src/stm32f4xx_hal_pcd.o
LOAD ./Drivers/STM32F4xx_HAL_Driver/Src/stm32f4xx_hal_pcd_ex.o
LOAD ./Drivers/STM32F4xx_HAL_Driver/Src/stm32f4xx_hal_pwr.o
LOAD ./Drivers/STM32F4xx_HAL_Driver/Src/stm32f4xx_hal_pwr_ex.o
LOAD ./Drivers/STM32F4xx_HAL_Driver/Src/stm32f4xx_hal_rcc.o
LOAD ./Drivers/STM32F4xx_HAL_Driver/Src/stm32f4xx_hal_rcc_ex.o
LOAD ./Drivers/STM32F4xx_HAL_Driver/Src/stm32f4xx_ll_usb.o
LOAD ./Middlewares/ST/STM32_USB_Device_Library/Class/CustomHID/Src/usbd_customhid.o
LOAD ./Middlewares/ST/STM32_USB_Device_Library/Core/Src/usbd_core.o
LOAD ./Middlewares/ST/STM32_USB_Device_Library/Core/Src/usbd_ctlreq.o
LOAD ./Middlewares/ST/STM32_USB_Device_Library/Core/Src/usbd_ioreq.o
LOAD ./USB_DEVICE/App/usb_device.o
LOAD ./USB_DEVICE/App/usbd_custom_hid_if.o
LOAD ./USB_DEVICE/App/usbd_desc.o
LOAD ./USB_DEVICE/Target/usbd_conf.o
START GROUP
LOAD G:/ST/STM32CubeIDE_1.19.0/STM32CubeIDE/plugins/com.st.stm32cube.ide.mcu.externaltools.gnu-tools-for-stm32.13.3.rel1.win32_1.0.0.202411081344/tools/bin/../lib/gcc/arm-none-eabi/13.3.1/../../../../arm-none-eabi/lib/thumb/v7e-m+fp/hard\libc_nano.a
LOAD G:/ST/STM32CubeIDE_1.19.0/STM32CubeIDE/plugins/com.st.stm32cube.ide.mcu.externaltools.gnu-tools-for-stm32.13.3.rel1.win32_1.0.0.202411081344/tools/bin/../lib/gcc/arm-none-eabi/13.3.1/../../../../arm-none-eabi/lib/thumb/v7e-m+fp/hard\libm.a
END GROUP
START GROUP
LOAD G:/ST/STM32CubeIDE_1.19.0/STM32CubeIDE/plugins/com.st.stm32cube.ide.mcu.externaltools.gnu-tools-for-stm32.13.3.rel1.win32_1.0.0.202411081344/tools/bin/../lib/gcc/arm-none-eabi/13.3.1/thumb/v7e-m+fp/hard\libgcc.a
LOAD G:/ST/STM32CubeIDE_1.19.0/STM32CubeIDE/plugins/com.st.stm32cube.ide.mcu.externaltools.gnu-tools-for-stm32.13.3.rel1.win32_1.0.0.202411081344/tools/bin/../lib/gcc/arm-none-eabi/13.3.1/../../../../arm-none-eabi/lib/thumb/v7e-m+fp/hard\libc_nano.a
END GROUP
START GROUP
LOAD G:/ST/STM32CubeIDE_1.19.0/STM32CubeIDE/plugins/com.st.stm32cube.ide.mcu.externaltools.gnu-tools-for-stm32.13.3.rel1.win32_1.0.0.202411081344/tools/bin/../lib/gcc/arm-none-eabi/13.3.1/thumb/v7e-m+fp/hard\libgcc.a
LOAD G:/ST/STM32CubeIDE_1.19.0/STM32CubeIDE/plugins/com.st.stm32cube.ide.mcu.externaltools.gnu-tools-for-stm32.13.3.rel1.win32_1.0.0.202411081344/tools/bin/../lib/gcc/arm-none-eabi/13.3.1/../../../../arm-none-eabi/lib/thumb/v7e-m+fp/hard\libc_nano.a
LOAD G:/ST/STM32CubeIDE_1.19.0/STM32CubeIDE/plugins/com.st.stm32cube.ide.mcu.externaltools.gnu-tools-for-stm32.13.3.rel1.win32_1.0.0.202411081344/tools/bin/../lib/gcc/arm-none-eabi/13.3.1/../../../../arm-none-eabi/lib/thumb/v7e-m+fp/hard\libnosys.a
END GROUP
START GROUP
LOAD G:/ST/STM32CubeIDE_1.19.0/STM32CubeIDE/plugins/com.st.stm32cube.ide.mcu.externaltools.gnu-tools-for-stm32.13.3.rel1.win32_1.0.0.202411081344/tools/bin/../lib/gcc/arm-none-eabi/13.3.1/thumb/v7e-m+fp/hard\libgcc.a
LOAD G:/ST/STM32CubeIDE_1.19.0/STM32CubeIDE/plugins/com.st.stm32cube.ide.mcu.externaltools.gnu-tools-for-stm32.13.3.rel1.win32_1.0.0.202411081344/tools/bin/../lib/gcc/arm-none-eabi/13.3.1/../../../../arm-none-eabi/lib/thumb/v7e-m+fp/hard\libc_nano.a
LOAD G:/ST/STM32CubeIDE_1.19.0/STM32CubeIDE/plugins/com.st.stm32cube.ide.mcu.externaltools.gnu-tools-for-stm32.13.3.rel1.win32_1.0.0.202411081344/tools/bin/../lib/gcc/arm-none-eabi/13.3.1/../../../../arm-none-eabi/lib/thumb/v7e-m+fp/hard\libnosys.a
END GROUP
LOAD G:/ST/STM32CubeIDE_1.19.0/STM32CubeIDE/plugins/com.st.stm32cube.ide.mcu.externaltools.gnu-tools-for-stm32.13.3.rel1.win32_1.0.0.202411081344/tools/bin/../lib/gcc/arm-none-eabi/13.3.1/thumb/v7e-m+fp/hard/crtend.o
LOAD G:/ST/STM32CubeIDE_1.19.0/STM32CubeIDE/plugins/com.st.stm32cube.ide.mcu.externaltools.gnu-tools-for-stm32.13.3.rel1.win32_1.0.0.202411081344/tools/bin/../lib/gcc/arm-none-eabi/13.3.1/thumb/v7e-m+fp/hard/crtn.o
                0x20020000                        _estack = (ORIGIN (RAM) + LENGTH (RAM))
                0x00000200                        _Min_Heap_Size = 0x200
                0x00000400                        _Min_Stack_Size = 0x400

.isr_vector     0x08000000      0x198
                0x08000000                        . = ALIGN (0x4)
 *(.isr_vector)
 .isr_vector    0x08000000      0x198 ./Core/Startup/startup_stm32f411ceux.o
                0x08000000                g_pfnVectors
                0x08000198                        . = ALIGN (0x4)

.text           0x08000198     0xa340
                0x08000198                        . = ALIGN (0x4)
 *(.text)
 .text          0x08000198       0x40 G:/ST/STM32CubeIDE_1.19.0/STM32CubeIDE/plugins/com.st.stm32cube.ide.mcu.externaltools.gnu-tools-for-stm32.13.3.rel1.win32_1.0.0.202411081344/tools/bin/../lib/gcc/arm-none-eabi/13.3.1/thumb/v7e-m+fp/hard/crtbegin.o
 .text          0x080001d8      0x378 G:/ST/STM32CubeIDE_1.19.0/STM32CubeIDE/plugins/com.st.stm32cube.ide.mcu.externaltools.gnu-tools-for-stm32.13.3.rel1.win32_1.0.0.202411081344/tools/bin/../lib/gcc/arm-none-eabi/13.3.1/thumb/v7e-m+fp/hard\libgcc.a(_arm_addsubdf3.o)
                0x080001d8                __aeabi_drsub
                0x080001e0                __aeabi_dsub
                0x080001e0                __subdf3
                0x080001e4                __aeabi_dadd
                0x080001e4                __adddf3
                0x0800045c                __floatunsidf
                0x0800045c                __aeabi_ui2d
                0x0800047c                __floatsidf
                0x0800047c                __aeabi_i2d
                0x080004a0                __aeabi_f2d
                0x080004a0                __extendsfdf2
                0x080004e4                __floatundidf
                0x080004e4                __aeabi_ul2d
                0x080004f4                __floatdidf
                0x080004f4                __aeabi_l2d
 .text          0x08000550      0x110 G:/ST/STM32CubeIDE_1.19.0/STM32CubeIDE/plugins/com.st.stm32cube.ide.mcu.externaltools.gnu-tools-for-stm32.13.3.rel1.win32_1.0.0.202411081344/tools/bin/../lib/gcc/arm-none-eabi/13.3.1/thumb/v7e-m+fp/hard\libgcc.a(_arm_cmpdf2.o)
                0x08000550                __gtdf2
                0x08000550                __gedf2
                0x08000558                __ltdf2
                0x08000558                __ledf2
                0x08000560                __nedf2
                0x08000560                __eqdf2
                0x08000560                __cmpdf2
                0x080005dc                __aeabi_cdrcmple
                0x080005ec                __aeabi_cdcmpeq
                0x080005ec                __aeabi_cdcmple
                0x080005fc                __aeabi_dcmpeq
                0x08000610                __aeabi_dcmplt
                0x08000624                __aeabi_dcmple
                0x08000638                __aeabi_dcmpge
                0x0800064c                __aeabi_dcmpgt
 .text          0x08000660       0x30 G:/ST/STM32CubeIDE_1.19.0/STM32CubeIDE/plugins/com.st.stm32cube.ide.mcu.externaltools.gnu-tools-for-stm32.13.3.rel1.win32_1.0.0.202411081344/tools/bin/../lib/gcc/arm-none-eabi/13.3.1/thumb/v7e-m+fp/hard\libgcc.a(_aeabi_uldivmod.o)
                0x08000660                __aeabi_uldivmod
 .text          0x08000690      0x2f8 G:/ST/STM32CubeIDE_1.19.0/STM32CubeIDE/plugins/com.st.stm32cube.ide.mcu.externaltools.gnu-tools-for-stm32.13.3.rel1.win32_1.0.0.202411081344/tools/bin/../lib/gcc/arm-none-eabi/13.3.1/thumb/v7e-m+fp/hard\libgcc.a(_udivmoddi4.o)
                0x08000690                __udivmoddi4
 .text          0x08000988        0x4 G:/ST/STM32CubeIDE_1.19.0/STM32CubeIDE/plugins/com.st.stm32cube.ide.mcu.externaltools.gnu-tools-for-stm32.13.3.rel1.win32_1.0.0.202411081344/tools/bin/../lib/gcc/arm-none-eabi/13.3.1/thumb/v7e-m+fp/hard\libgcc.a(_dvmd_tls.o)
                0x08000988                __aeabi_idiv0
                0x08000988                __aeabi_ldiv0
 *(.text*)
 .text.main     0x0800098c      0x1bc ./Core/Src/main.o
                0x0800098c                main
 .text.SystemClock_Config
                0x08000b48       0xd0 ./Core/Src/main.o
                0x08000b48                SystemClock_Config
 .text.MX_I2C1_Init
                0x08000c18       0x5c ./Core/Src/main.o
 .text.MX_I2C2_Init
                0x08000c74       0x5c ./Core/Src/main.o
 .text.MX_GPIO_Init
                0x08000cd0       0xc0 ./Core/Src/main.o
 .text.Error_Handler
                0x08000d90        0xc ./Core/Src/main.o
                0x08000d90                Error_Handler
 .text.MPR121_begin
                0x08000d9c       0xde ./Core/Src/mpr121.o
                0x08000d9c                MPR121_begin
 .text.MPR121_writeRegister
                0x08000e7a       0x3a ./Core/Src/mpr121.o
                0x08000e7a                MPR121_writeRegister
 .text.MPR121_readRegister16
                0x08000eb4       0x4e ./Core/Src/mpr121.o
                0x08000eb4                MPR121_readRegister16
 .text.MPR121_setThresholds
                0x08000f02       0x54 ./Core/Src/mpr121.o
                0x08000f02                MPR121_setThresholds
 .text.MPR121_touched
                0x08000f56       0x20 ./Core/Src/mpr121.o
                0x08000f56                MPR121_touched
 *fill*         0x08000f76        0x2 
 .text.mapKeyCode
                0x08000f78       0x30 ./Core/Src/sensor_detection.o
 .text.mapDistance
                0x08000fa8       0x5c ./Core/Src/sensor_detection.o
                0x08000fa8                mapDistance
 .text.setKey   0x08001004       0xc8 ./Core/Src/sensor_detection.o
 .text.clearKey
                0x080010cc       0xb8 ./Core/Src/sensor_detection.o
 .text.initSensorDetection
                0x08001184       0x58 ./Core/Src/sensor_detection.o
                0x08001184                initSensorDetection
 .text.processTouchSensors
                0x080011dc      0x1ac ./Core/Src/sensor_detection.o
                0x080011dc                processTouchSensors
 .text.sendHIDReport
                0x08001388       0x48 ./Core/Src/sensor_detection.o
                0x08001388                sendHIDReport
 .text.processToFSensors
                0x080013d0      0x1a4 ./Core/Src/sensor_detection.o
                0x080013d0                processToFSensors
 .text.updateSensorDetection
                0x08001574       0x14 ./Core/Src/sensor_detection.o
                0x08001574                updateSensorDetection
 .text.HAL_MspInit
                0x08001588       0x50 ./Core/Src/stm32f4xx_hal_msp.o
                0x08001588                HAL_MspInit
 .text.HAL_I2C_MspInit
                0x080015d8      0x118 ./Core/Src/stm32f4xx_hal_msp.o
                0x080015d8                HAL_I2C_MspInit
 .text.NMI_Handler
                0x080016f0        0x8 ./Core/Src/stm32f4xx_it.o
                0x080016f0                NMI_Handler
 .text.HardFault_Handler
                0x080016f8        0x8 ./Core/Src/stm32f4xx_it.o
                0x080016f8                HardFault_Handler
 .text.MemManage_Handler
                0x08001700        0x8 ./Core/Src/stm32f4xx_it.o
                0x08001700                MemManage_Handler
 .text.BusFault_Handler
                0x08001708        0x8 ./Core/Src/stm32f4xx_it.o
                0x08001708                BusFault_Handler
 .text.UsageFault_Handler
                0x08001710        0x8 ./Core/Src/stm32f4xx_it.o
                0x08001710                UsageFault_Handler
 .text.SVC_Handler
                0x08001718        0xe ./Core/Src/stm32f4xx_it.o
                0x08001718                SVC_Handler
 .text.DebugMon_Handler
                0x08001726        0xe ./Core/Src/stm32f4xx_it.o
                0x08001726                DebugMon_Handler
 .text.PendSV_Handler
                0x08001734        0xe ./Core/Src/stm32f4xx_it.o
                0x08001734                PendSV_Handler
 .text.SysTick_Handler
                0x08001742        0xc ./Core/Src/stm32f4xx_it.o
                0x08001742                SysTick_Handler
 *fill*         0x0800174e        0x2 
 .text.OTG_FS_IRQHandler
                0x08001750       0x14 ./Core/Src/stm32f4xx_it.o
                0x08001750                OTG_FS_IRQHandler
 .text.SystemInit
                0x08001764       0x24 ./Core/Src/system_stm32f4xx.o
                0x08001764                SystemInit
 .text.TCA_Init
                0x08001788       0x3e ./Core/Src/tca9548.o
                0x08001788                TCA_Init
 .text.TCA_SelectChannel
                0x080017c6       0x48 ./Core/Src/tca9548.o
                0x080017c6                TCA_SelectChannel
 .text.millis   0x0800180e        0xe ./Core/Src/vl53l0x_stm32.o
                0x0800180e                millis
 .text.writeReg
                0x0800181c       0x44 ./Core/Src/vl53l0x_stm32.o
                0x0800181c                writeReg
 .text.writeReg16Bit
                0x08001860       0x50 ./Core/Src/vl53l0x_stm32.o
                0x08001860                writeReg16Bit
 .text.writeReg32Bit
                0x080018b0       0x58 ./Core/Src/vl53l0x_stm32.o
                0x080018b0                writeReg32Bit
 .text.readReg  0x08001908       0x50 ./Core/Src/vl53l0x_stm32.o
                0x08001908                readReg
 .text.readReg16Bit
                0x08001958       0x60 ./Core/Src/vl53l0x_stm32.o
                0x08001958                readReg16Bit
 .text.writeMulti
                0x080019b8       0xc0 ./Core/Src/vl53l0x_stm32.o
                0x080019b8                writeMulti
 .text.readMulti
                0x08001a78       0x54 ./Core/Src/vl53l0x_stm32.o
                0x08001a78                readMulti
 .text.init     0x08001acc      0x4a4 ./Core/Src/vl53l0x_stm32.o
                0x08001acc                init
 .text.setSignalRateLimit
                0x08001f70       0x6c ./Core/Src/vl53l0x_stm32.o
                0x08001f70                setSignalRateLimit
 .text.setMeasurementTimingBudget
                0x08001fdc      0x130 ./Core/Src/vl53l0x_stm32.o
                0x08001fdc                setMeasurementTimingBudget
 .text.getMeasurementTimingBudget
                0x0800210c       0xc4 ./Core/Src/vl53l0x_stm32.o
                0x0800210c                getMeasurementTimingBudget
 .text.getVcselPulsePeriod
                0x080021d0       0x44 ./Core/Src/vl53l0x_stm32.o
                0x080021d0                getVcselPulsePeriod
 .text.startContinuous
                0x08002214       0x8c ./Core/Src/vl53l0x_stm32.o
                0x08002214                startContinuous
 .text.readRangeContinuousMillimeters
                0x080022a0       0x78 ./Core/Src/vl53l0x_stm32.o
                0x080022a0                readRangeContinuousMillimeters
 .text.timeoutOccurred
                0x08002318       0x24 ./Core/Src/vl53l0x_stm32.o
                0x08002318                timeoutOccurred
 .text.getSpadInfo
                0x0800233c      0x134 ./Core/Src/vl53l0x_stm32.o
                0x0800233c                getSpadInfo
 .text.getSequenceStepEnables
                0x08002470       0x92 ./Core/Src/vl53l0x_stm32.o
                0x08002470                getSequenceStepEnables
 .text.getSequenceStepTimeouts
                0x08002502       0xca ./Core/Src/vl53l0x_stm32.o
                0x08002502                getSequenceStepTimeouts
 .text.decodeTimeout
                0x080025cc       0x28 ./Core/Src/vl53l0x_stm32.o
                0x080025cc                decodeTimeout
 .text.encodeTimeout
                0x080025f4       0x54 ./Core/Src/vl53l0x_stm32.o
                0x080025f4                encodeTimeout
 .text.timeoutMclksToMicroseconds
                0x08002648       0x50 ./Core/Src/vl53l0x_stm32.o
                0x08002648                timeoutMclksToMicroseconds
 .text.timeoutMicrosecondsToMclks
                0x08002698       0x4c ./Core/Src/vl53l0x_stm32.o
                0x08002698                timeoutMicrosecondsToMclks
 .text.performSingleRefCalibration
                0x080026e4       0x80 ./Core/Src/vl53l0x_stm32.o
                0x080026e4                performSingleRefCalibration
 .text.Reset_Handler
                0x08002764       0x50 ./Core/Startup/startup_stm32f411ceux.o
                0x08002764                Reset_Handler
 .text.Default_Handler
                0x080027b4        0x2 ./Core/Startup/startup_stm32f411ceux.o
                0x080027b4                RTC_Alarm_IRQHandler
                0x080027b4                EXTI2_IRQHandler
                0x080027b4                SPI4_IRQHandler
                0x080027b4                TIM1_CC_IRQHandler
                0x080027b4                DMA2_Stream5_IRQHandler
                0x080027b4                DMA1_Stream5_IRQHandler
                0x080027b4                PVD_IRQHandler
                0x080027b4                SDIO_IRQHandler
                0x080027b4                TAMP_STAMP_IRQHandler
                0x080027b4                EXTI3_IRQHandler
                0x080027b4                TIM1_UP_TIM10_IRQHandler
                0x080027b4                I2C3_ER_IRQHandler
                0x080027b4                EXTI0_IRQHandler
                0x080027b4                I2C2_EV_IRQHandler
                0x080027b4                DMA1_Stream2_IRQHandler
                0x080027b4                FPU_IRQHandler
                0x080027b4                DMA2_Stream2_IRQHandler
                0x080027b4                SPI1_IRQHandler
                0x080027b4                TIM1_BRK_TIM9_IRQHandler
                0x080027b4                DMA2_Stream3_IRQHandler
                0x080027b4                USART6_IRQHandler
                0x080027b4                DMA2_Stream0_IRQHandler
                0x080027b4                TIM4_IRQHandler
                0x080027b4                I2C1_EV_IRQHandler
                0x080027b4                DMA1_Stream6_IRQHandler
                0x080027b4                DMA1_Stream1_IRQHandler
                0x080027b4                TIM3_IRQHandler
                0x080027b4                RCC_IRQHandler
                0x080027b4                Default_Handler
                0x080027b4                EXTI15_10_IRQHandler
                0x080027b4                ADC_IRQHandler
                0x080027b4                DMA1_Stream7_IRQHandler
                0x080027b4                SPI5_IRQHandler
                0x080027b4                TIM5_IRQHandler
                0x080027b4                DMA2_Stream7_IRQHandler
                0x080027b4                I2C3_EV_IRQHandler
                0x080027b4                EXTI9_5_IRQHandler
                0x080027b4                RTC_WKUP_IRQHandler
                0x080027b4                SPI2_IRQHandler
                0x080027b4                DMA1_Stream0_IRQHandler
                0x080027b4                EXTI4_IRQHandler
                0x080027b4                WWDG_IRQHandler
                0x080027b4                TIM2_IRQHandler
                0x080027b4                OTG_FS_WKUP_IRQHandler
                0x080027b4                TIM1_TRG_COM_TIM11_IRQHandler
                0x080027b4                EXTI1_IRQHandler
                0x080027b4                USART2_IRQHandler
                0x080027b4                I2C2_ER_IRQHandler
                0x080027b4                DMA2_Stream1_IRQHandler
                0x080027b4                FLASH_IRQHandler
                0x080027b4                DMA2_Stream4_IRQHandler
                0x080027b4                USART1_IRQHandler
                0x080027b4                SPI3_IRQHandler
                0x080027b4                DMA1_Stream4_IRQHandler
                0x080027b4                I2C1_ER_IRQHandler
                0x080027b4                DMA2_Stream6_IRQHandler
                0x080027b4                DMA1_Stream3_IRQHandler
 *fill*         0x080027b6        0x2 
 .text.HAL_Init
                0x080027b8       0x44 ./Drivers/STM32F4xx_HAL_Driver/Src/stm32f4xx_hal.o
                0x080027b8                HAL_Init
 .text.HAL_InitTick
                0x080027fc       0x60 ./Drivers/STM32F4xx_HAL_Driver/Src/stm32f4xx_hal.o
                0x080027fc                HAL_InitTick
 .text.HAL_IncTick
                0x0800285c       0x28 ./Drivers/STM32F4xx_HAL_Driver/Src/stm32f4xx_hal.o
                0x0800285c                HAL_IncTick
 .text.HAL_GetTick
                0x08002884       0x18 ./Drivers/STM32F4xx_HAL_Driver/Src/stm32f4xx_hal.o
                0x08002884                HAL_GetTick
 .text.HAL_Delay
                0x0800289c       0x48 ./Drivers/STM32F4xx_HAL_Driver/Src/stm32f4xx_hal.o
                0x0800289c                HAL_Delay
 .text.__NVIC_SetPriorityGrouping
                0x080028e4       0x48 ./Drivers/STM32F4xx_HAL_Driver/Src/stm32f4xx_hal_cortex.o
 .text.__NVIC_GetPriorityGrouping
                0x0800292c       0x1c ./Drivers/STM32F4xx_HAL_Driver/Src/stm32f4xx_hal_cortex.o
 .text.__NVIC_EnableIRQ
                0x08002948       0x3c ./Drivers/STM32F4xx_HAL_Driver/Src/stm32f4xx_hal_cortex.o
 .text.__NVIC_SetPriority
                0x08002984       0x54 ./Drivers/STM32F4xx_HAL_Driver/Src/stm32f4xx_hal_cortex.o
 .text.NVIC_EncodePriority
                0x080029d8       0x66 ./Drivers/STM32F4xx_HAL_Driver/Src/stm32f4xx_hal_cortex.o
 *fill*         0x08002a3e        0x2 
 .text.SysTick_Config
                0x08002a40       0x44 ./Drivers/STM32F4xx_HAL_Driver/Src/stm32f4xx_hal_cortex.o
 .text.HAL_NVIC_SetPriorityGrouping
                0x08002a84       0x16 ./Drivers/STM32F4xx_HAL_Driver/Src/stm32f4xx_hal_cortex.o
                0x08002a84                HAL_NVIC_SetPriorityGrouping
 .text.HAL_NVIC_SetPriority
                0x08002a9a       0x38 ./Drivers/STM32F4xx_HAL_Driver/Src/stm32f4xx_hal_cortex.o
                0x08002a9a                HAL_NVIC_SetPriority
 .text.HAL_NVIC_EnableIRQ
                0x08002ad2       0x1c ./Drivers/STM32F4xx_HAL_Driver/Src/stm32f4xx_hal_cortex.o
                0x08002ad2                HAL_NVIC_EnableIRQ
 .text.HAL_SYSTICK_Config
                0x08002aee       0x18 ./Drivers/STM32F4xx_HAL_Driver/Src/stm32f4xx_hal_cortex.o
                0x08002aee                HAL_SYSTICK_Config
 *fill*         0x08002b06        0x2 
 .text.HAL_GPIO_Init
                0x08002b08      0x308 ./Drivers/STM32F4xx_HAL_Driver/Src/stm32f4xx_hal_gpio.o
                0x08002b08                HAL_GPIO_Init
 .text.HAL_GPIO_WritePin
                0x08002e10       0x32 ./Drivers/STM32F4xx_HAL_Driver/Src/stm32f4xx_hal_gpio.o
                0x08002e10                HAL_GPIO_WritePin
 .text.HAL_GPIO_TogglePin
                0x08002e42       0x34 ./Drivers/STM32F4xx_HAL_Driver/Src/stm32f4xx_hal_gpio.o
                0x08002e42                HAL_GPIO_TogglePin
 *fill*         0x08002e76        0x2 
 .text.HAL_I2C_Init
                0x08002e78      0x288 ./Drivers/STM32F4xx_HAL_Driver/Src/stm32f4xx_hal_i2c.o
                0x08002e78                HAL_I2C_Init
 .text.HAL_I2C_Master_Transmit
                0x08003100      0x1fc ./Drivers/STM32F4xx_HAL_Driver/Src/stm32f4xx_hal_i2c.o
                0x08003100                HAL_I2C_Master_Transmit
 .text.HAL_I2C_Master_Receive
                0x080032fc      0x464 ./Drivers/STM32F4xx_HAL_Driver/Src/stm32f4xx_hal_i2c.o
                0x080032fc                HAL_I2C_Master_Receive
 .text.HAL_I2C_Mem_Write
                0x08003760      0x1f4 ./Drivers/STM32F4xx_HAL_Driver/Src/stm32f4xx_hal_i2c.o
                0x08003760                HAL_I2C_Mem_Write
 .text.HAL_I2C_Mem_Read
                0x08003954      0x464 ./Drivers/STM32F4xx_HAL_Driver/Src/stm32f4xx_hal_i2c.o
                0x08003954                HAL_I2C_Mem_Read
 .text.HAL_I2C_IsDeviceReady
                0x08003db8      0x25c ./Drivers/STM32F4xx_HAL_Driver/Src/stm32f4xx_hal_i2c.o
                0x08003db8                HAL_I2C_IsDeviceReady
 .text.I2C_MasterRequestWrite
                0x08004014      0x104 ./Drivers/STM32F4xx_HAL_Driver/Src/stm32f4xx_hal_i2c.o
 .text.I2C_MasterRequestRead
                0x08004118      0x19c ./Drivers/STM32F4xx_HAL_Driver/Src/stm32f4xx_hal_i2c.o
 .text.I2C_RequestMemoryWrite
                0x080042b4      0x12c ./Drivers/STM32F4xx_HAL_Driver/Src/stm32f4xx_hal_i2c.o
 .text.I2C_RequestMemoryRead
                0x080043e0      0x1d0 ./Drivers/STM32F4xx_HAL_Driver/Src/stm32f4xx_hal_i2c.o
 .text.I2C_WaitOnFlagUntilTimeout
                0x080045b0       0xf4 ./Drivers/STM32F4xx_HAL_Driver/Src/stm32f4xx_hal_i2c.o
 .text.I2C_WaitOnMasterAddressFlagUntilTimeout
                0x080046a4      0x140 ./Drivers/STM32F4xx_HAL_Driver/Src/stm32f4xx_hal_i2c.o
 .text.I2C_WaitOnTXEFlagUntilTimeout
                0x080047e4       0x90 ./Drivers/STM32F4xx_HAL_Driver/Src/stm32f4xx_hal_i2c.o
 .text.I2C_WaitOnBTFFlagUntilTimeout
                0x08004874       0x90 ./Drivers/STM32F4xx_HAL_Driver/Src/stm32f4xx_hal_i2c.o
 .text.I2C_WaitOnRXNEFlagUntilTimeout
                0x08004904       0xba ./Drivers/STM32F4xx_HAL_Driver/Src/stm32f4xx_hal_i2c.o
 .text.I2C_IsAcknowledgeFailed
                0x080049be       0x5e ./Drivers/STM32F4xx_HAL_Driver/Src/stm32f4xx_hal_i2c.o
 .text.HAL_PCD_Init
                0x08004a1c      0x21e ./Drivers/STM32F4xx_HAL_Driver/Src/stm32f4xx_hal_pcd.o
                0x08004a1c                HAL_PCD_Init
 .text.HAL_PCD_Start
                0x08004c3a       0x6a ./Drivers/STM32F4xx_HAL_Driver/Src/stm32f4xx_hal_pcd.o
                0x08004c3a                HAL_PCD_Start
 .text.HAL_PCD_IRQHandler
                0x08004ca4      0x942 ./Drivers/STM32F4xx_HAL_Driver/Src/stm32f4xx_hal_pcd.o
                0x08004ca4                HAL_PCD_IRQHandler
 .text.HAL_PCD_SetAddress
                0x080055e6       0x48 ./Drivers/STM32F4xx_HAL_Driver/Src/stm32f4xx_hal_pcd.o
                0x080055e6                HAL_PCD_SetAddress
 .text.HAL_PCD_EP_Open
                0x0800562e       0xd4 ./Drivers/STM32F4xx_HAL_Driver/Src/stm32f4xx_hal_pcd.o
                0x0800562e                HAL_PCD_EP_Open
 .text.HAL_PCD_EP_Close
                0x08005702       0x94 ./Drivers/STM32F4xx_HAL_Driver/Src/stm32f4xx_hal_pcd.o
                0x08005702                HAL_PCD_EP_Close
 .text.HAL_PCD_EP_Receive
                0x08005796       0x76 ./Drivers/STM32F4xx_HAL_Driver/Src/stm32f4xx_hal_pcd.o
                0x08005796                HAL_PCD_EP_Receive
 .text.HAL_PCD_EP_Transmit
                0x0800580c       0x74 ./Drivers/STM32F4xx_HAL_Driver/Src/stm32f4xx_hal_pcd.o
                0x0800580c                HAL_PCD_EP_Transmit
 .text.HAL_PCD_EP_SetStall
                0x08005880       0xc6 ./Drivers/STM32F4xx_HAL_Driver/Src/stm32f4xx_hal_pcd.o
                0x08005880                HAL_PCD_EP_SetStall
 .text.HAL_PCD_EP_ClrStall
                0x08005946       0xac ./Drivers/STM32F4xx_HAL_Driver/Src/stm32f4xx_hal_pcd.o
                0x08005946                HAL_PCD_EP_ClrStall
 .text.HAL_PCD_EP_Abort
                0x080059f2       0x62 ./Drivers/STM32F4xx_HAL_Driver/Src/stm32f4xx_hal_pcd.o
                0x080059f2                HAL_PCD_EP_Abort
 .text.PCD_WriteEmptyTxFifo
                0x08005a54      0x118 ./Drivers/STM32F4xx_HAL_Driver/Src/stm32f4xx_hal_pcd.o
 .text.PCD_EP_OutXfrComplete_int
                0x08005b6c      0x1d0 ./Drivers/STM32F4xx_HAL_Driver/Src/stm32f4xx_hal_pcd.o
 .text.PCD_EP_OutSetupPacket_int
                0x08005d3c       0x8c ./Drivers/STM32F4xx_HAL_Driver/Src/stm32f4xx_hal_pcd.o
 .text.HAL_PCDEx_SetTxFiFo
                0x08005dc8       0x8e ./Drivers/STM32F4xx_HAL_Driver/Src/stm32f4xx_hal_pcd_ex.o
                0x08005dc8                HAL_PCDEx_SetTxFiFo
 .text.HAL_PCDEx_SetRxFiFo
                0x08005e56       0x22 ./Drivers/STM32F4xx_HAL_Driver/Src/stm32f4xx_hal_pcd_ex.o
                0x08005e56                HAL_PCDEx_SetRxFiFo
 .text.HAL_PCDEx_LPM_Callback
                0x08005e78       0x18 ./Drivers/STM32F4xx_HAL_Driver/Src/stm32f4xx_hal_pcd_ex.o
                0x08005e78                HAL_PCDEx_LPM_Callback
 .text.HAL_RCC_OscConfig
                0x08005e90      0x4f0 ./Drivers/STM32F4xx_HAL_Driver/Src/stm32f4xx_hal_rcc.o
                0x08005e90                HAL_RCC_OscConfig
 .text.HAL_RCC_ClockConfig
                0x08006380      0x1cc ./Drivers/STM32F4xx_HAL_Driver/Src/stm32f4xx_hal_rcc.o
                0x08006380                HAL_RCC_ClockConfig
 .text.HAL_RCC_GetSysClockFreq
                0x0800654c      0x18c ./Drivers/STM32F4xx_HAL_Driver/Src/stm32f4xx_hal_rcc.o
                0x0800654c                HAL_RCC_GetSysClockFreq
 .text.HAL_RCC_GetHCLKFreq
                0x080066d8       0x18 ./Drivers/STM32F4xx_HAL_Driver/Src/stm32f4xx_hal_rcc.o
                0x080066d8                HAL_RCC_GetHCLKFreq
 .text.HAL_RCC_GetPCLK1Freq
                0x080066f0       0x28 ./Drivers/STM32F4xx_HAL_Driver/Src/stm32f4xx_hal_rcc.o
                0x080066f0                HAL_RCC_GetPCLK1Freq
 .text.USB_CoreInit
                0x08006718       0xc8 ./Drivers/STM32F4xx_HAL_Driver/Src/stm32f4xx_ll_usb.o
                0x08006718                USB_CoreInit
 .text.USB_SetTurnaroundTime
                0x080067e0      0x144 ./Drivers/STM32F4xx_HAL_Driver/Src/stm32f4xx_ll_usb.o
                0x080067e0                USB_SetTurnaroundTime
 .text.USB_EnableGlobalInt
                0x08006924       0x22 ./Drivers/STM32F4xx_HAL_Driver/Src/stm32f4xx_ll_usb.o
                0x08006924                USB_EnableGlobalInt
 .text.USB_DisableGlobalInt
                0x08006946       0x22 ./Drivers/STM32F4xx_HAL_Driver/Src/stm32f4xx_ll_usb.o
                0x08006946                USB_DisableGlobalInt
 .text.USB_SetCurrentMode
                0x08006968       0x98 ./Drivers/STM32F4xx_HAL_Driver/Src/stm32f4xx_ll_usb.o
                0x08006968                USB_SetCurrentMode
 .text.USB_DevInit
                0x08006a00      0x2c8 ./Drivers/STM32F4xx_HAL_Driver/Src/stm32f4xx_ll_usb.o
                0x08006a00                USB_DevInit
 .text.USB_FlushTxFifo
                0x08006cc8       0x64 ./Drivers/STM32F4xx_HAL_Driver/Src/stm32f4xx_ll_usb.o
                0x08006cc8                USB_FlushTxFifo
 .text.USB_FlushRxFifo
                0x08006d2c       0x5c ./Drivers/STM32F4xx_HAL_Driver/Src/stm32f4xx_ll_usb.o
                0x08006d2c                USB_FlushRxFifo
 .text.USB_SetDevSpeed
                0x08006d88       0x32 ./Drivers/STM32F4xx_HAL_Driver/Src/stm32f4xx_ll_usb.o
                0x08006d88                USB_SetDevSpeed
 .text.USB_GetDevSpeed
                0x08006dba       0x4a ./Drivers/STM32F4xx_HAL_Driver/Src/stm32f4xx_ll_usb.o
                0x08006dba                USB_GetDevSpeed
 .text.USB_ActivateEndpoint
                0x08006e04      0x10e ./Drivers/STM32F4xx_HAL_Driver/Src/stm32f4xx_ll_usb.o
                0x08006e04                USB_ActivateEndpoint
 *fill*         0x08006f12        0x2 
 .text.USB_DeactivateEndpoint
                0x08006f14      0x1b8 ./Drivers/STM32F4xx_HAL_Driver/Src/stm32f4xx_ll_usb.o
                0x08006f14                USB_DeactivateEndpoint
 .text.USB_EPStartXfer
                0x080070cc      0x53c ./Drivers/STM32F4xx_HAL_Driver/Src/stm32f4xx_ll_usb.o
                0x080070cc                USB_EPStartXfer
 .text.USB_EPStopXfer
                0x08007608      0x154 ./Drivers/STM32F4xx_HAL_Driver/Src/stm32f4xx_ll_usb.o
                0x08007608                USB_EPStopXfer
 .text.USB_WritePacket
                0x0800775c       0x7c ./Drivers/STM32F4xx_HAL_Driver/Src/stm32f4xx_ll_usb.o
                0x0800775c                USB_WritePacket
 .text.USB_ReadPacket
                0x080077d8       0xb0 ./Drivers/STM32F4xx_HAL_Driver/Src/stm32f4xx_ll_usb.o
                0x080077d8                USB_ReadPacket
 .text.USB_EPSetStall
                0x08007888       0xdc ./Drivers/STM32F4xx_HAL_Driver/Src/stm32f4xx_ll_usb.o
                0x08007888                USB_EPSetStall
 .text.USB_EPClearStall
                0x08007964       0xcc ./Drivers/STM32F4xx_HAL_Driver/Src/stm32f4xx_ll_usb.o
                0x08007964                USB_EPClearStall
 .text.USB_SetDevAddress
                0x08007a30       0x4c ./Drivers/STM32F4xx_HAL_Driver/Src/stm32f4xx_ll_usb.o
                0x08007a30                USB_SetDevAddress
 .text.USB_DevConnect
                0x08007a7c       0x42 ./Drivers/STM32F4xx_HAL_Driver/Src/stm32f4xx_ll_usb.o
                0x08007a7c                USB_DevConnect
 .text.USB_DevDisconnect
                0x08007abe       0x42 ./Drivers/STM32F4xx_HAL_Driver/Src/stm32f4xx_ll_usb.o
                0x08007abe                USB_DevDisconnect
 .text.USB_ReadInterrupts
                0x08007b00       0x26 ./Drivers/STM32F4xx_HAL_Driver/Src/stm32f4xx_ll_usb.o
                0x08007b00                USB_ReadInterrupts
 .text.USB_ReadDevAllOutEpInterrupt
                0x08007b26       0x34 ./Drivers/STM32F4xx_HAL_Driver/Src/stm32f4xx_ll_usb.o
                0x08007b26                USB_ReadDevAllOutEpInterrupt
 .text.USB_ReadDevAllInEpInterrupt
                0x08007b5a       0x34 ./Drivers/STM32F4xx_HAL_Driver/Src/stm32f4xx_ll_usb.o
                0x08007b5a                USB_ReadDevAllInEpInterrupt
 .text.USB_ReadDevOutEPInterrupt
                0x08007b8e       0x3c ./Drivers/STM32F4xx_HAL_Driver/Src/stm32f4xx_ll_usb.o
                0x08007b8e                USB_ReadDevOutEPInterrupt
 .text.USB_ReadDevInEPInterrupt
                0x08007bca       0x5c ./Drivers/STM32F4xx_HAL_Driver/Src/stm32f4xx_ll_usb.o
                0x08007bca                USB_ReadDevInEPInterrupt
 .text.USB_GetMode
                0x08007c26       0x1c ./Drivers/STM32F4xx_HAL_Driver/Src/stm32f4xx_ll_usb.o
                0x08007c26                USB_GetMode
 .text.USB_ActivateSetup
                0x08007c42       0x46 ./Drivers/STM32F4xx_HAL_Driver/Src/stm32f4xx_ll_usb.o
                0x08007c42                USB_ActivateSetup
 .text.USB_EP0_OutStart
                0x08007c88       0xbc ./Drivers/STM32F4xx_HAL_Driver/Src/stm32f4xx_ll_usb.o
                0x08007c88                USB_EP0_OutStart
 .text.USB_CoreReset
                0x08007d44       0x70 ./Drivers/STM32F4xx_HAL_Driver/Src/stm32f4xx_ll_usb.o
 .text.USBD_CUSTOM_HID_Init
                0x08007db4      0x158 ./Middlewares/ST/STM32_USB_Device_Library/Class/CustomHID/Src/usbd_customhid.o
 .text.USBD_CUSTOM_HID_DeInit
                0x08007f0c       0xf4 ./Middlewares/ST/STM32_USB_Device_Library/Class/CustomHID/Src/usbd_customhid.o
 .text.USBD_CUSTOM_HID_Setup
                0x08008000      0x254 ./Middlewares/ST/STM32_USB_Device_Library/Class/CustomHID/Src/usbd_customhid.o
 .text.USBD_CUSTOM_HID_SendReport
                0x08008254       0x68 ./Middlewares/ST/STM32_USB_Device_Library/Class/CustomHID/Src/usbd_customhid.o
                0x08008254                USBD_CUSTOM_HID_SendReport
 .text.USBD_CUSTOM_HID_GetFSCfgDesc
                0x080082bc       0x64 ./Middlewares/ST/STM32_USB_Device_Library/Class/CustomHID/Src/usbd_customhid.o
 .text.USBD_CUSTOM_HID_GetHSCfgDesc
                0x08008320       0x64 ./Middlewares/ST/STM32_USB_Device_Library/Class/CustomHID/Src/usbd_customhid.o
 .text.USBD_CUSTOM_HID_GetOtherSpeedCfgDesc
                0x08008384       0x64 ./Middlewares/ST/STM32_USB_Device_Library/Class/CustomHID/Src/usbd_customhid.o
 .text.USBD_CUSTOM_HID_DataIn
                0x080083e8       0x2e ./Middlewares/ST/STM32_USB_Device_Library/Class/CustomHID/Src/usbd_customhid.o
 .text.USBD_CUSTOM_HID_DataOut
                0x08008416       0x5a ./Middlewares/ST/STM32_USB_Device_Library/Class/CustomHID/Src/usbd_customhid.o
 .text.USBD_CUSTOM_HID_ReceivePacket
                0x08008470       0x4c ./Middlewares/ST/STM32_USB_Device_Library/Class/CustomHID/Src/usbd_customhid.o
                0x08008470                USBD_CUSTOM_HID_ReceivePacket
 .text.USBD_CUSTOM_HID_EP0_RxReady
                0x080084bc       0x58 ./Middlewares/ST/STM32_USB_Device_Library/Class/CustomHID/Src/usbd_customhid.o
 .text.USBD_CUSTOM_HID_GetDeviceQualifierDesc
                0x08008514       0x20 ./Middlewares/ST/STM32_USB_Device_Library/Class/CustomHID/Src/usbd_customhid.o
 .text.USBD_CUSTOM_HID_RegisterInterface
                0x08008534       0x34 ./Middlewares/ST/STM32_USB_Device_Library/Class/CustomHID/Src/usbd_customhid.o
                0x08008534                USBD_CUSTOM_HID_RegisterInterface
 .text.USBD_Init
                0x08008568       0x60 ./Middlewares/ST/STM32_USB_Device_Library/Core/Src/usbd_core.o
                0x08008568                USBD_Init
 .text.USBD_RegisterClass
                0x080085c8       0x6c ./Middlewares/ST/STM32_USB_Device_Library/Core/Src/usbd_core.o
                0x080085c8                USBD_RegisterClass
 .text.USBD_Start
                0x08008634       0x18 ./Middlewares/ST/STM32_USB_Device_Library/Core/Src/usbd_core.o
                0x08008634                USBD_Start
 .text.USBD_RunTestMode
                0x0800864c       0x16 ./Middlewares/ST/STM32_USB_Device_Library/Core/Src/usbd_core.o
                0x0800864c                USBD_RunTestMode
 .text.USBD_SetClassConfig
                0x08008662       0x38 ./Middlewares/ST/STM32_USB_Device_Library/Core/Src/usbd_core.o
                0x08008662                USBD_SetClassConfig
 .text.USBD_ClrClassConfig
                0x0800869a       0x34 ./Middlewares/ST/STM32_USB_Device_Library/Core/Src/usbd_core.o
                0x0800869a                USBD_ClrClassConfig
 .text.USBD_LL_SetupStage
                0x080086ce       0xaa ./Middlewares/ST/STM32_USB_Device_Library/Core/Src/usbd_core.o
                0x080086ce                USBD_LL_SetupStage
 .text.USBD_LL_DataOutStage
                0x08008778      0x178 ./Middlewares/ST/STM32_USB_Device_Library/Core/Src/usbd_core.o
                0x08008778                USBD_LL_DataOutStage
 .text.USBD_LL_DataInStage
                0x080088f0      0x176 ./Middlewares/ST/STM32_USB_Device_Library/Core/Src/usbd_core.o
                0x080088f0                USBD_LL_DataInStage
 .text.USBD_LL_Reset
                0x08008a66       0xa6 ./Middlewares/ST/STM32_USB_Device_Library/Core/Src/usbd_core.o
                0x08008a66                USBD_LL_Reset
 .text.USBD_LL_SetSpeed
                0x08008b0c       0x20 ./Middlewares/ST/STM32_USB_Device_Library/Core/Src/usbd_core.o
                0x08008b0c                USBD_LL_SetSpeed
 .text.USBD_LL_Suspend
                0x08008b2c       0x38 ./Middlewares/ST/STM32_USB_Device_Library/Core/Src/usbd_core.o
                0x08008b2c                USBD_LL_Suspend
 .text.USBD_LL_Resume
                0x08008b64       0x30 ./Middlewares/ST/STM32_USB_Device_Library/Core/Src/usbd_core.o
                0x08008b64                USBD_LL_Resume
 .text.USBD_LL_SOF
                0x08008b94       0x40 ./Middlewares/ST/STM32_USB_Device_Library/Core/Src/usbd_core.o
                0x08008b94                USBD_LL_SOF
 .text.USBD_LL_IsoINIncomplete
                0x08008bd4       0x64 ./Middlewares/ST/STM32_USB_Device_Library/Core/Src/usbd_core.o
                0x08008bd4                USBD_LL_IsoINIncomplete
 .text.USBD_LL_IsoOUTIncomplete
                0x08008c38       0x64 ./Middlewares/ST/STM32_USB_Device_Library/Core/Src/usbd_core.o
                0x08008c38                USBD_LL_IsoOUTIncomplete
 .text.USBD_LL_DevConnected
                0x08008c9c       0x16 ./Middlewares/ST/STM32_USB_Device_Library/Core/Src/usbd_core.o
                0x08008c9c                USBD_LL_DevConnected
 .text.USBD_LL_DevDisconnected
                0x08008cb2       0x46 ./Middlewares/ST/STM32_USB_Device_Library/Core/Src/usbd_core.o
                0x08008cb2                USBD_LL_DevDisconnected
 .text.USBD_CoreFindIF
                0x08008cf8       0x1a ./Middlewares/ST/STM32_USB_Device_Library/Core/Src/usbd_core.o
                0x08008cf8                USBD_CoreFindIF
 .text.USBD_CoreFindEP
                0x08008d12       0x1a ./Middlewares/ST/STM32_USB_Device_Library/Core/Src/usbd_core.o
                0x08008d12                USBD_CoreFindEP
 .text.USBD_GetEpDesc
                0x08008d2c       0x70 ./Middlewares/ST/STM32_USB_Device_Library/Core/Src/usbd_core.o
                0x08008d2c                USBD_GetEpDesc
 .text.USBD_GetNextDesc
                0x08008d9c       0x38 ./Middlewares/ST/STM32_USB_Device_Library/Core/Src/usbd_core.o
                0x08008d9c                USBD_GetNextDesc
 .text.SWAPBYTE
                0x08008dd4       0x3e ./Middlewares/ST/STM32_USB_Device_Library/Core/Src/usbd_ctlreq.o
 *fill*         0x08008e12        0x2 
 .text.USBD_StdDevReq
                0x08008e14       0xe4 ./Middlewares/ST/STM32_USB_Device_Library/Core/Src/usbd_ctlreq.o
                0x08008e14                USBD_StdDevReq
 .text.USBD_StdItfReq
                0x08008ef8       0xd8 ./Middlewares/ST/STM32_USB_Device_Library/Core/Src/usbd_ctlreq.o
                0x08008ef8                USBD_StdItfReq
 .text.USBD_StdEPReq
                0x08008fd0      0x33e ./Middlewares/ST/STM32_USB_Device_Library/Core/Src/usbd_ctlreq.o
                0x08008fd0                USBD_StdEPReq
 *fill*         0x0800930e        0x2 
 .text.USBD_GetDescriptor
                0x08009310      0x2d4 ./Middlewares/ST/STM32_USB_Device_Library/Core/Src/usbd_ctlreq.o
 .text.USBD_SetAddress
                0x080095e4       0x88 ./Middlewares/ST/STM32_USB_Device_Library/Core/Src/usbd_ctlreq.o
 .text.USBD_SetConfig
                0x0800966c      0x154 ./Middlewares/ST/STM32_USB_Device_Library/Core/Src/usbd_ctlreq.o
 .text.USBD_GetConfig
                0x080097c0       0x6c ./Middlewares/ST/STM32_USB_Device_Library/Core/Src/usbd_ctlreq.o
 .text.USBD_GetStatus
                0x0800982c       0x68 ./Middlewares/ST/STM32_USB_Device_Library/Core/Src/usbd_ctlreq.o
 .text.USBD_SetFeature
                0x08009894       0x52 ./Middlewares/ST/STM32_USB_Device_Library/Core/Src/usbd_ctlreq.o
 .text.USBD_ClrFeature
                0x080098e6       0x44 ./Middlewares/ST/STM32_USB_Device_Library/Core/Src/usbd_ctlreq.o
 .text.USBD_ParseSetupRequest
                0x0800992a       0x74 ./Middlewares/ST/STM32_USB_Device_Library/Core/Src/usbd_ctlreq.o
                0x0800992a                USBD_ParseSetupRequest
 .text.USBD_CtlError
                0x0800999e       0x22 ./Middlewares/ST/STM32_USB_Device_Library/Core/Src/usbd_ctlreq.o
                0x0800999e                USBD_CtlError
 .text.USBD_GetString
                0x080099c0       0xa4 ./Middlewares/ST/STM32_USB_Device_Library/Core/Src/usbd_ctlreq.o
                0x080099c0                USBD_GetString
 .text.USBD_GetLen
                0x08009a64       0x34 ./Middlewares/ST/STM32_USB_Device_Library/Core/Src/usbd_ctlreq.o
 .text.USBD_CtlSendData
                0x08009a98       0x3c ./Middlewares/ST/STM32_USB_Device_Library/Core/Src/usbd_ioreq.o
                0x08009a98                USBD_CtlSendData
 .text.USBD_CtlContinueSendData
                0x08009ad4       0x22 ./Middlewares/ST/STM32_USB_Device_Library/Core/Src/usbd_ioreq.o
                0x08009ad4                USBD_CtlContinueSendData
 .text.USBD_CtlPrepareRx
                0x08009af6       0x42 ./Middlewares/ST/STM32_USB_Device_Library/Core/Src/usbd_ioreq.o
                0x08009af6                USBD_CtlPrepareRx
 .text.USBD_CtlContinueRx
                0x08009b38       0x22 ./Middlewares/ST/STM32_USB_Device_Library/Core/Src/usbd_ioreq.o
                0x08009b38                USBD_CtlContinueRx
 .text.USBD_CtlSendStatus
                0x08009b5a       0x26 ./Middlewares/ST/STM32_USB_Device_Library/Core/Src/usbd_ioreq.o
                0x08009b5a                USBD_CtlSendStatus
 .text.USBD_CtlReceiveStatus
                0x08009b80       0x26 ./Middlewares/ST/STM32_USB_Device_Library/Core/Src/usbd_ioreq.o
                0x08009b80                USBD_CtlReceiveStatus
 *fill*         0x08009ba6        0x2 
 .text.MX_USB_DEVICE_Init
                0x08009ba8       0x60 ./USB_DEVICE/App/usb_device.o
                0x08009ba8                MX_USB_DEVICE_Init
 .text.CUSTOM_HID_Init_FS
                0x08009c08       0x10 ./USB_DEVICE/App/usbd_custom_hid_if.o
 .text.CUSTOM_HID_DeInit_FS
                0x08009c18       0x10 ./USB_DEVICE/App/usbd_custom_hid_if.o
 .text.CUSTOM_HID_OutEvent_FS
                0x08009c28       0x30 ./USB_DEVICE/App/usbd_custom_hid_if.o
 .text.USBD_FS_DeviceDescriptor
                0x08009c58       0x24 ./USB_DEVICE/App/usbd_desc.o
                0x08009c58                USBD_FS_DeviceDescriptor
 .text.USBD_FS_LangIDStrDescriptor
                0x08009c7c       0x24 ./USB_DEVICE/App/usbd_desc.o
                0x08009c7c                USBD_FS_LangIDStrDescriptor
 .text.USBD_FS_ProductStrDescriptor
                0x08009ca0       0x3c ./USB_DEVICE/App/usbd_desc.o
                0x08009ca0                USBD_FS_ProductStrDescriptor
 .text.USBD_FS_ManufacturerStrDescriptor
                0x08009cdc       0x28 ./USB_DEVICE/App/usbd_desc.o
                0x08009cdc                USBD_FS_ManufacturerStrDescriptor
 .text.USBD_FS_SerialStrDescriptor
                0x08009d04       0x24 ./USB_DEVICE/App/usbd_desc.o
                0x08009d04                USBD_FS_SerialStrDescriptor
 .text.USBD_FS_ConfigStrDescriptor
                0x08009d28       0x3c ./USB_DEVICE/App/usbd_desc.o
                0x08009d28                USBD_FS_ConfigStrDescriptor
 .text.USBD_FS_InterfaceStrDescriptor
                0x08009d64       0x3c ./USB_DEVICE/App/usbd_desc.o
                0x08009d64                USBD_FS_InterfaceStrDescriptor
 .text.Get_SerialNum
                0x08009da0       0x58 ./USB_DEVICE/App/usbd_desc.o
 .text.IntToUnicode
                0x08009df8       0x7e ./USB_DEVICE/App/usbd_desc.o
 *fill*         0x08009e76        0x2 
 .text.HAL_PCD_MspInit
                0x08009e78       0xa8 ./USB_DEVICE/Target/usbd_conf.o
                0x08009e78                HAL_PCD_MspInit
 .text.HAL_PCD_SetupStageCallback
                0x08009f20       0x24 ./USB_DEVICE/Target/usbd_conf.o
                0x08009f20                HAL_PCD_SetupStageCallback
 .text.HAL_PCD_DataOutStageCallback
                0x08009f44       0x36 ./USB_DEVICE/Target/usbd_conf.o
                0x08009f44                HAL_PCD_DataOutStageCallback
 .text.HAL_PCD_DataInStageCallback
                0x08009f7a       0x34 ./USB_DEVICE/Target/usbd_conf.o
                0x08009f7a                HAL_PCD_DataInStageCallback
 .text.HAL_PCD_SOFCallback
                0x08009fae       0x1c ./USB_DEVICE/Target/usbd_conf.o
                0x08009fae                HAL_PCD_SOFCallback
 .text.HAL_PCD_ResetCallback
                0x08009fca       0x3c ./USB_DEVICE/Target/usbd_conf.o
                0x08009fca                HAL_PCD_ResetCallback
 *fill*         0x0800a006        0x2 
 .text.HAL_PCD_SuspendCallback
                0x0800a008       0x4c ./USB_DEVICE/Target/usbd_conf.o
                0x0800a008                HAL_PCD_SuspendCallback
 .text.HAL_PCD_ResumeCallback
                0x0800a054       0x1c ./USB_DEVICE/Target/usbd_conf.o
                0x0800a054                HAL_PCD_ResumeCallback
 .text.HAL_PCD_ISOOUTIncompleteCallback
                0x0800a070       0x24 ./USB_DEVICE/Target/usbd_conf.o
                0x0800a070                HAL_PCD_ISOOUTIncompleteCallback
 .text.HAL_PCD_ISOINIncompleteCallback
                0x0800a094       0x24 ./USB_DEVICE/Target/usbd_conf.o
                0x0800a094                HAL_PCD_ISOINIncompleteCallback
 .text.HAL_PCD_ConnectCallback
                0x0800a0b8       0x1c ./USB_DEVICE/Target/usbd_conf.o
                0x0800a0b8                HAL_PCD_ConnectCallback
 .text.HAL_PCD_DisconnectCallback
                0x0800a0d4       0x1c ./USB_DEVICE/Target/usbd_conf.o
                0x0800a0d4                HAL_PCD_DisconnectCallback
 .text.USBD_LL_Init
                0x0800a0f0       0x98 ./USB_DEVICE/Target/usbd_conf.o
                0x0800a0f0                USBD_LL_Init
 .text.USBD_LL_Start
                0x0800a188       0x36 ./USB_DEVICE/Target/usbd_conf.o
                0x0800a188                USBD_LL_Start
 .text.USBD_LL_OpenEP
                0x0800a1be       0x4c ./USB_DEVICE/Target/usbd_conf.o
                0x0800a1be                USBD_LL_OpenEP
 .text.USBD_LL_CloseEP
                0x0800a20a       0x3e ./USB_DEVICE/Target/usbd_conf.o
                0x0800a20a                USBD_LL_CloseEP
 .text.USBD_LL_StallEP
                0x0800a248       0x3e ./USB_DEVICE/Target/usbd_conf.o
                0x0800a248                USBD_LL_StallEP
 .text.USBD_LL_ClearStallEP
                0x0800a286       0x3e ./USB_DEVICE/Target/usbd_conf.o
                0x0800a286                USBD_LL_ClearStallEP
 .text.USBD_LL_IsStallEP
                0x0800a2c4       0x58 ./USB_DEVICE/Target/usbd_conf.o
                0x0800a2c4                USBD_LL_IsStallEP
 .text.USBD_LL_SetUSBAddress
                0x0800a31c       0x3e ./USB_DEVICE/Target/usbd_conf.o
                0x0800a31c                USBD_LL_SetUSBAddress
 .text.USBD_LL_Transmit
                0x0800a35a       0x42 ./USB_DEVICE/Target/usbd_conf.o
                0x0800a35a                USBD_LL_Transmit
 .text.USBD_LL_PrepareReceive
                0x0800a39c       0x42 ./USB_DEVICE/Target/usbd_conf.o
                0x0800a39c                USBD_LL_PrepareReceive
 *fill*         0x0800a3de        0x2 
 .text.USBD_static_malloc
                0x0800a3e0       0x1c ./USB_DEVICE/Target/usbd_conf.o
                0x0800a3e0                USBD_static_malloc
 .text.USBD_static_free
                0x0800a3fc       0x14 ./USB_DEVICE/Target/usbd_conf.o
                0x0800a3fc                USBD_static_free
 .text.USBD_Get_USB_Status
                0x0800a410       0x58 ./USB_DEVICE/Target/usbd_conf.o
                0x0800a410                USBD_Get_USB_Status
 .text.memset   0x0800a468       0x10 G:/ST/STM32CubeIDE_1.19.0/STM32CubeIDE/plugins/com.st.stm32cube.ide.mcu.externaltools.gnu-tools-for-stm32.13.3.rel1.win32_1.0.0.202411081344/tools/bin/../lib/gcc/arm-none-eabi/13.3.1/../../../../arm-none-eabi/lib/thumb/v7e-m+fp/hard\libc_nano.a(libc_a-memset.o)
                0x0800a468                memset
 .text.__libc_init_array
                0x0800a478       0x48 G:/ST/STM32CubeIDE_1.19.0/STM32CubeIDE/plugins/com.st.stm32cube.ide.mcu.externaltools.gnu-tools-for-stm32.13.3.rel1.win32_1.0.0.202411081344/tools/bin/../lib/gcc/arm-none-eabi/13.3.1/../../../../arm-none-eabi/lib/thumb/v7e-m+fp/hard\libc_nano.a(libc_a-init.o)
                0x0800a478                __libc_init_array
 *(.glue_7)
 .glue_7        0x0800a4c0        0x0 linker stubs
 *(.glue_7t)
 .glue_7t       0x0800a4c0        0x0 linker stubs
 *(.eh_frame)
 .eh_frame      0x0800a4c0        0x0 G:/ST/STM32CubeIDE_1.19.0/STM32CubeIDE/plugins/com.st.stm32cube.ide.mcu.externaltools.gnu-tools-for-stm32.13.3.rel1.win32_1.0.0.202411081344/tools/bin/../lib/gcc/arm-none-eabi/13.3.1/thumb/v7e-m+fp/hard/crtbegin.o
 *(.init)
 .init          0x0800a4c0        0x4 G:/ST/STM32CubeIDE_1.19.0/STM32CubeIDE/plugins/com.st.stm32cube.ide.mcu.externaltools.gnu-tools-for-stm32.13.3.rel1.win32_1.0.0.202411081344/tools/bin/../lib/gcc/arm-none-eabi/13.3.1/thumb/v7e-m+fp/hard/crti.o
                0x0800a4c0                _init
 .init          0x0800a4c4        0x8 G:/ST/STM32CubeIDE_1.19.0/STM32CubeIDE/plugins/com.st.stm32cube.ide.mcu.externaltools.gnu-tools-for-stm32.13.3.rel1.win32_1.0.0.202411081344/tools/bin/../lib/gcc/arm-none-eabi/13.3.1/thumb/v7e-m+fp/hard/crtn.o
 *(.fini)
 .fini          0x0800a4cc        0x4 G:/ST/STM32CubeIDE_1.19.0/STM32CubeIDE/plugins/com.st.stm32cube.ide.mcu.externaltools.gnu-tools-for-stm32.13.3.rel1.win32_1.0.0.202411081344/tools/bin/../lib/gcc/arm-none-eabi/13.3.1/thumb/v7e-m+fp/hard/crti.o
                0x0800a4cc                _fini
 .fini          0x0800a4d0        0x8 G:/ST/STM32CubeIDE_1.19.0/STM32CubeIDE/plugins/com.st.stm32cube.ide.mcu.externaltools.gnu-tools-for-stm32.13.3.rel1.win32_1.0.0.202411081344/tools/bin/../lib/gcc/arm-none-eabi/13.3.1/thumb/v7e-m+fp/hard/crtn.o
                0x0800a4d8                        . = ALIGN (0x4)
                0x0800a4d8                        _etext = .

.vfp11_veneer   0x0800a4d8        0x0
 .vfp11_veneer  0x0800a4d8        0x0 linker stubs

.v4_bx          0x0800a4d8        0x0
 .v4_bx         0x0800a4d8        0x0 linker stubs

.iplt           0x0800a4d8        0x0
 .iplt          0x0800a4d8        0x0 G:/ST/STM32CubeIDE_1.19.0/STM32CubeIDE/plugins/com.st.stm32cube.ide.mcu.externaltools.gnu-tools-for-stm32.13.3.rel1.win32_1.0.0.202411081344/tools/bin/../lib/gcc/arm-none-eabi/13.3.1/thumb/v7e-m+fp/hard/crtbegin.o

.rodata         0x0800a4d8       0x98
                0x0800a4d8                        . = ALIGN (0x4)
 *(.rodata)
 .rodata        0x0800a4d8       0x45 ./USB_DEVICE/App/usbd_desc.o
 *(.rodata*)
 *fill*         0x0800a51d        0x3 
 .rodata.THRESHOLDS
                0x0800a520        0xc ./Core/Src/sensor_detection.o
                0x0800a520                THRESHOLDS
 .rodata.keycode_map
                0x0800a52c       0x24 ./Core/Src/sensor_detection.o
 .rodata.tof_keycodes
                0x0800a550        0x6 ./Core/Src/sensor_detection.o
 *fill*         0x0800a556        0x2 
 .rodata.AHBPrescTable
                0x0800a558       0x10 ./Core/Src/system_stm32f4xx.o
                0x0800a558                AHBPrescTable
 .rodata.APBPrescTable
                0x0800a568        0x8 ./Core/Src/system_stm32f4xx.o
                0x0800a568                APBPrescTable
                0x0800a570                        . = ALIGN (0x4)

.ARM.extab      0x0800a570        0x0
                0x0800a570                        . = ALIGN (0x4)
 *(.ARM.extab* .gnu.linkonce.armextab.*)
                0x0800a570                        . = ALIGN (0x4)

.ARM            0x0800a570        0x8
                0x0800a570                        . = ALIGN (0x4)
                0x0800a570                        __exidx_start = .
 *(.ARM.exidx*)
 .ARM.exidx     0x0800a570        0x8 G:/ST/STM32CubeIDE_1.19.0/STM32CubeIDE/plugins/com.st.stm32cube.ide.mcu.externaltools.gnu-tools-for-stm32.13.3.rel1.win32_1.0.0.202411081344/tools/bin/../lib/gcc/arm-none-eabi/13.3.1/thumb/v7e-m+fp/hard\libgcc.a(_udivmoddi4.o)
                0x0800a578                        __exidx_end = .
                0x0800a578                        . = ALIGN (0x4)

.preinit_array  0x0800a578        0x0
                0x0800a578                        . = ALIGN (0x4)
                0x0800a578                        PROVIDE (__preinit_array_start = .)
 *(.preinit_array*)
                0x0800a578                        PROVIDE (__preinit_array_end = .)
                0x0800a578                        . = ALIGN (0x4)

.init_array     0x0800a578        0x4
                0x0800a578                        . = ALIGN (0x4)
                0x0800a578                        PROVIDE (__init_array_start = .)
 *(SORT_BY_NAME(.init_array.*))
 *(.init_array*)
 .init_array    0x0800a578        0x4 G:/ST/STM32CubeIDE_1.19.0/STM32CubeIDE/plugins/com.st.stm32cube.ide.mcu.externaltools.gnu-tools-for-stm32.13.3.rel1.win32_1.0.0.202411081344/tools/bin/../lib/gcc/arm-none-eabi/13.3.1/thumb/v7e-m+fp/hard/crtbegin.o
                0x0800a57c                        PROVIDE (__init_array_end = .)
                0x0800a57c                        . = ALIGN (0x4)

.fini_array     0x0800a57c        0x4
                0x0800a57c                        . = ALIGN (0x4)
                [!provide]                        PROVIDE (__fini_array_start = .)
 *(SORT_BY_NAME(.fini_array.*))
 *(.fini_array*)
 .fini_array    0x0800a57c        0x4 G:/ST/STM32CubeIDE_1.19.0/STM32CubeIDE/plugins/com.st.stm32cube.ide.mcu.externaltools.gnu-tools-for-stm32.13.3.rel1.win32_1.0.0.202411081344/tools/bin/../lib/gcc/arm-none-eabi/13.3.1/thumb/v7e-m+fp/hard/crtbegin.o
                [!provide]                        PROVIDE (__fini_array_end = .)
                0x0800a580                        . = ALIGN (0x4)
                0x0800a580                        _sidata = LOADADDR (.data)

.rel.dyn        0x0800a580        0x0
 .rel.iplt      0x0800a580        0x0 G:/ST/STM32CubeIDE_1.19.0/STM32CubeIDE/plugins/com.st.stm32cube.ide.mcu.externaltools.gnu-tools-for-stm32.13.3.rel1.win32_1.0.0.202411081344/tools/bin/../lib/gcc/arm-none-eabi/13.3.1/thumb/v7e-m+fp/hard/crtbegin.o

.data           0x20000000      0x13c load address 0x0800a580
                0x20000000                        . = ALIGN (0x4)
                0x20000000                        _sdata = .
 *(.data)
 *(.data*)
 .data.SystemCoreClock
                0x20000000        0x4 ./Core/Src/system_stm32f4xx.o
                0x20000000                SystemCoreClock
 .data.address  0x20000004        0x1 ./Core/Src/vl53l0x_stm32.o
                0x20000004                address
 *fill*         0x20000005        0x1 
 .data.io_timeout
                0x20000006        0x2 ./Core/Src/vl53l0x_stm32.o
                0x20000006                io_timeout
 .data.uwTickPrio
                0x20000008        0x4 ./Drivers/STM32F4xx_HAL_Driver/Src/stm32f4xx_hal.o
                0x20000008                uwTickPrio
 .data.uwTickFreq
                0x2000000c        0x1 ./Drivers/STM32F4xx_HAL_Driver/Src/stm32f4xx_hal.o
                0x2000000c                uwTickFreq
 *fill*         0x2000000d        0x3 
 .data.USBD_CUSTOM_HID
                0x20000010       0x38 ./Middlewares/ST/STM32_USB_Device_Library/Class/CustomHID/Src/usbd_customhid.o
                0x20000010                USBD_CUSTOM_HID
 .data.USBD_CUSTOM_HID_CfgDesc
                0x20000048       0x29 ./Middlewares/ST/STM32_USB_Device_Library/Class/CustomHID/Src/usbd_customhid.o
 *fill*         0x20000071        0x3 
 .data.USBD_CUSTOM_HID_Desc
                0x20000074        0x9 ./Middlewares/ST/STM32_USB_Device_Library/Class/CustomHID/Src/usbd_customhid.o
 *fill*         0x2000007d        0x3 
 .data.USBD_CUSTOM_HID_DeviceQualifierDesc
                0x20000080        0xa ./Middlewares/ST/STM32_USB_Device_Library/Class/CustomHID/Src/usbd_customhid.o
 .data.CUSTOMHIDInEpAdd
                0x2000008a        0x1 ./Middlewares/ST/STM32_USB_Device_Library/Class/CustomHID/Src/usbd_customhid.o
 .data.CUSTOMHIDOutEpAdd
                0x2000008b        0x1 ./Middlewares/ST/STM32_USB_Device_Library/Class/CustomHID/Src/usbd_customhid.o
 .data.CUSTOM_HID_ReportDesc_FS
                0x2000008c       0x4f ./USB_DEVICE/App/usbd_custom_hid_if.o
 *fill*         0x200000db        0x1 
 .data.USBD_CustomHID_fops_FS
                0x200000dc       0x10 ./USB_DEVICE/App/usbd_custom_hid_if.o
                0x200000dc                USBD_CustomHID_fops_FS
 .data.FS_Desc  0x200000ec       0x1c ./USB_DEVICE/App/usbd_desc.o
                0x200000ec                FS_Desc
 .data.USBD_FS_DeviceDesc
                0x20000108       0x12 ./USB_DEVICE/App/usbd_desc.o
                0x20000108                USBD_FS_DeviceDesc
 *fill*         0x2000011a        0x2 
 .data.USBD_LangIDDesc
                0x2000011c        0x4 ./USB_DEVICE/App/usbd_desc.o
                0x2000011c                USBD_LangIDDesc
 .data.USBD_StringSerial
                0x20000120       0x1a ./USB_DEVICE/App/usbd_desc.o
                0x20000120                USBD_StringSerial
 *(.RamFunc)
 *(.RamFunc*)
                0x2000013c                        . = ALIGN (0x4)
 *fill*         0x2000013a        0x2 
                0x2000013c                        _edata = .

.igot.plt       0x2000013c        0x0 load address 0x0800a6bc
 .igot.plt      0x2000013c        0x0 G:/ST/STM32CubeIDE_1.19.0/STM32CubeIDE/plugins/com.st.stm32cube.ide.mcu.externaltools.gnu-tools-for-stm32.13.3.rel1.win32_1.0.0.202411081344/tools/bin/../lib/gcc/arm-none-eabi/13.3.1/thumb/v7e-m+fp/hard/crtbegin.o
                0x2000013c                        . = ALIGN (0x4)

.bss            0x20000140     0x130c load address 0x0800a6bc
                0x20000140                        _sbss = .
                0x20000140                        __bss_start__ = _sbss
 *(.bss)
 .bss           0x20000140       0x1c G:/ST/STM32CubeIDE_1.19.0/STM32CubeIDE/plugins/com.st.stm32cube.ide.mcu.externaltools.gnu-tools-for-stm32.13.3.rel1.win32_1.0.0.202411081344/tools/bin/../lib/gcc/arm-none-eabi/13.3.1/thumb/v7e-m+fp/hard/crtbegin.o
 *(.bss*)
 .bss.hi2c1     0x2000015c       0x54 ./Core/Src/main.o
                0x2000015c                hi2c1
 .bss.hi2c2     0x200001b0       0x54 ./Core/Src/main.o
                0x200001b0                hi2c2
 .bss.lastToFKeys
                0x20000204        0x2 ./Core/Src/sensor_detection.o
 *fill*         0x20000206        0x2 
 .bss.lastTouched
                0x20000208        0x8 ./Core/Src/sensor_detection.o
 .bss.nkro_report
                0x20000210        0xf ./Core/Src/sensor_detection.o
 *fill*         0x2000021f        0x1 
 .bss.key_states
                0x20000220      0x800 ./Core/Src/sensor_detection.o
 .bss.last_report_time
                0x20000a20        0x4 ./Core/Src/sensor_detection.o
 .bss.tof_sm    0x20000a24        0x8 ./Core/Src/sensor_detection.o
 .bss.cap1      0x20000a2c        0x8 ./Core/Src/sensor_detection.o
                0x20000a2c                cap1
 .bss.cap2      0x20000a34        0x8 ./Core/Src/sensor_detection.o
                0x20000a34                cap2
 .bss.cap3      0x20000a3c        0x8 ./Core/Src/sensor_detection.o
                0x20000a3c                cap3
 .bss.tca9548   0x20000a44        0x8 ./Core/Src/sensor_detection.o
                0x20000a44                tca9548
 .bss.lastTofTime.0
                0x20000a4c        0x4 ./Core/Src/sensor_detection.o
 .bss.did_timeout
                0x20000a50        0x1 ./Core/Src/vl53l0x_stm32.o
                0x20000a50                did_timeout
 *fill*         0x20000a51        0x1 
 .bss.timeout_start_ms
                0x20000a52        0x2 ./Core/Src/vl53l0x_stm32.o
                0x20000a52                timeout_start_ms
 .bss.stop_variable
                0x20000a54        0x1 ./Core/Src/vl53l0x_stm32.o
                0x20000a54                stop_variable
 *fill*         0x20000a55        0x3 
 .bss.measurement_timing_budget_us
                0x20000a58        0x4 ./Core/Src/vl53l0x_stm32.o
                0x20000a58                measurement_timing_budget_us
 .bss.uwTick    0x20000a5c        0x4 ./Drivers/STM32F4xx_HAL_Driver/Src/stm32f4xx_hal.o
                0x20000a5c                uwTick
 .bss.cfgidx.0  0x20000a60        0x1 ./Middlewares/ST/STM32_USB_Device_Library/Core/Src/usbd_ctlreq.o
 *fill*         0x20000a61        0x3 
 .bss.hUsbDeviceFS
                0x20000a64      0x2dc ./USB_DEVICE/App/usb_device.o
                0x20000a64                hUsbDeviceFS
 .bss.USBD_StrDesc
                0x20000d40      0x200 ./USB_DEVICE/App/usbd_desc.o
                0x20000d40                USBD_StrDesc
 .bss.hpcd_USB_OTG_FS
                0x20000f40      0x4e4 ./USB_DEVICE/Target/usbd_conf.o
                0x20000f40                hpcd_USB_OTG_FS
 .bss.mem.0     0x20001424       0x28 ./USB_DEVICE/Target/usbd_conf.o
 *(COMMON)
                0x2000144c                        . = ALIGN (0x4)
                0x2000144c                        _ebss = .
                0x2000144c                        __bss_end__ = _ebss

._user_heap_stack
                0x2000144c      0x604 load address 0x0800a6bc
                0x20001450                        . = ALIGN (0x8)
 *fill*         0x2000144c        0x4 
                [!provide]                        PROVIDE (end = .)
                0x20001450                        PROVIDE (_end = .)
                0x20001650                        . = (. + _Min_Heap_Size)
 *fill*         0x20001450      0x200 
                0x20001a50                        . = (. + _Min_Stack_Size)
 *fill*         0x20001650      0x400 
                0x20001a50                        . = ALIGN (0x8)

/DISCARD/
 libc.a(*)
 libm.a(*)
 libgcc.a(*)

.ARM.attributes
                0x00000000       0x30
 *(.ARM.attributes)
 .ARM.attributes
                0x00000000       0x22 G:/ST/STM32CubeIDE_1.19.0/STM32CubeIDE/plugins/com.st.stm32cube.ide.mcu.externaltools.gnu-tools-for-stm32.13.3.rel1.win32_1.0.0.202411081344/tools/bin/../lib/gcc/arm-none-eabi/13.3.1/thumb/v7e-m+fp/hard/crti.o
 .ARM.attributes
                0x00000022       0x34 G:/ST/STM32CubeIDE_1.19.0/STM32CubeIDE/plugins/com.st.stm32cube.ide.mcu.externaltools.gnu-tools-for-stm32.13.3.rel1.win32_1.0.0.202411081344/tools/bin/../lib/gcc/arm-none-eabi/13.3.1/thumb/v7e-m+fp/hard/crtbegin.o
 .ARM.attributes
                0x00000056       0x34 ./Core/Src/main.o
 .ARM.attributes
                0x0000008a       0x34 ./Core/Src/mpr121.o
 .ARM.attributes
                0x000000be       0x34 ./Core/Src/sensor_detection.o
 .ARM.attributes
                0x000000f2       0x34 ./Core/Src/stm32f4xx_hal_msp.o
 .ARM.attributes
                0x00000126       0x34 ./Core/Src/stm32f4xx_it.o
 .ARM.attributes
                0x0000015a       0x34 ./Core/Src/system_stm32f4xx.o
 .ARM.attributes
                0x0000018e       0x34 ./Core/Src/tca9548.o
 .ARM.attributes
                0x000001c2       0x34 ./Core/Src/vl53l0x_stm32.o
 .ARM.attributes
                0x000001f6       0x21 ./Core/Startup/startup_stm32f411ceux.o
 .ARM.attributes
                0x00000217       0x34 ./Drivers/STM32F4xx_HAL_Driver/Src/stm32f4xx_hal.o
 .ARM.attributes
                0x0000024b       0x34 ./Drivers/STM32F4xx_HAL_Driver/Src/stm32f4xx_hal_cortex.o
 .ARM.attributes
                0x0000027f       0x34 ./Drivers/STM32F4xx_HAL_Driver/Src/stm32f4xx_hal_gpio.o
 .ARM.attributes
                0x000002b3       0x34 ./Drivers/STM32F4xx_HAL_Driver/Src/stm32f4xx_hal_i2c.o
 .ARM.attributes
                0x000002e7       0x34 ./Drivers/STM32F4xx_HAL_Driver/Src/stm32f4xx_hal_pcd.o
 .ARM.attributes
                0x0000031b       0x34 ./Drivers/STM32F4xx_HAL_Driver/Src/stm32f4xx_hal_pcd_ex.o
 .ARM.attributes
                0x0000034f       0x34 ./Drivers/STM32F4xx_HAL_Driver/Src/stm32f4xx_hal_rcc.o
 .ARM.attributes
                0x00000383       0x34 ./Drivers/STM32F4xx_HAL_Driver/Src/stm32f4xx_ll_usb.o
 .ARM.attributes
                0x000003b7       0x34 ./Middlewares/ST/STM32_USB_Device_Library/Class/CustomHID/Src/usbd_customhid.o
 .ARM.attributes
                0x000003eb       0x34 ./Middlewares/ST/STM32_USB_Device_Library/Core/Src/usbd_core.o
 .ARM.attributes
                0x0000041f       0x34 ./Middlewares/ST/STM32_USB_Device_Library/Core/Src/usbd_ctlreq.o
 .ARM.attributes
                0x00000453       0x34 ./Middlewares/ST/STM32_USB_Device_Library/Core/Src/usbd_ioreq.o
 .ARM.attributes
                0x00000487       0x34 ./USB_DEVICE/App/usb_device.o
 .ARM.attributes
                0x000004bb       0x34 ./USB_DEVICE/App/usbd_custom_hid_if.o
 .ARM.attributes
                0x000004ef       0x34 ./USB_DEVICE/App/usbd_desc.o
 .ARM.attributes
                0x00000523       0x34 ./USB_DEVICE/Target/usbd_conf.o
 .ARM.attributes
                0x00000557       0x34 G:/ST/STM32CubeIDE_1.19.0/STM32CubeIDE/plugins/com.st.stm32cube.ide.mcu.externaltools.gnu-tools-for-stm32.13.3.rel1.win32_1.0.0.202411081344/tools/bin/../lib/gcc/arm-none-eabi/13.3.1/../../../../arm-none-eabi/lib/thumb/v7e-m+fp/hard\libc_nano.a(libc_a-memset.o)
 .ARM.attributes
                0x0000058b       0x34 G:/ST/STM32CubeIDE_1.19.0/STM32CubeIDE/plugins/com.st.stm32cube.ide.mcu.externaltools.gnu-tools-for-stm32.13.3.rel1.win32_1.0.0.202411081344/tools/bin/../lib/gcc/arm-none-eabi/13.3.1/../../../../arm-none-eabi/lib/thumb/v7e-m+fp/hard\libc_nano.a(libc_a-init.o)
 .ARM.attributes
                0x000005bf       0x22 G:/ST/STM32CubeIDE_1.19.0/STM32CubeIDE/plugins/com.st.stm32cube.ide.mcu.externaltools.gnu-tools-for-stm32.13.3.rel1.win32_1.0.0.202411081344/tools/bin/../lib/gcc/arm-none-eabi/13.3.1/thumb/v7e-m+fp/hard\libgcc.a(_arm_addsubdf3.o)
 .ARM.attributes
                0x000005e1       0x22 G:/ST/STM32CubeIDE_1.19.0/STM32CubeIDE/plugins/com.st.stm32cube.ide.mcu.externaltools.gnu-tools-for-stm32.13.3.rel1.win32_1.0.0.202411081344/tools/bin/../lib/gcc/arm-none-eabi/13.3.1/thumb/v7e-m+fp/hard\libgcc.a(_arm_cmpdf2.o)
 .ARM.attributes
                0x00000603       0x22 G:/ST/STM32CubeIDE_1.19.0/STM32CubeIDE/plugins/com.st.stm32cube.ide.mcu.externaltools.gnu-tools-for-stm32.13.3.rel1.win32_1.0.0.202411081344/tools/bin/../lib/gcc/arm-none-eabi/13.3.1/thumb/v7e-m+fp/hard\libgcc.a(_aeabi_uldivmod.o)
 .ARM.attributes
                0x00000625       0x34 G:/ST/STM32CubeIDE_1.19.0/STM32CubeIDE/plugins/com.st.stm32cube.ide.mcu.externaltools.gnu-tools-for-stm32.13.3.rel1.win32_1.0.0.202411081344/tools/bin/../lib/gcc/arm-none-eabi/13.3.1/thumb/v7e-m+fp/hard\libgcc.a(_udivmoddi4.o)
 .ARM.attributes
                0x00000659       0x22 G:/ST/STM32CubeIDE_1.19.0/STM32CubeIDE/plugins/com.st.stm32cube.ide.mcu.externaltools.gnu-tools-for-stm32.13.3.rel1.win32_1.0.0.202411081344/tools/bin/../lib/gcc/arm-none-eabi/13.3.1/thumb/v7e-m+fp/hard\libgcc.a(_dvmd_tls.o)
 .ARM.attributes
                0x0000067b       0x22 G:/ST/STM32CubeIDE_1.19.0/STM32CubeIDE/plugins/com.st.stm32cube.ide.mcu.externaltools.gnu-tools-for-stm32.13.3.rel1.win32_1.0.0.202411081344/tools/bin/../lib/gcc/arm-none-eabi/13.3.1/thumb/v7e-m+fp/hard/crtn.o
OUTPUT(chuni_st.elf elf32-littlearm)
LOAD linker stubs
LOAD G:/ST/STM32CubeIDE_1.19.0/STM32CubeIDE/plugins/com.st.stm32cube.ide.mcu.externaltools.gnu-tools-for-stm32.13.3.rel1.win32_1.0.0.202411081344/tools/bin/../lib/gcc/arm-none-eabi/13.3.1/../../../../arm-none-eabi/lib/thumb/v7e-m+fp/hard\libc.a
LOAD G:/ST/STM32CubeIDE_1.19.0/STM32CubeIDE/plugins/com.st.stm32cube.ide.mcu.externaltools.gnu-tools-for-stm32.13.3.rel1.win32_1.0.0.202411081344/tools/bin/../lib/gcc/arm-none-eabi/13.3.1/../../../../arm-none-eabi/lib/thumb/v7e-m+fp/hard\libm.a
LOAD G:/ST/STM32CubeIDE_1.19.0/STM32CubeIDE/plugins/com.st.stm32cube.ide.mcu.externaltools.gnu-tools-for-stm32.13.3.rel1.win32_1.0.0.202411081344/tools/bin/../lib/gcc/arm-none-eabi/13.3.1/thumb/v7e-m+fp/hard\libgcc.a

.debug_info     0x00000000    0x134ad
 .debug_info    0x00000000      0xde9 ./Core/Src/main.o
 .debug_info    0x00000de9      0x973 ./Core/Src/mpr121.o
 .debug_info    0x0000175c     0x1279 ./Core/Src/sensor_detection.o
 .debug_info    0x000029d5      0x9a9 ./Core/Src/stm32f4xx_hal_msp.o
 .debug_info    0x0000337e      0x627 ./Core/Src/stm32f4xx_it.o
 .debug_info    0x000039a5      0x53e ./Core/Src/system_stm32f4xx.o
 .debug_info    0x00003ee3      0x87c ./Core/Src/tca9548.o
 .debug_info    0x0000475f     0x1289 ./Core/Src/vl53l0x_stm32.o
 .debug_info    0x000059e8       0x30 ./Core/Startup/startup_stm32f411ceux.o
 .debug_info    0x00005a18      0x8c4 ./Drivers/STM32F4xx_HAL_Driver/Src/stm32f4xx_hal.o
 .debug_info    0x000062dc      0xcfc ./Drivers/STM32F4xx_HAL_Driver/Src/stm32f4xx_hal_cortex.o
 .debug_info    0x00006fd8      0x6f9 ./Drivers/STM32F4xx_HAL_Driver/Src/stm32f4xx_hal_gpio.o
 .debug_info    0x000076d1     0x2426 ./Drivers/STM32F4xx_HAL_Driver/Src/stm32f4xx_hal_i2c.o
 .debug_info    0x00009af7     0x1577 ./Drivers/STM32F4xx_HAL_Driver/Src/stm32f4xx_hal_pcd.o
 .debug_info    0x0000b06e      0x6ea ./Drivers/STM32F4xx_HAL_Driver/Src/stm32f4xx_hal_pcd_ex.o
 .debug_info    0x0000b758      0x904 ./Drivers/STM32F4xx_HAL_Driver/Src/stm32f4xx_hal_rcc.o
 .debug_info    0x0000c05c     0x1993 ./Drivers/STM32F4xx_HAL_Driver/Src/stm32f4xx_ll_usb.o
 .debug_info    0x0000d9ef      0xc60 ./Middlewares/ST/STM32_USB_Device_Library/Class/CustomHID/Src/usbd_customhid.o
 .debug_info    0x0000e64f      0xe12 ./Middlewares/ST/STM32_USB_Device_Library/Core/Src/usbd_core.o
 .debug_info    0x0000f461      0xaeb ./Middlewares/ST/STM32_USB_Device_Library/Core/Src/usbd_ctlreq.o
 .debug_info    0x0000ff4c      0x762 ./Middlewares/ST/STM32_USB_Device_Library/Core/Src/usbd_ioreq.o
 .debug_info    0x000106ae      0x6d1 ./USB_DEVICE/App/usb_device.o
 .debug_info    0x00010d7f      0x6c3 ./USB_DEVICE/App/usbd_custom_hid_if.o
 .debug_info    0x00011442      0x458 ./USB_DEVICE/App/usbd_desc.o
 .debug_info    0x0001189a     0x1c13 ./USB_DEVICE/Target/usbd_conf.o

.debug_abbrev   0x00000000     0x3634
 .debug_abbrev  0x00000000      0x2a9 ./Core/Src/main.o
 .debug_abbrev  0x000002a9      0x1ca ./Core/Src/mpr121.o
 .debug_abbrev  0x00000473      0x2d2 ./Core/Src/sensor_detection.o
 .debug_abbrev  0x00000745      0x1a4 ./Core/Src/stm32f4xx_hal_msp.o
 .debug_abbrev  0x000008e9      0x1a4 ./Core/Src/stm32f4xx_it.o
 .debug_abbrev  0x00000a8d      0x11a ./Core/Src/system_stm32f4xx.o
 .debug_abbrev  0x00000ba7      0x16f ./Core/Src/tca9548.o
 .debug_abbrev  0x00000d16      0x341 ./Core/Src/vl53l0x_stm32.o
 .debug_abbrev  0x00001057       0x24 ./Core/Startup/startup_stm32f411ceux.o
 .debug_abbrev  0x0000107b      0x24b ./Drivers/STM32F4xx_HAL_Driver/Src/stm32f4xx_hal.o
 .debug_abbrev  0x000012c6      0x31d ./Drivers/STM32F4xx_HAL_Driver/Src/stm32f4xx_hal_cortex.o
 .debug_abbrev  0x000015e3      0x1d3 ./Drivers/STM32F4xx_HAL_Driver/Src/stm32f4xx_hal_gpio.o
 .debug_abbrev  0x000017b6      0x2bc ./Drivers/STM32F4xx_HAL_Driver/Src/stm32f4xx_hal_i2c.o
 .debug_abbrev  0x00001a72      0x2b6 ./Drivers/STM32F4xx_HAL_Driver/Src/stm32f4xx_hal_pcd.o
 .debug_abbrev  0x00001d28      0x1da ./Drivers/STM32F4xx_HAL_Driver/Src/stm32f4xx_hal_pcd_ex.o
 .debug_abbrev  0x00001f02      0x2b6 ./Drivers/STM32F4xx_HAL_Driver/Src/stm32f4xx_hal_rcc.o
 .debug_abbrev  0x000021b8      0x2b3 ./Drivers/STM32F4xx_HAL_Driver/Src/stm32f4xx_ll_usb.o
 .debug_abbrev  0x0000246b      0x2d0 ./Middlewares/ST/STM32_USB_Device_Library/Class/CustomHID/Src/usbd_customhid.o
 .debug_abbrev  0x0000273b      0x27c ./Middlewares/ST/STM32_USB_Device_Library/Core/Src/usbd_core.o
 .debug_abbrev  0x000029b7      0x26f ./Middlewares/ST/STM32_USB_Device_Library/Core/Src/usbd_ctlreq.o
 .debug_abbrev  0x00002c26      0x19a ./Middlewares/ST/STM32_USB_Device_Library/Core/Src/usbd_ioreq.o
 .debug_abbrev  0x00002dc0      0x194 ./USB_DEVICE/App/usb_device.o
 .debug_abbrev  0x00002f54      0x1c0 ./USB_DEVICE/App/usbd_custom_hid_if.o
 .debug_abbrev  0x00003114      0x1e1 ./USB_DEVICE/App/usbd_desc.o
 .debug_abbrev  0x000032f5      0x33f ./USB_DEVICE/Target/usbd_conf.o

.debug_aranges  0x00000000     0x1018
 .debug_aranges
                0x00000000       0x48 ./Core/Src/main.o
 .debug_aranges
                0x00000048       0x48 ./Core/Src/mpr121.o
 .debug_aranges
                0x00000090       0x60 ./Core/Src/sensor_detection.o
 .debug_aranges
                0x000000f0       0x30 ./Core/Src/stm32f4xx_hal_msp.o
 .debug_aranges
                0x00000120       0x68 ./Core/Src/stm32f4xx_it.o
 .debug_aranges
                0x00000188       0x28 ./Core/Src/system_stm32f4xx.o
 .debug_aranges
                0x000001b0       0x60 ./Core/Src/tca9548.o
 .debug_aranges
                0x00000210      0x120 ./Core/Src/vl53l0x_stm32.o
 .debug_aranges
                0x00000330       0x28 ./Core/Startup/startup_stm32f411ceux.o
 .debug_aranges
                0x00000358       0xf0 ./Drivers/STM32F4xx_HAL_Driver/Src/stm32f4xx_hal.o
 .debug_aranges
                0x00000448      0x130 ./Drivers/STM32F4xx_HAL_Driver/Src/stm32f4xx_hal_cortex.o
 .debug_aranges
                0x00000578       0x58 ./Drivers/STM32F4xx_HAL_Driver/Src/stm32f4xx_hal_gpio.o
 .debug_aranges
                0x000005d0      0x2a8 ./Drivers/STM32F4xx_HAL_Driver/Src/stm32f4xx_hal_i2c.o
 .debug_aranges
                0x00000878      0x148 ./Drivers/STM32F4xx_HAL_Driver/Src/stm32f4xx_hal_pcd.o
 .debug_aranges
                0x000009c0       0x38 ./Drivers/STM32F4xx_HAL_Driver/Src/stm32f4xx_hal_pcd_ex.o
 .debug_aranges
                0x000009f8       0x88 ./Drivers/STM32F4xx_HAL_Driver/Src/stm32f4xx_hal_rcc.o
 .debug_aranges
                0x00000a80      0x1a0 ./Drivers/STM32F4xx_HAL_Driver/Src/stm32f4xx_ll_usb.o
 .debug_aranges
                0x00000c20       0x80 ./Middlewares/ST/STM32_USB_Device_Library/Class/CustomHID/Src/usbd_customhid.o
 .debug_aranges
                0x00000ca0       0xd8 ./Middlewares/ST/STM32_USB_Device_Library/Core/Src/usbd_core.o
 .debug_aranges
                0x00000d78       0x90 ./Middlewares/ST/STM32_USB_Device_Library/Core/Src/usbd_ctlreq.o
 .debug_aranges
                0x00000e08       0x50 ./Middlewares/ST/STM32_USB_Device_Library/Core/Src/usbd_ioreq.o
 .debug_aranges
                0x00000e58       0x20 ./USB_DEVICE/App/usb_device.o
 .debug_aranges
                0x00000e78       0x30 ./USB_DEVICE/App/usbd_custom_hid_if.o
 .debug_aranges
                0x00000ea8       0x60 ./USB_DEVICE/App/usbd_desc.o
 .debug_aranges
                0x00000f08      0x110 ./USB_DEVICE/Target/usbd_conf.o

.debug_rnglists
                0x00000000      0xc32
 .debug_rnglists
                0x00000000       0x34 ./Core/Src/main.o
 .debug_rnglists
                0x00000034       0x32 ./Core/Src/mpr121.o
 .debug_rnglists
                0x00000066       0x56 ./Core/Src/sensor_detection.o
 .debug_rnglists
                0x000000bc       0x20 ./Core/Src/stm32f4xx_hal_msp.o
 .debug_rnglists
                0x000000dc       0x49 ./Core/Src/stm32f4xx_it.o
 .debug_rnglists
                0x00000125       0x1a ./Core/Src/system_stm32f4xx.o
 .debug_rnglists
                0x0000013f       0x43 ./Core/Src/tca9548.o
 .debug_rnglists
                0x00000182       0xde ./Core/Src/vl53l0x_stm32.o
 .debug_rnglists
                0x00000260       0x19 ./Core/Startup/startup_stm32f411ceux.o
 .debug_rnglists
                0x00000279       0xaf ./Drivers/STM32F4xx_HAL_Driver/Src/stm32f4xx_hal.o
 .debug_rnglists
                0x00000328       0xe0 ./Drivers/STM32F4xx_HAL_Driver/Src/stm32f4xx_hal_cortex.o
 .debug_rnglists
                0x00000408       0x3f ./Drivers/STM32F4xx_HAL_Driver/Src/stm32f4xx_hal_gpio.o
 .debug_rnglists
                0x00000447      0x23c ./Drivers/STM32F4xx_HAL_Driver/Src/stm32f4xx_hal_i2c.o
 .debug_rnglists
                0x00000683       0xfa ./Drivers/STM32F4xx_HAL_Driver/Src/stm32f4xx_hal_pcd.o
 .debug_rnglists
                0x0000077d       0x26 ./Drivers/STM32F4xx_HAL_Driver/Src/stm32f4xx_hal_pcd_ex.o
 .debug_rnglists
                0x000007a3       0x66 ./Drivers/STM32F4xx_HAL_Driver/Src/stm32f4xx_hal_rcc.o
 .debug_rnglists
                0x00000809      0x147 ./Drivers/STM32F4xx_HAL_Driver/Src/stm32f4xx_ll_usb.o
 .debug_rnglists
                0x00000950       0x5e ./Middlewares/ST/STM32_USB_Device_Library/Class/CustomHID/Src/usbd_customhid.o
 .debug_rnglists
                0x000009ae       0xa1 ./Middlewares/ST/STM32_USB_Device_Library/Core/Src/usbd_core.o
 .debug_rnglists
                0x00000a4f       0x6e ./Middlewares/ST/STM32_USB_Device_Library/Core/Src/usbd_ctlreq.o
 .debug_rnglists
                0x00000abd       0x37 ./Middlewares/ST/STM32_USB_Device_Library/Core/Src/usbd_ioreq.o
 .debug_rnglists
                0x00000af4       0x13 ./USB_DEVICE/App/usb_device.o
 .debug_rnglists
                0x00000b07       0x1f ./USB_DEVICE/App/usbd_custom_hid_if.o
 .debug_rnglists
                0x00000b26       0x43 ./USB_DEVICE/App/usbd_desc.o
 .debug_rnglists
                0x00000b69       0xc9 ./USB_DEVICE/Target/usbd_conf.o

.debug_macro    0x00000000    0x18d69
 .debug_macro   0x00000000      0x3d4 ./Core/Src/main.o
 .debug_macro   0x000003d4      0xad8 ./Core/Src/main.o
 .debug_macro   0x00000eac      0x29b ./Core/Src/main.o
 .debug_macro   0x00001147       0x2e ./Core/Src/main.o
 .debug_macro   0x00001175       0x28 ./Core/Src/main.o
 .debug_macro   0x0000119d       0x22 ./Core/Src/main.o
 .debug_macro   0x000011bf       0x8e ./Core/Src/main.o
 .debug_macro   0x0000124d       0x51 ./Core/Src/main.o
 .debug_macro   0x0000129e      0x103 ./Core/Src/main.o
 .debug_macro   0x000013a1       0x6a ./Core/Src/main.o
 .debug_macro   0x0000140b      0x1df ./Core/Src/main.o
 .debug_macro   0x000015ea       0x1c ./Core/Src/main.o
 .debug_macro   0x00001606       0x22 ./Core/Src/main.o
 .debug_macro   0x00001628       0xfb ./Core/Src/main.o
 .debug_macro   0x00001723     0x1011 ./Core/Src/main.o
 .debug_macro   0x00002734      0x11f ./Core/Src/main.o
 .debug_macro   0x00002853     0xb968 ./Core/Src/main.o
 .debug_macro   0x0000e1bb       0x6d ./Core/Src/main.o
 .debug_macro   0x0000e228     0x3693 ./Core/Src/main.o
 .debug_macro   0x000118bb      0x190 ./Core/Src/main.o
 .debug_macro   0x00011a4b       0x5c ./Core/Src/main.o
 .debug_macro   0x00011aa7      0x45c ./Core/Src/main.o
 .debug_macro   0x00011f03      0x9e9 ./Core/Src/main.o
 .debug_macro   0x000128ec      0x115 ./Core/Src/main.o
 .debug_macro   0x00012a01      0x11b ./Core/Src/main.o
 .debug_macro   0x00012b1c       0xa5 ./Core/Src/main.o
 .debug_macro   0x00012bc1      0x15f ./Core/Src/main.o
 .debug_macro   0x00012d20      0x287 ./Core/Src/main.o
 .debug_macro   0x00012fa7       0x5f ./Core/Src/main.o
 .debug_macro   0x00013006      0x236 ./Core/Src/main.o
 .debug_macro   0x0001323c      0x132 ./Core/Src/main.o
 .debug_macro   0x0001336e      0x264 ./Core/Src/main.o
 .debug_macro   0x000135d2       0x2e ./Core/Src/main.o
 .debug_macro   0x00013600      0x1b5 ./Core/Src/main.o
 .debug_macro   0x000137b5       0x22 ./Core/Src/main.o
 .debug_macro   0x000137d7       0xd6 ./Core/Src/main.o
 .debug_macro   0x000138ad      0x127 ./Core/Src/main.o
 .debug_macro   0x000139d4       0x85 ./Core/Src/main.o
 .debug_macro   0x00013a59       0x89 ./Core/Src/main.o
 .debug_macro   0x00013ae2      0x293 ./Core/Src/main.o
 .debug_macro   0x00013d75       0xba ./Core/Src/main.o
 .debug_macro   0x00013e2f      0x126 ./Core/Src/main.o
 .debug_macro   0x00013f55       0x61 ./Core/Src/main.o
 .debug_macro   0x00013fb6       0x2a ./Core/Src/main.o
 .debug_macro   0x00013fe0       0x43 ./Core/Src/main.o
 .debug_macro   0x00014023       0x34 ./Core/Src/main.o
 .debug_macro   0x00014057       0x16 ./Core/Src/main.o
 .debug_macro   0x0001406d       0x3c ./Core/Src/main.o
 .debug_macro   0x000140a9      0x370 ./Core/Src/main.o
 .debug_macro   0x00014419       0x10 ./Core/Src/main.o
 .debug_macro   0x00014429       0x16 ./Core/Src/main.o
 .debug_macro   0x0001443f       0x4a ./Core/Src/main.o
 .debug_macro   0x00014489       0x34 ./Core/Src/main.o
 .debug_macro   0x000144bd       0x10 ./Core/Src/main.o
 .debug_macro   0x000144cd       0x58 ./Core/Src/main.o
 .debug_macro   0x00014525       0x8e ./Core/Src/main.o
 .debug_macro   0x000145b3       0x1c ./Core/Src/main.o
 .debug_macro   0x000145cf      0x185 ./Core/Src/main.o
 .debug_macro   0x00014754       0x16 ./Core/Src/main.o
 .debug_macro   0x0001476a       0x16 ./Core/Src/main.o
 .debug_macro   0x00014780      0x146 ./Core/Src/main.o
 .debug_macro   0x000148c6       0x16 ./Core/Src/main.o
 .debug_macro   0x000148dc       0x16 ./Core/Src/main.o
 .debug_macro   0x000148f2       0x29 ./Core/Src/main.o
 .debug_macro   0x0001491b       0x16 ./Core/Src/main.o
 .debug_macro   0x00014931       0x20 ./Core/Src/main.o
 .debug_macro   0x00014951       0x78 ./Core/Src/main.o
 .debug_macro   0x000149c9      0x20f ./Core/Src/main.o
 .debug_macro   0x00014bd8       0x22 ./Core/Src/main.o
 .debug_macro   0x00014bfa       0x16 ./Core/Src/main.o
 .debug_macro   0x00014c10       0x65 ./Core/Src/main.o
 .debug_macro   0x00014c75      0x205 ./Core/Src/mpr121.o
 .debug_macro   0x00014e7a      0x3ea ./Core/Src/sensor_detection.o
 .debug_macro   0x00015264      0x1f7 ./Core/Src/stm32f4xx_hal_msp.o
 .debug_macro   0x0001545b      0x201 ./Core/Src/stm32f4xx_it.o
 .debug_macro   0x0001565c      0x1ed ./Core/Src/system_stm32f4xx.o
 .debug_macro   0x00015849      0x1f7 ./Core/Src/tca9548.o
 .debug_macro   0x00015a40      0x22e ./Core/Src/vl53l0x_stm32.o
 .debug_macro   0x00015c6e      0x24d ./Drivers/STM32F4xx_HAL_Driver/Src/stm32f4xx_hal.o
 .debug_macro   0x00015ebb      0x1ed ./Drivers/STM32F4xx_HAL_Driver/Src/stm32f4xx_hal_cortex.o
 .debug_macro   0x000160a8      0x1f3 ./Drivers/STM32F4xx_HAL_Driver/Src/stm32f4xx_hal_gpio.o
 .debug_macro   0x0001629b      0x23b ./Drivers/STM32F4xx_HAL_Driver/Src/stm32f4xx_hal_i2c.o
 .debug_macro   0x000164d6      0x1f9 ./Drivers/STM32F4xx_HAL_Driver/Src/stm32f4xx_hal_pcd.o
 .debug_macro   0x000166cf      0x1ed ./Drivers/STM32F4xx_HAL_Driver/Src/stm32f4xx_hal_pcd_ex.o
 .debug_macro   0x000168bc      0x211 ./Drivers/STM32F4xx_HAL_Driver/Src/stm32f4xx_hal_rcc.o
 .debug_macro   0x00016acd      0x1ed ./Drivers/STM32F4xx_HAL_Driver/Src/stm32f4xx_ll_usb.o
 .debug_macro   0x00016cba      0x386 ./Middlewares/ST/STM32_USB_Device_Library/Class/CustomHID/Src/usbd_customhid.o
 .debug_macro   0x00017040       0x9e ./Middlewares/ST/STM32_USB_Device_Library/Class/CustomHID/Src/usbd_customhid.o
 .debug_macro   0x000170de      0x112 ./Middlewares/ST/STM32_USB_Device_Library/Class/CustomHID/Src/usbd_customhid.o
 .debug_macro   0x000171f0       0x56 ./Middlewares/ST/STM32_USB_Device_Library/Class/CustomHID/Src/usbd_customhid.o
 .debug_macro   0x00017246      0x36d ./Middlewares/ST/STM32_USB_Device_Library/Core/Src/usbd_core.o
 .debug_macro   0x000175b3      0x215 ./Middlewares/ST/STM32_USB_Device_Library/Core/Src/usbd_core.o
 .debug_macro   0x000177c8      0x377 ./Middlewares/ST/STM32_USB_Device_Library/Core/Src/usbd_ctlreq.o
 .debug_macro   0x00017b3f      0x373 ./Middlewares/ST/STM32_USB_Device_Library/Core/Src/usbd_ioreq.o
 .debug_macro   0x00017eb2      0x3ad ./USB_DEVICE/App/usb_device.o
 .debug_macro   0x0001825f       0x22 ./USB_DEVICE/App/usb_device.o
 .debug_macro   0x00018281      0x38c ./USB_DEVICE/App/usbd_custom_hid_if.o
 .debug_macro   0x0001860d      0x3b0 ./USB_DEVICE/App/usbd_desc.o
 .debug_macro   0x000189bd       0x1c ./USB_DEVICE/App/usbd_desc.o
 .debug_macro   0x000189d9      0x390 ./USB_DEVICE/Target/usbd_conf.o

.debug_line     0x00000000    0x1627d
 .debug_line    0x00000000      0xc5e ./Core/Src/main.o
 .debug_line    0x00000c5e      0x85e ./Core/Src/mpr121.o
 .debug_line    0x000014bc      0xd82 ./Core/Src/sensor_detection.o
 .debug_line    0x0000223e      0x806 ./Core/Src/stm32f4xx_hal_msp.o
 .debug_line    0x00002a44      0x83c ./Core/Src/stm32f4xx_it.o
 .debug_line    0x00003280      0x7eb ./Core/Src/system_stm32f4xx.o
 .debug_line    0x00003a6b      0x8e1 ./Core/Src/tca9548.o
 .debug_line    0x0000434c     0x106f ./Core/Src/vl53l0x_stm32.o
 .debug_line    0x000053bb       0x7a ./Core/Startup/startup_stm32f411ceux.o
 .debug_line    0x00005435      0xa67 ./Drivers/STM32F4xx_HAL_Driver/Src/stm32f4xx_hal.o
 .debug_line    0x00005e9c      0xd37 ./Drivers/STM32F4xx_HAL_Driver/Src/stm32f4xx_hal_cortex.o
 .debug_line    0x00006bd3      0xb83 ./Drivers/STM32F4xx_HAL_Driver/Src/stm32f4xx_hal_gpio.o
 .debug_line    0x00007756     0x3b14 ./Drivers/STM32F4xx_HAL_Driver/Src/stm32f4xx_hal_i2c.o
 .debug_line    0x0000b26a     0x14b2 ./Drivers/STM32F4xx_HAL_Driver/Src/stm32f4xx_hal_pcd.o
 .debug_line    0x0000c71c      0x830 ./Drivers/STM32F4xx_HAL_Driver/Src/stm32f4xx_hal_pcd_ex.o
 .debug_line    0x0000cf4c      0xe74 ./Drivers/STM32F4xx_HAL_Driver/Src/stm32f4xx_hal_rcc.o
 .debug_line    0x0000ddc0     0x1d3f ./Drivers/STM32F4xx_HAL_Driver/Src/stm32f4xx_ll_usb.o
 .debug_line    0x0000faff      0xe0a ./Middlewares/ST/STM32_USB_Device_Library/Class/CustomHID/Src/usbd_customhid.o
 .debug_line    0x00010909      0xf8c ./Middlewares/ST/STM32_USB_Device_Library/Core/Src/usbd_core.o
 .debug_line    0x00011895     0x114e ./Middlewares/ST/STM32_USB_Device_Library/Core/Src/usbd_ctlreq.o
 .debug_line    0x000129e3      0xa93 ./Middlewares/ST/STM32_USB_Device_Library/Core/Src/usbd_ioreq.o
 .debug_line    0x00013476      0xa6c ./USB_DEVICE/App/usb_device.o
 .debug_line    0x00013ee2      0xa61 ./USB_DEVICE/App/usbd_custom_hid_if.o
 .debug_line    0x00014943      0xb02 ./USB_DEVICE/App/usbd_desc.o
 .debug_line    0x00015445      0xe38 ./USB_DEVICE/Target/usbd_conf.o

.debug_str      0x00000000    0x8afa0
 .debug_str     0x00000000    0x8afa0 ./Core/Src/main.o
                              0x85f07 (size before relaxing)
 .debug_str     0x0008afa0    0x8178f ./Core/Src/mpr121.o
 .debug_str     0x0008afa0    0x862c8 ./Core/Src/sensor_detection.o
 .debug_str     0x0008afa0    0x8156a ./Core/Src/stm32f4xx_hal_msp.o
 .debug_str     0x0008afa0    0x8136e ./Core/Src/stm32f4xx_it.o
 .debug_str     0x0008afa0    0x81077 ./Core/Src/system_stm32f4xx.o
 .debug_str     0x0008afa0    0x81522 ./Core/Src/tca9548.o
 .debug_str     0x0008afa0    0x822ea ./Core/Src/vl53l0x_stm32.o
 .debug_str     0x0008afa0       0x5f ./Core/Startup/startup_stm32f411ceux.o
 .debug_str     0x0008afa0    0x81aa3 ./Drivers/STM32F4xx_HAL_Driver/Src/stm32f4xx_hal.o
 .debug_str     0x0008afa0    0x8180d ./Drivers/STM32F4xx_HAL_Driver/Src/stm32f4xx_hal_cortex.o
 .debug_str     0x0008afa0    0x811f2 ./Drivers/STM32F4xx_HAL_Driver/Src/stm32f4xx_hal_gpio.o
 .debug_str     0x0008afa0    0x82088 ./Drivers/STM32F4xx_HAL_Driver/Src/stm32f4xx_hal_i2c.o
 .debug_str     0x0008afa0    0x81b43 ./Drivers/STM32F4xx_HAL_Driver/Src/stm32f4xx_hal_pcd.o
 .debug_str     0x0008afa0    0x81433 ./Drivers/STM32F4xx_HAL_Driver/Src/stm32f4xx_hal_pcd_ex.o
 .debug_str     0x0008afa0    0x814ab ./Drivers/STM32F4xx_HAL_Driver/Src/stm32f4xx_hal_rcc.o
 .debug_str     0x0008afa0    0x81a1e ./Drivers/STM32F4xx_HAL_Driver/Src/stm32f4xx_ll_usb.o
 .debug_str     0x0008afa0    0x85d09 ./Middlewares/ST/STM32_USB_Device_Library/Class/CustomHID/Src/usbd_customhid.o
 .debug_str     0x0008afa0    0x85aa3 ./Middlewares/ST/STM32_USB_Device_Library/Core/Src/usbd_core.o
 .debug_str     0x0008afa0    0x858ce ./Middlewares/ST/STM32_USB_Device_Library/Core/Src/usbd_ctlreq.o
 .debug_str     0x0008afa0    0x857a3 ./Middlewares/ST/STM32_USB_Device_Library/Core/Src/usbd_ioreq.o
 .debug_str     0x0008afa0    0x85a4b ./USB_DEVICE/App/usb_device.o
 .debug_str     0x0008afa0    0x859b5 ./USB_DEVICE/App/usbd_custom_hid_if.o
 .debug_str     0x0008afa0    0x85699 ./USB_DEVICE/App/usbd_desc.o
 .debug_str     0x0008afa0    0x8675c ./USB_DEVICE/Target/usbd_conf.o

.comment        0x00000000       0x43
 .comment       0x00000000       0x43 ./Core/Src/main.o
                                 0x44 (size before relaxing)
 .comment       0x00000043       0x44 ./Core/Src/mpr121.o
 .comment       0x00000043       0x44 ./Core/Src/sensor_detection.o
 .comment       0x00000043       0x44 ./Core/Src/stm32f4xx_hal_msp.o
 .comment       0x00000043       0x44 ./Core/Src/stm32f4xx_it.o
 .comment       0x00000043       0x44 ./Core/Src/system_stm32f4xx.o
 .comment       0x00000043       0x44 ./Core/Src/tca9548.o
 .comment       0x00000043       0x44 ./Core/Src/vl53l0x_stm32.o
 .comment       0x00000043       0x44 ./Drivers/STM32F4xx_HAL_Driver/Src/stm32f4xx_hal.o
 .comment       0x00000043       0x44 ./Drivers/STM32F4xx_HAL_Driver/Src/stm32f4xx_hal_cortex.o
 .comment       0x00000043       0x44 ./Drivers/STM32F4xx_HAL_Driver/Src/stm32f4xx_hal_gpio.o
 .comment       0x00000043       0x44 ./Drivers/STM32F4xx_HAL_Driver/Src/stm32f4xx_hal_i2c.o
 .comment       0x00000043       0x44 ./Drivers/STM32F4xx_HAL_Driver/Src/stm32f4xx_hal_pcd.o
 .comment       0x00000043       0x44 ./Drivers/STM32F4xx_HAL_Driver/Src/stm32f4xx_hal_pcd_ex.o
 .comment       0x00000043       0x44 ./Drivers/STM32F4xx_HAL_Driver/Src/stm32f4xx_hal_rcc.o
 .comment       0x00000043       0x44 ./Drivers/STM32F4xx_HAL_Driver/Src/stm32f4xx_ll_usb.o
 .comment       0x00000043       0x44 ./Middlewares/ST/STM32_USB_Device_Library/Class/CustomHID/Src/usbd_customhid.o
 .comment       0x00000043       0x44 ./Middlewares/ST/STM32_USB_Device_Library/Core/Src/usbd_core.o
 .comment       0x00000043       0x44 ./Middlewares/ST/STM32_USB_Device_Library/Core/Src/usbd_ctlreq.o
 .comment       0x00000043       0x44 ./Middlewares/ST/STM32_USB_Device_Library/Core/Src/usbd_ioreq.o
 .comment       0x00000043       0x44 ./USB_DEVICE/App/usb_device.o
 .comment       0x00000043       0x44 ./USB_DEVICE/App/usbd_custom_hid_if.o
 .comment       0x00000043       0x44 ./USB_DEVICE/App/usbd_desc.o
 .comment       0x00000043       0x44 ./USB_DEVICE/Target/usbd_conf.o

.debug_frame    0x00000000     0x42e4
 .debug_frame   0x00000000       0xc8 ./Core/Src/main.o
 .debug_frame   0x000000c8       0xe8 ./Core/Src/mpr121.o
 .debug_frame   0x000001b0      0x164 ./Core/Src/sensor_detection.o
 .debug_frame   0x00000314       0x80 ./Core/Src/stm32f4xx_hal_msp.o
 .debug_frame   0x00000394      0x120 ./Core/Src/stm32f4xx_it.o
 .debug_frame   0x000004b4       0x58 ./Core/Src/system_stm32f4xx.o
 .debug_frame   0x0000050c      0x154 ./Core/Src/tca9548.o